01-20 15:58:31.433   481   481 E use-Rlog/RLOG-RIL-MOTEXT: sys_info filter: sending motext util request
01-20 15:58:31.434   352   476 D RILC    : RequestComplete, RIL_SOCKET_1
01-20 15:58:31.434   352   476 E RILC    : Send Response to RIL_SOCKET_1
01-20 15:58:31.435  1422  1546 D RILJ    : [3949]< SCREEN_STATE  [SUB0]
01-20 15:58:31.515   481   481 E use-Rlog/RLOG-RIL-MOTEXT: sys_info filter: sending request result is 0
01-20 15:58:31.516   481   481 E use-Rlog/RLOG-RIL-MOTEXT: sys_info filter: sending response, msgLen 0x1, resp value 0.
01-20 15:58:31.516   481   481 E use-Rlog/RLOG-RIL-MOTEXT: Child process waiting for data
01-20 15:58:31.516   352   483 E use-Rlog/RLOG-RIL-MOTEXT: CallRequestComplete buf size=9
01-20 15:58:31.516   352   483 E use-Rlog/RLOG-RIL-MOTEXT: CallRequestComplete msgId=0x5001e, headerType=1
01-20 15:58:31.516   352   483 E use-Rlog/RLOG-RIL-MOTEXT: handle generic response, motext msg len, 1
01-20 15:58:31.517   352   483 E use-Rlog/RLOG-RIL-MOTEXT: CallRequestComplete generic success,  responseLen=1
01-20 15:58:31.517   352   483 E RILC    : RIL_onRequestComplete: invalid RIL_Token
01-20 15:58:31.517   352   483 E use-Rlog/RLOG-RIL-MOTEXT: Finished processing onRequestComplete
01-20 15:58:31.517   352   483 E use-Rlog/RLOG-RIL-MOTEXT: CommThread Waiting for ril request
01-20 15:58:31.688   272   313 I qdhwcomposer: handle_blank_event: dpy:0 panel power state: 0
01-20 15:58:31.694   272   272 D qdhwcomposer: hwc_setPowerMode: Done setting mode 0 on display 0
01-20 15:58:31.696   807  1012 D SurfaceControl: Excessive delay in setPowerMode(): 276ms
01-20 15:58:31.698   807   807 I power_screen_state: [0,3,0,0]
01-20 15:58:31.698   807   807 I screen_toggled: 0
01-20 15:58:31.700   807   807 I power_screen_broadcast_send: 1
01-20 15:58:31.701   807   851 I DreamManagerService: Entering dreamland.
01-20 15:58:31.701   807   851 I PowerManagerService: Dozing...
01-20 15:58:31.703   807   846 I DreamController: Starting dream: name=ComponentInfo{com.android.systemui/com.android.systemui.doze.DozeService}, isTest=false, canDoze=true, userId=0
01-20 15:58:31.709   807   846 I am_create_service: [0,240234588,.DozeService,10019,1057]
01-20 15:58:31.723   807   824 V ActivityManager: <<< DONE EXECUTING ServiceRecord{e51b05c u0 com.android.systemui/.doze.DozeService}: nesting=2, inDestroying=false, app=ProcessRecord{356ced13 1057:com.android.systemui/u0a19}
01-20 15:58:31.724   807  1238 V ActivityManager: <<< DONE EXECUTING ServiceRecord{e51b05c u0 com.android.systemui/.doze.DozeService}: nesting=1, inDestroying=false, app=ProcessRecord{356ced13 1057:com.android.systemui/u0a19}
01-20 15:58:31.731   807   956 E wifi    : android_net_wifi_getLinkLayerStats: failed to get link statistics
01-20 15:58:31.733   807   956 E WifiStateMachine: cancelDelayedScan -> 4
01-20 15:58:31.741   354  1218 D audio_hw_primary: adev_set_parameters: enter: screen_state=off
01-20 15:58:31.741   354  1218 D mot_vr_audio_hw: adev_set_parameters: screen_state=off
01-20 15:58:31.792  1057  1057 I sysui_heads_up_status: [,0]
01-20 15:58:31.798  1422  1422 D DCT     : [0]onReceive: action=android.intent.action.SCREEN_OFF
01-20 15:58:31.799  1422  1422 D DCT     : [0]stopNetStatPoll
01-20 15:58:31.802  1422  1422 D DCT     : [0]overall state is CONNECTED
01-20 15:58:31.802  1422  1422 D DCT     : [0]startNetStatPoll
01-20 15:58:31.810  1422  1422 D DCT     : [0]getRecoveryAction: 0
01-20 15:58:31.810  1422  1422 D DCT     : [0]restartDataStallAlarm: stop then start.
01-20 15:58:31.810  1422  1422 D DCT     : [0]stopDataStallAlarm: current tag=21470 mDataStallAlarmIntent=null
01-20 15:58:31.810  1422  1422 D DCT     : [0]getRecoveryAction: 0
01-20 15:58:31.810  1422  1422 D DCT     : [0]overall state is CONNECTED
01-20 15:58:31.811  1422  1422 D DCT     : [0]startDataStallAlarm: tag=21472 delay=360s
01-20 15:58:31.817   807   807 I power_screen_broadcast_done: [0,117,1]
01-20 15:58:32.397   807   926 I PowerManagerService: Waking up from dozing (uid 1000)...
01-20 15:58:32.398   807   807 I power_screen_state: [1,0,0,0]
01-20 15:58:32.398   807   807 I screen_toggled: 1
01-20 15:58:32.398   807   807 V KeyguardServiceDelegate: onScreenTurnedOn(showListener = com.android.internal.policy.impl.PhoneWindowManager$2@3d11253d)
01-20 15:58:32.398   807   807 I power_screen_broadcast_send: 1
01-20 15:58:32.402   807   956 E WifiStateMachine: cancelDelayedScan -> 5
01-20 15:58:32.404   807  1431 V KeyguardServiceDelegate: **** SHOWN CALLED ****
01-20 15:58:32.406   807   851 I DisplayPowerController: Blocking screen on until initial contents have been drawn.
01-20 15:58:32.411   354   979 D audio_hw_primary: adev_set_parameters: enter: screen_state=on
01-20 15:58:32.411   354   979 D mot_vr_audio_hw: adev_set_parameters: screen_state=on
01-20 15:58:32.418  1422  1422 D DCT     : [0]onReceive: action=android.intent.action.SCREEN_ON
01-20 15:58:32.418  1422  1422 D DCT     : [0]stopNetStatPoll
01-20 15:58:32.420  1422  1422 D DCT     : [0]overall state is CONNECTED
01-20 15:58:32.420  1422  1422 D DCT     : [0]startNetStatPoll
01-20 15:58:32.423  1422  1422 D DCT     : [0]getRecoveryAction: 0
01-20 15:58:32.423  1422  1422 D DCT     : [0]restartDataStallAlarm: stop then start.
01-20 15:58:32.423  1422  1422 D DCT     : [0]stopDataStallAlarm: current tag=21472 mDataStallAlarmIntent=PendingIntent{a603078: android.os.BinderProxy@10886265}
01-20 15:58:32.425  1422  1422 D DCT     : [0]getRecoveryAction: 0
01-20 15:58:32.425  1422  1422 D DCT     : [0]overall state is CONNECTED
01-20 15:58:32.425  1422  1422 D DCT     : [0]startDataStallAlarm: tag=21474 delay=60s
01-20 15:58:32.427   807   807 I power_screen_broadcast_done: [1,29,1]
01-20 15:58:32.439  1353  1593 E BrcmNfcJni: nfaConnectionCallback: unknown event ????
01-20 15:58:32.440  1353  1593 D BrcmNfcJni: RoutingManager::nfaEeCallback: NFA_EE_SET_TECH_CFG_EVT; status=0x0
01-20 15:58:32.440  1353  1593 D BrcmNfcJni: RoutingManager::nfaEeCallback: NFA_EE_SET_PROTO_CFG_EVT; status=0x0
01-20 15:58:32.440  1353  2413 D BrcmNfcJni: RoutingManager::commitRouting
01-20 15:58:32.444  1353  1593 D BrcmNfcJni: RoutingManager::nfaEeCallback: NFA_EE_UPDATED_EVT
01-20 15:58:32.457   807   849 I DisplayManagerService: Display device changed: DisplayDeviceInfo{"Built-in Screen": uniqueId="local:0", 1440 x 2560, 60.0 fps, supportedRefreshRates [60.0], density 560, 494.27 x 492.606 dpi, appVsyncOff 7500000, presDeadline 12666667, touch INTERNAL, rotation 0, type BUILT_IN, state ON, FLAG_DEFAULT_DISPLAY, FLAG_ROTATES_WITH_CONTENT, FLAG_SECURE, FLAG_SUPPORTS_PROTECTED_BUFFERS}
01-20 15:58:32.457   807   807 V ActivityManager: Display changed displayId=0
01-20 15:58:32.457   272   272 D SurfaceFlinger: Set power mode=2, type=0 flinger=0xb6082000
01-20 15:58:32.457   272   272 D qdhwcomposer: hwc_setPowerMode: Setting mode 2 on display: 0
01-20 15:58:32.459  1422  1422 D RILJ    : [3950]> SCREEN_STATE: true [SUB0]
01-20 15:58:32.465   352   476 E use-Rlog/RLOG-RIL-MOTEXT: Oem Hook header type 0, requestCode 0x0
01-20 15:58:32.465   352   476 E use-Rlog/RLOG-RIL-MOTEXT: Write Ril Request 59
01-20 15:58:32.465   352   483 E use-Rlog/RLOG-RIL-MOTEXT: Process request 59, len=9
01-20 15:58:32.465   481   481 E use-Rlog/RLOG-RIL-MOTEXT: Read 9 bytes from pipe
01-20 15:58:32.465   481   481 E use-Rlog/RLOG-RIL-MOTEXT: msg Id is 0x5001e, type is 1. 
01-20 15:58:32.465   481   481 E use-Rlog/RLOG-RIL-MOTEXT: Received Generic Hook request 0x1e0005
01-20 15:58:32.465   481   481 D use-Rlog/RLOG-RIL-MOTEXT: handle generic request, msgID 0x5001e. msgLen 16777216, msgType 0
01-20 15:58:32.465   481   481 E use-Rlog/RLOG-RIL-MOTEXT: sys_info filter: sending motext util request
01-20 15:58:32.465   352   476 D RILC    : RequestComplete, RIL_SOCKET_1
01-20 15:58:32.465   352   476 E RILC    : Send Response to RIL_SOCKET_1
01-20 15:58:32.466  1422  1546 D RILJ    : [3950]< SCREEN_STATE  [SUB0]
01-20 15:58:32.479   481   481 E use-Rlog/RLOG-RIL-MOTEXT: sys_info filter: sending request result is 0
01-20 15:58:32.479   481   481 E use-Rlog/RLOG-RIL-MOTEXT: sys_info filter: sending response, msgLen 0x1, resp value 0.
01-20 15:58:32.479   481   481 E use-Rlog/RLOG-RIL-MOTEXT: Child process waiting for data
01-20 15:58:32.479   352   483 E use-Rlog/RLOG-RIL-MOTEXT: CallRequestComplete buf size=9
01-20 15:58:32.479   352   483 E use-Rlog/RLOG-RIL-MOTEXT: CallRequestComplete msgId=0x5001e, headerType=1
01-20 15:58:32.479   352   483 E use-Rlog/RLOG-RIL-MOTEXT: handle generic response, motext msg len, 1
01-20 15:58:32.479   352   483 E use-Rlog/RLOG-RIL-MOTEXT: CallRequestComplete generic success,  responseLen=1
01-20 15:58:32.479   352   483 E RILC    : RIL_onRequestComplete: invalid RIL_Token
01-20 15:58:32.479   352   483 E use-Rlog/RLOG-RIL-MOTEXT: Finished processing onRequestComplete
01-20 15:58:32.480   352   483 E use-Rlog/RLOG-RIL-MOTEXT: CommThread Waiting for ril request
01-20 15:58:32.507   807   851 I DisplayPowerController: Unblocked screen on after 102 ms
01-20 15:58:32.533   352   487 I RILC    : RIL_SOCKET_1 UNSOLICITED: UNSOL_RESPONSE_VOICE_NETWORK_STATE_CHANGED length:8
01-20 15:58:32.533   352   487 E RILC    : Send Response to RIL_SOCKET_1
01-20 15:58:32.534  1422  1546 D RILJ    : [UNSL]< UNSOL_RESPONSE_VOICE_NETWORK_STATE_CHANGED [SUB0]
01-20 15:58:32.534  1422  1422 D CdmaSST : [CdmaLteSST] handleMessage: 30
01-20 15:58:32.534  1422  1422 D RILJ    : [3951]> OPERATOR [SUB0]
01-20 15:58:32.536   352   487 I RILC    : RIL_SOCKET_1 UNSOLICITED: UNSOL_SIGNAL_STRENGTH length:60
01-20 15:58:32.536   352   487 E RILC    : Send Response to RIL_SOCKET_1
01-20 15:58:32.536  1422  1422 D RILJ    : [3952]> VOICE_REGISTRATION_STATE [SUB0]
01-20 15:58:32.537  1422  1422 D RILJ    : [3953]> DATA_REGISTRATION_STATE [SUB0]
01-20 15:58:32.537  1422  1422 D CdmaSST : [CdmaLteSST] handleMessage: 12
01-20 15:58:32.538  1422  1422 D DefaultPhoneNotifier: notifySignalStrength: mRegistry=com.android.internal.telephony.ITelephonyRegistry$Stub$Proxy@2676d601 ss=SignalStrength: 99 0 -120 -160 -120 -1 -1 19 -105 -13 -4 2147483647 gsm|lte sender=Handler (com.android.internal.telephony.cdma.CDMALTEPhone) {af4fc98}
01-20 15:58:32.557   352  2493 D RILC    : RequestComplete, RIL_SOCKET_1
01-20 15:58:32.557   352  2493 E RILC    : Send Response to RIL_SOCKET_1
01-20 15:58:32.557  1422  1546 D RILJ    : [3951]< OPERATOR {Verizon Wireless, VzW, 311480} [SUB0]
01-20 15:58:32.558  1422  1422 D CdmaSST : [CdmaLteSST] handleMessage: 25
01-20 15:58:32.558   352  2494 D RILC    : RequestComplete, RIL_SOCKET_1
01-20 15:58:32.558   352  2494 E RILC    : Send Response to RIL_SOCKET_1
01-20 15:58:32.559  1422  1546 D RILJ    : [3952]< VOICE_REGISTRATION_STATE {1, 8508, 0208c901, 14, null, null, null, 0, null, null, null, null, null, 0, null} [SUB0]
01-20 15:58:32.559  1422  1422 D CdmaSST : [CdmaLteSST] handleMessage: 24
01-20 15:58:32.559  1422  1422 D PHONE   : [ServiceState] setVoiceRegState=0
01-20 15:58:32.559  1422  1422 E PHONE   : [ServiceState] setState deprecated use setVoiceRegState()
01-20 15:58:32.571   352  2495 D RILC    : RequestComplete, RIL_SOCKET_1
01-20 15:58:32.571   352  2495 E RILC    : Send Response to RIL_SOCKET_1
01-20 15:58:32.571  1422  1546 D RILJ    : [3953]< DATA_REGISTRATION_STATE {1, null, 0208c901, 14, null, 20, 34056, 318, 34130177, null, null} [SUB0]
01-20 15:58:32.572  1422  1422 D CdmaSST : [CdmaLteSST] handleMessage: 5
01-20 15:58:32.572  1422  1422 D CdmaSST : [CdmaLteSST] handleMessage EVENT_POLL_STATE_GPRS
01-20 15:58:32.572  1422  1422 D CdmaSST : [CdmaLteSST] handlePollStateResultMessage: EVENT_POLL_STATE_GPRS states.length=11 states=[Ljava.lang.String;@2e896351
01-20 15:58:32.572   352   476 I RILC    : RIL_SOCKET_1 UNSOLICITED: UNSOL_RESPONSE_VOICE_NETWORK_STATE_CHANGED length:8
01-20 15:58:32.572   352   476 E RILC    : Send Response to RIL_SOCKET_1
01-20 15:58:32.572  1422  1422 D CdmaSST : [CdmaLteSST] handlePollStateResultMessage: mNewLteCellIdentity=CellIdentityLte:{ mMcc=311 mMnc=480 mCi=34130177 mPci=318 mTac=34056}
01-20 15:58:32.572  1422  1422 D PHONE   : [ServiceState] setDataRadioTechnology=14
01-20 15:58:32.572  1422  1422 D PHONE   : [ServiceState] setDataRegState=0
01-20 15:58:32.572  1422  1422 D CdmaSST : [CdmaLteSST] handlPollStateResultMessage: CdmaLteSST setDataRegState=0 regState=1 dataRadioTechnology=14
01-20 15:58:32.572  1422  1422 D TelephonyManager: getTelephonyProperty: return propVal='null' phoneId=0 property='gsm.sim.operator.alpha' defaultVal='empty' prop=
01-20 15:58:32.572  1422  1422 D CdmaSST : [CdmaLteSST] Turn off roaming indicator as voice is LTE
01-20 15:58:32.572  1422  1422 D CdmaSST : [CdmaLteSST] Set CDMA Roaming Indicator to: 1. voiceRoaming = false. dataRoaming = false, isPrlLoaded = true. namMatch = true , mIsInPrl = false, mRoamingIndicator = -1, mDefaultRoamingIndicator= 0
01-20 15:58:32.572  1422  1422 D CdmaSST : [CdmaLteSST] pollStateDone: lte 1 ss=[0 0 voice home data home Verizon Wireless VzW 311480 Verizon Wireless VzW 311480  LTE LTE CSS not supported 0 0 RoamInd=1 DefRoamInd=0 EmergOnly=false] newSS=[0 0 voice home data home Verizon Wireless VzW 311480 Verizon Wireless VzW 311480  LTE LTE CSS not supported 0 0 RoamInd=1 DefRoamInd=0 EmergOnly=false]
01-20 15:58:32.572  1422  1422 D CdmaSST : [CdmaLteSST] pollStateDone: hasRegistered=false hasDeegistered=false hasCdmaDataConnectionAttached=false hasCdmaDataConnectionDetached=false hasCdmaDataConnectionChanged=false hasVoiceRadioTechnologyChanged= false hasDataRadioTechnologyChanged=false hasChanged=false hasVoiceRoamingOn=false hasVoiceRoamingOff=false hasDataRoamingOn=false hasDataRoamingOff=false hasLocationChanged=false has4gHandoff = false hasMultiApnSupport=false hasLostMultiApnSupport=false
01-20 15:58:32.572  1422  1546 D RILJ    : [UNSL]< UNSOL_RESPONSE_VOICE_NETWORK_STATE_CHANGED [SUB0]
01-20 15:58:32.573  1422  1422 D PHONE   : [ServiceState] setNullState=1
01-20 15:58:32.573  1422  1422 D PHONE   : [ServiceState] setNullState=1
01-20 15:58:32.573  1422  1422 D CdmaSST : [CdmaLteSST] pollStateDone: hasRegistered=false hasDeregistered=false cidChanged=true mCellInfo=CellInfoLte:{mRegistered=YES mTimeStampType=java_ril mTimeStamp=167789000ns CellIdentityLte:{ mMcc=311 mMnc=480 mCi=34130177 mPci=318 mTac=34056} CellSignalStrengthLte: ss=19 rsrp=-105 rsrq=-13 rssnr=-4 cqi=2147483647 ta=2147483647}
01-20 15:58:32.574  1422  1422 D CdmaSST : [CdmaLteSST] handleMessage: 30
01-20 15:58:32.574  1422  1422 D RILJ    : [3954]> OPERATOR [SUB0]
01-20 15:58:32.575  1422  1422 D RILJ    : [3955]> VOICE_REGISTRATION_STATE [SUB0]
01-20 15:58:32.576  1422  1422 D RILJ    : [3956]> DATA_REGISTRATION_STATE [SUB0]
01-20 15:58:32.590   352  2496 D RILC    : RequestComplete, RIL_SOCKET_1
01-20 15:58:32.590   352  2496 E RILC    : Send Response to RIL_SOCKET_1
01-20 15:58:32.590  1422  1546 D RILJ    : [3954]< OPERATOR {Verizon Wireless, VzW, 311480} [SUB0]
01-20 15:58:32.590  1422  1422 D CdmaSST : [CdmaLteSST] handleMessage: 25
01-20 15:58:32.604   352  2498 D RILC    : RequestComplete, RIL_SOCKET_1
01-20 15:58:32.604   352  2498 E RILC    : Send Response to RIL_SOCKET_1
01-20 15:58:32.604  1422  1546 D RILJ    : [3956]< DATA_REGISTRATION_STATE {1, null, 0208c901, 14, null, 20, 34056, 318, 34130177, null, null} [SUB0]
01-20 15:58:32.604  1422  1422 D CdmaSST : [CdmaLteSST] handleMessage: 5
01-20 15:58:32.604  1422  1422 D CdmaSST : [CdmaLteSST] handleMessage EVENT_POLL_STATE_GPRS
01-20 15:58:32.604  1422  1422 D CdmaSST : [CdmaLteSST] handlePollStateResultMessage: EVENT_POLL_STATE_GPRS states.length=11 states=[Ljava.lang.String;@e6827b6
01-20 15:58:32.604  1422  1422 D CdmaSST : [CdmaLteSST] handlePollStateResultMessage: mNewLteCellIdentity=CellIdentityLte:{ mMcc=311 mMnc=480 mCi=34130177 mPci=318 mTac=34056}
01-20 15:58:32.604  1422  1422 D PHONE   : [ServiceState] setDataRadioTechnology=14
01-20 15:58:32.604  1422  1422 D PHONE   : [ServiceState] setDataRegState=0
01-20 15:58:32.604  1422  1422 D CdmaSST : [CdmaLteSST] handlPollStateResultMessage: CdmaLteSST setDataRegState=0 regState=1 dataRadioTechnology=14
01-20 15:58:32.605   352  2497 D RILC    : RequestComplete, RIL_SOCKET_1
01-20 15:58:32.605   352  2497 E RILC    : Send Response to RIL_SOCKET_1
01-20 15:58:32.606  1422  1546 D RILJ    : [3955]< VOICE_REGISTRATION_STATE {1, 8508, 0208c901, 14, null, null, null, 0, null, null, 1, null, null, 0, null} [SUB0]
01-20 15:58:32.606  1422  1422 D CdmaSST : [CdmaLteSST] handleMessage: 24
01-20 15:58:32.606  1422  1422 D PHONE   : [ServiceState] setVoiceRegState=0
01-20 15:58:32.606  1422  1422 E PHONE   : [ServiceState] setState deprecated use setVoiceRegState()
01-20 15:58:32.606  1422  1422 D TelephonyManager: getTelephonyProperty: return propVal='null' phoneId=0 property='gsm.sim.operator.alpha' defaultVal='empty' prop=
01-20 15:58:32.606  1422  1422 D CdmaSST : [CdmaLteSST] Turn off roaming indicator as voice is LTE
01-20 15:58:32.606  1422  1422 D CdmaSST : [CdmaLteSST] Set CDMA Roaming Indicator to: 1. voiceRoaming = false. dataRoaming = false, isPrlLoaded = true. namMatch = true , mIsInPrl = false, mRoamingIndicator = 1, mDefaultRoamingIndicator= 0
01-20 15:58:32.606  1422  1422 D CdmaSST : [CdmaLteSST] pollStateDone: lte 1 ss=[0 0 voice home data home Verizon Wireless VzW 311480 Verizon Wireless VzW 311480  LTE LTE CSS not supported 0 0 RoamInd=1 DefRoamInd=0 EmergOnly=false] newSS=[0 0 voice home data home Verizon Wireless VzW 311480 Verizon Wireless VzW 311480  LTE LTE CSS not supported 0 0 RoamInd=1 DefRoamInd=0 EmergOnly=false]
01-20 15:58:32.607  1422  1422 D CdmaSST : [CdmaLteSST] pollStateDone: hasRegistered=false hasDeegistered=false hasCdmaDataConnectionAttached=false hasCdmaDataConnectionDetached=false hasCdmaDataConnectionChanged=false hasVoiceRadioTechnologyChanged= false hasDataRadioTechnologyChanged=false hasChanged=false hasVoiceRoamingOn=false hasVoiceRoamingOff=false hasDataRoamingOn=false hasDataRoamingOff=false hasLocationChanged=false has4gHandoff = false hasMultiApnSupport=false hasLostMultiApnSupport=false
01-20 15:58:32.607  1422  1422 D PHONE   : [ServiceState] setNullState=1
01-20 15:58:32.607  1422  1422 D PHONE   : [ServiceState] setNullState=1
01-20 15:58:32.607  1422  1422 D CdmaSST : [CdmaLteSST] pollStateDone: hasRegistered=false hasDeregistered=false cidChanged=true mCellInfo=CellInfoLte:{mRegistered=YES mTimeStampType=java_ril mTimeStamp=167789000ns CellIdentityLte:{ mMcc=311 mMnc=480 mCi=34130177 mPci=318 mTac=34056} CellSignalStrengthLte: ss=19 rsrp=-105 rsrq=-13 rssnr=-4 cqi=2147483647 ta=2147483647}
01-20 15:58:32.631   352   487 E RILQ    : (0/352): RIL[0][event] get_ecc_property_name: ecc list name : ril.ecclist.
01-20 15:58:32.707   272   313 I qdhwcomposer: handle_blank_event: dpy:0 panel power state: 1
01-20 15:58:32.708   272   272 D qdhwcomposer: hwc_setPowerMode: Done setting mode 2 on display 0
01-20 15:58:32.709   807  1012 D SurfaceControl: Excessive delay in setPowerMode(): 252ms
01-20 15:58:32.709   807   851 I DreamManagerService: Gently waking up from dream.
01-20 15:58:32.710   272   272 I sf_frame_dur: [ColorFade,26,0,1,0,0,0,0]
01-20 15:58:32.710   807  1139 I DreamManagerService: Leaving dreamland.
01-20 15:58:32.711   807   846 I DreamController: Stopping dream: name=ComponentInfo{com.android.systemui/com.android.systemui.doze.DozeService}, isTest=false, canDoze=true, userId=0
01-20 15:58:32.711   807   846 I am_destroy_service: [0,240234588,1057]
01-20 15:58:32.717   807  1295 V ActivityManager: <<< DONE EXECUTING ServiceRecord{e51b05c u0 com.android.systemui/.doze.DozeService}: nesting=2, inDestroying=true, app=ProcessRecord{356ced13 1057:com.android.systemui/u0a19}
01-20 15:58:32.718   807  1295 V ActivityManager: <<< DONE EXECUTING ServiceRecord{e51b05c u0 com.android.systemui/.doze.DozeService}: nesting=1, inDestroying=true, app=ProcessRecord{356ced13 1057:com.android.systemui/u0a19}
01-20 15:58:53.967   807   807 I notification_cancel: [10019,1057,com.android.systemui,100,low_battery,-1,0,64,8,NULL]
01-20 15:59:02.143   352   487 I RILC    : RIL_SOCKET_1 UNSOLICITED: UNSOL_SIGNAL_STRENGTH length:60
01-20 15:59:02.143   352   487 E RILC    : Send Response to RIL_SOCKET_1
01-20 15:59:02.145  1422  1422 D CdmaSST : [CdmaLteSST] handleMessage: 12
01-20 15:59:02.146  1422  1422 D DefaultPhoneNotifier: notifySignalStrength: mRegistry=com.android.internal.telephony.ITelephonyRegistry$Stub$Proxy@2676d601 ss=SignalStrength: 99 0 -120 -160 -120 -1 -1 20 -105 -13 10 2147483647 gsm|lte sender=Handler (com.android.internal.telephony.cdma.CDMALTEPhone) {af4fc98}
01-20 15:59:03.041   807   851 I PowerManagerService: Going to sleep due to screen timeout (uid 1000)...
01-20 15:59:03.041   807   851 I power_sleep_requested: 0
01-20 15:59:03.671   807   849 I DisplayManagerService: Display device changed: DisplayDeviceInfo{"Built-in Screen": uniqueId="local:0", 1440 x 2560, 60.0 fps, supportedRefreshRates [60.0], density 560, 494.27 x 492.606 dpi, appVsyncOff 7500000, presDeadline 12666667, touch INTERNAL, rotation 0, type BUILT_IN, state OFF, FLAG_DEFAULT_DISPLAY, FLAG_ROTATES_WITH_CONTENT, FLAG_SECURE, FLAG_SUPPORTS_PROTECTED_BUFFERS}
01-20 15:59:03.672   272   272 D SurfaceFlinger: Set power mode=0, type=0 flinger=0xb6082000
01-20 15:59:03.672   272   272 D qdhwcomposer: hwc_setPowerMode: Setting mode 0 on display: 0
01-20 15:59:03.673   807   807 V ActivityManager: Display changed displayId=0
01-20 15:59:03.678  1422  1422 D RILJ    : [3957]> SCREEN_STATE: false [SUB0]
01-20 15:59:03.684   352   476 E use-Rlog/RLOG-RIL-MOTEXT: Oem Hook header type 0, requestCode 0x0
01-20 15:59:03.684   352   476 E use-Rlog/RLOG-RIL-MOTEXT: Write Ril Request 59
01-20 15:59:03.684   352   483 E use-Rlog/RLOG-RIL-MOTEXT: Process request 59, len=9
01-20 15:59:03.684   481   481 E use-Rlog/RLOG-RIL-MOTEXT: Read 9 bytes from pipe
01-20 15:59:03.684   481   481 E use-Rlog/RLOG-RIL-MOTEXT: msg Id is 0x5001e, type is 1. 
01-20 15:59:03.684   481   481 E use-Rlog/RLOG-RIL-MOTEXT: Received Generic Hook request 0x1e0005
01-20 15:59:03.684   481   481 D use-Rlog/RLOG-RIL-MOTEXT: handle generic request, msgID 0x5001e. msgLen 16777216, msgType 0
01-20 15:59:03.685   481   481 E use-Rlog/RLOG-RIL-MOTEXT: sys_info filter: sending motext util request
01-20 15:59:03.685   352   476 D RILC    : RequestComplete, RIL_SOCKET_1
01-20 15:59:03.685   352   476 E RILC    : Send Response to RIL_SOCKET_1
01-20 15:59:03.685  1422  1546 D RILJ    : [3957]< SCREEN_STATE  [SUB0]
01-20 15:59:03.699   481   481 E use-Rlog/RLOG-RIL-MOTEXT: sys_info filter: sending request result is 0
01-20 15:59:03.699   481   481 E use-Rlog/RLOG-RIL-MOTEXT: sys_info filter: sending response, msgLen 0x1, resp value 0.
01-20 15:59:03.699   481   481 E use-Rlog/RLOG-RIL-MOTEXT: Child process waiting for data
01-20 15:59:03.699   352   483 E use-Rlog/RLOG-RIL-MOTEXT: CallRequestComplete buf size=9
01-20 15:59:03.699   352   483 E use-Rlog/RLOG-RIL-MOTEXT: CallRequestComplete msgId=0x5001e, headerType=1
01-20 15:59:03.699   352   483 E use-Rlog/RLOG-RIL-MOTEXT: handle generic response, motext msg len, 1
01-20 15:59:03.699   352   483 E use-Rlog/RLOG-RIL-MOTEXT: CallRequestComplete generic success,  responseLen=1
01-20 15:59:03.700   352   483 E RILC    : RIL_onRequestComplete: invalid RIL_Token
01-20 15:59:03.700   352   483 E use-Rlog/RLOG-RIL-MOTEXT: Finished processing onRequestComplete
01-20 15:59:03.700   352   483 E use-Rlog/RLOG-RIL-MOTEXT: CommThread Waiting for ril request
01-20 15:59:03.945   272   313 I qdhwcomposer: handle_blank_event: dpy:0 panel power state: 0
01-20 15:59:03.952   272   272 D qdhwcomposer: hwc_setPowerMode: Done setting mode 0 on display 0
01-20 15:59:03.953   807  1012 D SurfaceControl: Excessive delay in setPowerMode(): 282ms
01-20 15:59:03.955   807   807 I power_screen_state: [0,3,0,0]
01-20 15:59:03.955   807   807 I screen_toggled: 0
01-20 15:59:03.956   807   851 I DreamManagerService: Entering dreamland.
01-20 15:59:03.956   807   851 I PowerManagerService: Dozing...
01-20 15:59:03.956   807   807 I power_screen_broadcast_send: 1
01-20 15:59:03.958   807   846 I DreamController: Starting dream: name=ComponentInfo{com.android.systemui/com.android.systemui.doze.DozeService}, isTest=false, canDoze=true, userId=0
01-20 15:59:03.962   807   846 I am_create_service: [0,860097123,.DozeService,10019,1057]
01-20 15:59:03.978   807   956 E WifiStateMachine: cancelDelayedScan -> 6
01-20 15:59:03.981   807  1449 V ActivityManager: <<< DONE EXECUTING ServiceRecord{33440a63 u0 com.android.systemui/.doze.DozeService}: nesting=2, inDestroying=false, app=ProcessRecord{356ced13 1057:com.android.systemui/u0a19}
01-20 15:59:03.982   354  1219 D audio_hw_primary: adev_set_parameters: enter: screen_state=off
01-20 15:59:03.982   354  1219 D mot_vr_audio_hw: adev_set_parameters: screen_state=off
01-20 15:59:03.982   807   823 V ActivityManager: <<< DONE EXECUTING ServiceRecord{33440a63 u0 com.android.systemui/.doze.DozeService}: nesting=1, inDestroying=false, app=ProcessRecord{356ced13 1057:com.android.systemui/u0a19}
01-20 15:59:04.131  1057  1057 I sysui_heads_up_status: [,0]
01-20 15:59:04.137  1422  1422 D DCT     : [0]onReceive: action=android.intent.action.SCREEN_OFF
01-20 15:59:04.138  1422  1422 D DCT     : [0]stopNetStatPoll
01-20 15:59:04.141  1422  1422 D DCT     : [0]overall state is CONNECTED
01-20 15:59:04.141  1422  1422 D DCT     : [0]startNetStatPoll
01-20 15:59:04.147  1422  1422 D DCT     : [0]getRecoveryAction: 0
01-20 15:59:04.147  1422  1422 D DCT     : [0]restartDataStallAlarm: stop then start.
01-20 15:59:04.147  1422  1422 D DCT     : [0]stopDataStallAlarm: current tag=21474 mDataStallAlarmIntent=PendingIntent{b368cb7: android.os.BinderProxy@10886265}
01-20 15:59:04.151  1422  1422 D DCT     : [0]getRecoveryAction: 0
01-20 15:59:04.151  1422  1422 D DCT     : [0]overall state is CONNECTED
01-20 15:59:04.151  1422  1422 D DCT     : [0]startDataStallAlarm: tag=21476 delay=360s
01-20 15:59:04.155   807   807 I power_screen_broadcast_done: [0,199,1]
01-20 15:59:05.215   807   852 E libsuspend: Error writing to /sys/power/state: Device or resource busy
01-20 15:59:09.677   272   313 I qdhwcomposer: handle_blank_event: dpy:0 panel power state: 0
01-20 15:59:09.757  1057  1057 D PhoneStatusBar: disable: < expand ICONS* alerts SYSTEM_INFO* back home recent clock search >
01-20 15:59:09.774  1057  1833 D BluetoothAdapter: 428281140: getState() :  mService = null. Returning STATE_OFF
01-20 15:59:09.774  1057  1833 D BluetoothAdapter: 428281140: getState() :  mService = null. Returning STATE_OFF
01-20 15:59:09.799   807  1431 I force_gc: Binder
01-20 15:59:09.803  1057  1833 D BluetoothAdapter: 428281140: getState() :  mService = null. Returning STATE_OFF
01-20 15:59:09.804  1057  1833 D BluetoothAdapter: 428281140: getState() :  mService = null. Returning STATE_OFF
01-20 15:59:09.835  1422  1454 D DCT     : [0]hasMatchedTetherApnSetting: APN=null
01-20 15:59:09.891   807  1431 I art     : Explicit concurrent mark sweep GC freed 47440(3MB) AllocSpace objects, 29(665KB) LOS objects, 33% free, 30MB/46MB, paused 2.264ms total 91.508ms
01-20 15:59:09.933  1057  1057 I sysui_status_bar_state: [1,1,0,0,0,1]
01-20 15:59:09.959   807  1391 I am_pause_activity: [0,83691420,com.android.settings/.SubSettings]
01-20 15:59:09.963  2035  2035 I am_on_paused_called: [0,com.android.settings.SubSettings]
01-20 15:59:30.931   272   313 I qdhwcomposer: handle_blank_event: dpy:0 panel power state: 0
01-20 15:59:30.961  1057  1057 D PhoneStatusBar: disable: < expand ICONS alerts SYSTEM_INFO back HOME* RECENT* clock SEARCH* >
01-20 15:59:30.969   272   272 I sf_frame_dur: [NavigationBar,0,0,0,0,0,0,2]
01-20 15:59:31.131   807   831 E qti_sensors_hal: waitForResponse: pthread_cond_timedwait() rc=110 (cond: 0)
01-20 15:59:31.131   807   831 E qti_sensors_hal: deactivateDpc: ERROR: No response from the request
01-20 15:59:31.141   807   851 I DisplayPowerController: Blocking screen on until initial contents have been drawn.
01-20 15:59:31.141   272   272 D SurfaceFlinger: Set power mode=1, type=0 flinger=0xb6082000
01-20 15:59:31.141   272   272 D qdhwcomposer: hwc_setPowerMode: Setting mode 1 on display: 0
01-20 15:59:31.150   807   849 I DisplayManagerService: Display device changed: DisplayDeviceInfo{"Built-in Screen": uniqueId="local:0", 1440 x 2560, 60.0 fps, supportedRefreshRates [60.0], density 560, 494.27 x 492.606 dpi, appVsyncOff 7500000, presDeadline 12666667, touch INTERNAL, rotation 0, type BUILT_IN, state DOZE, FLAG_DEFAULT_DISPLAY, FLAG_ROTATES_WITH_CONTENT, FLAG_SECURE, FLAG_SUPPORTS_PROTECTED_BUFFERS}
01-20 15:59:31.151   807   807 V ActivityManager: Display changed displayId=0
01-20 15:59:31.196   807   851 I DisplayPowerController: Unblocked screen on after 55 ms
01-20 15:59:31.388   272   313 I qdhwcomposer: handle_blank_event: dpy:0 panel power state: 2
01-20 15:59:31.390   272   272 D qdhwcomposer: hwc_setPowerMode: Done setting mode 1 on display 0
01-20 15:59:31.390   807  1012 D SurfaceControl: Excessive delay in setPowerMode(): 249ms
01-20 15:59:31.400   272   272 I sf_frame_dur: [ColorFade,26,0,1,0,0,0,0]
01-20 15:59:31.855   807  1263 I PowerManagerService: Waking up from dozing (uid 10019)...
01-20 15:59:31.855   807   807 I power_screen_state: [1,0,0,0]
01-20 15:59:31.855   807   807 I screen_toggled: 1
01-20 15:59:31.860   807   807 V KeyguardServiceDelegate: onScreenTurnedOn(showListener = com.android.internal.policy.impl.PhoneWindowManager$2@3d11253d)
01-20 15:59:31.860   807   807 I power_screen_broadcast_send: 1
01-20 15:59:31.863   807   956 E WifiStateMachine: cancelDelayedScan -> 7
01-20 15:59:31.867   354   354 D audio_hw_primary: adev_set_parameters: enter: screen_state=on
01-20 15:59:31.867   354   354 D mot_vr_audio_hw: adev_set_parameters: screen_state=on
01-20 15:59:31.889   272   272 D SurfaceFlinger: Set power mode=2, type=0 flinger=0xb6082000
01-20 15:59:31.889   272   272 D qdhwcomposer: hwc_setPowerMode: Setting mode 2 on display: 0
01-20 15:59:31.889   807   849 I DisplayManagerService: Display device changed: DisplayDeviceInfo{"Built-in Screen": uniqueId="local:0", 1440 x 2560, 60.0 fps, supportedRefreshRates [60.0], density 560, 494.27 x 492.606 dpi, appVsyncOff 7500000, presDeadline 12666667, touch INTERNAL, rotation 0, type BUILT_IN, state ON, FLAG_DEFAULT_DISPLAY, FLAG_ROTATES_WITH_CONTENT, FLAG_SECURE, FLAG_SUPPORTS_PROTECTED_BUFFERS}
01-20 15:59:31.892   807   807 V ActivityManager: Display changed displayId=0
01-20 15:59:31.892  1422  1422 D RILJ    : [3958]> SCREEN_STATE: true [SUB0]
01-20 15:59:31.893   352   476 E use-Rlog/RLOG-RIL-MOTEXT: Oem Hook header type 0, requestCode 0x0
01-20 15:59:31.893   352   476 E use-Rlog/RLOG-RIL-MOTEXT: Write Ril Request 59
01-20 15:59:31.894   352   476 D RILC    : RequestComplete, RIL_SOCKET_1
01-20 15:59:31.894   352   476 E RILC    : Send Response to RIL_SOCKET_1
01-20 15:59:31.894   352   483 E use-Rlog/RLOG-RIL-MOTEXT: Process request 59, len=9
01-20 15:59:31.894   481   481 E use-Rlog/RLOG-RIL-MOTEXT: Read 9 bytes from pipe
01-20 15:59:31.894   481   481 E use-Rlog/RLOG-RIL-MOTEXT: msg Id is 0x5001e, type is 1. 
01-20 15:59:31.894   481   481 E use-Rlog/RLOG-RIL-MOTEXT: Received Generic Hook request 0x1e0005
01-20 15:59:31.894   481   481 D use-Rlog/RLOG-RIL-MOTEXT: handle generic request, msgID 0x5001e. msgLen 16777216, msgType 0
01-20 15:59:31.894   481   481 E use-Rlog/RLOG-RIL-MOTEXT: sys_info filter: sending motext util request
01-20 15:59:31.894  1422  1546 D RILJ    : [3958]< SCREEN_STATE  [SUB0]
01-20 15:59:31.900   272   313 I qdhwcomposer: handle_blank_event: dpy:0 panel power state: 1
01-20 15:59:31.900   272   272 D qdhwcomposer: hwc_setPowerMode: Done setting mode 2 on display 0
01-20 15:59:31.901   807   851 I DreamManagerService: Gently waking up from dream.
01-20 15:59:31.937   807  1509 I notification_panel_revealed: []
01-20 15:59:31.940  1353  1593 D BrcmNfcJni: RoutingManager::nfaEeCallback: NFA_EE_SET_TECH_CFG_EVT; status=0x0
01-20 15:59:31.940  1353  1593 D BrcmNfcJni: RoutingManager::nfaEeCallback: NFA_EE_SET_PROTO_CFG_EVT; status=0x0
01-20 15:59:31.940  1353  2454 D BrcmNfcJni: RoutingManager::commitRouting
01-20 15:59:31.942   807  1507 I DreamManagerService: Leaving dreamland.
01-20 15:59:31.943   807   846 I DreamController: Stopping dream: name=ComponentInfo{com.android.systemui/com.android.systemui.doze.DozeService}, isTest=false, canDoze=true, userId=0
01-20 15:59:31.943   807   846 I am_destroy_service: [0,860097123,1057]
01-20 15:59:31.947   807  1391 V KeyguardServiceDelegate: **** SHOWN CALLED ****
01-20 15:59:31.949  1422  1422 D DCT     : [0]onReceive: action=android.intent.action.SCREEN_ON
01-20 15:59:31.949  1422  1422 D DCT     : [0]stopNetStatPoll
01-20 15:59:31.950   807   824 V ActivityManager: <<< DONE EXECUTING ServiceRecord{33440a63 u0 com.android.systemui/.doze.DozeService}: nesting=2, inDestroying=true, app=ProcessRecord{356ced13 1057:com.android.systemui/u0a19}
01-20 15:59:31.950   807   824 V ActivityManager: <<< DONE EXECUTING ServiceRecord{33440a63 u0 com.android.systemui/.doze.DozeService}: nesting=1, inDestroying=true, app=ProcessRecord{356ced13 1057:com.android.systemui/u0a19}
01-20 15:59:31.951  1422  1422 D DCT     : [0]overall state is CONNECTED
01-20 15:59:31.951  1422  1422 D DCT     : [0]startNetStatPoll
01-20 15:59:31.956  1422  1422 D DCT     : [0]getRecoveryAction: 0
01-20 15:59:31.956  1422  1422 D DCT     : [0]restartDataStallAlarm: stop then start.
01-20 15:59:31.956  1422  1422 D DCT     : [0]stopDataStallAlarm: current tag=21476 mDataStallAlarmIntent=PendingIntent{31a3dc24: android.os.BinderProxy@10886265}
01-20 15:59:31.958  1422  1422 D DCT     : [0]getRecoveryAction: 0
01-20 15:59:31.958  1422  1422 D DCT     : [0]overall state is CONNECTED
01-20 15:59:31.958  1422  1422 D DCT     : [0]startDataStallAlarm: tag=21478 delay=60s
01-20 15:59:31.961   807   807 I power_screen_broadcast_done: [1,101,1]
01-20 15:59:31.962  1353  1593 D BrcmNfcJni: RoutingManager::nfaEeCallback: NFA_EE_UPDATED_EVT
01-20 15:59:31.966   481   481 E use-Rlog/RLOG-RIL-MOTEXT: sys_info filter: sending request result is 0
01-20 15:59:31.966   481   481 E use-Rlog/RLOG-RIL-MOTEXT: sys_info filter: sending response, msgLen 0x1, resp value 0.
01-20 15:59:31.966   481   481 E use-Rlog/RLOG-RIL-MOTEXT: Child process waiting for data
01-20 15:59:31.967   352   483 E use-Rlog/RLOG-RIL-MOTEXT: CallRequestComplete buf size=9
01-20 15:59:31.967   352   483 E use-Rlog/RLOG-RIL-MOTEXT: CallRequestComplete msgId=0x5001e, headerType=1
01-20 15:59:31.967   352   483 E use-Rlog/RLOG-RIL-MOTEXT: handle generic response, motext msg len, 1
01-20 15:59:31.967   352   483 E use-Rlog/RLOG-RIL-MOTEXT: CallRequestComplete generic success,  responseLen=1
01-20 15:59:31.967   352   483 E RILC    : RIL_onRequestComplete: invalid RIL_Token
01-20 15:59:31.967   352   483 E use-Rlog/RLOG-RIL-MOTEXT: Finished processing onRequestComplete
01-20 15:59:31.967   352   483 E use-Rlog/RLOG-RIL-MOTEXT: CommThread Waiting for ril request
01-20 15:59:32.015   352   487 I RILC    : RIL_SOCKET_1 UNSOLICITED: UNSOL_RESPONSE_VOICE_NETWORK_STATE_CHANGED length:8
01-20 15:59:32.015   352   487 E RILC    : Send Response to RIL_SOCKET_1
01-20 15:59:32.016  1422  1546 D RILJ    : [UNSL]< UNSOL_RESPONSE_VOICE_NETWORK_STATE_CHANGED [SUB0]
01-20 15:59:32.016  1422  1422 D CdmaSST : [CdmaLteSST] handleMessage: 30
01-20 15:59:32.016  1422  1422 D RILJ    : [3959]> OPERATOR [SUB0]
01-20 15:59:32.016   352   487 I RILC    : RIL_SOCKET_1 UNSOLICITED: UNSOL_SIGNAL_STRENGTH length:60
01-20 15:59:32.016   352   487 E RILC    : Send Response to RIL_SOCKET_1
01-20 15:59:32.018  1422  1422 D RILJ    : [3960]> VOICE_REGISTRATION_STATE [SUB0]
01-20 15:59:32.018  1422  1422 D RILJ    : [3961]> DATA_REGISTRATION_STATE [SUB0]
01-20 15:59:32.019  1422  1422 D CdmaSST : [CdmaLteSST] handleMessage: 12
01-20 15:59:32.019  1422  1422 D DefaultPhoneNotifier: notifySignalStrength: mRegistry=com.android.internal.telephony.ITelephonyRegistry$Stub$Proxy@2676d601 ss=SignalStrength: 99 0 -120 -160 -120 -1 -1 20 -105 -13 10 2147483647 gsm|lte sender=Handler (com.android.internal.telephony.cdma.CDMALTEPhone) {af4fc98}
01-20 15:59:32.040   352  2524 D RILC    : RequestComplete, RIL_SOCKET_1
01-20 15:59:32.040   352  2524 E RILC    : Send Response to RIL_SOCKET_1
01-20 15:59:32.040  1422  1546 D RILJ    : [3959]< OPERATOR {Verizon Wireless, VzW, 311480} [SUB0]
01-20 15:59:32.040  1422  1422 D CdmaSST : [CdmaLteSST] handleMessage: 25
01-20 15:59:32.042   352  2525 D RILC    : RequestComplete, RIL_SOCKET_1
01-20 15:59:32.042   352  2525 E RILC    : Send Response to RIL_SOCKET_1
01-20 15:59:32.042  1422  1546 D RILJ    : [3960]< VOICE_REGISTRATION_STATE {1, 8508, 0208c901, 14, null, null, null, 0, null, null, null, null, null, 0, null} [SUB0]
01-20 15:59:32.042  1422  1422 D CdmaSST : [CdmaLteSST] handleMessage: 24
01-20 15:59:32.042  1422  1422 D PHONE   : [ServiceState] setVoiceRegState=0
01-20 15:59:32.042  1422  1422 E PHONE   : [ServiceState] setState deprecated use setVoiceRegState()
01-20 15:59:32.054   352  2526 D RILC    : RequestComplete, RIL_SOCKET_1
01-20 15:59:32.054   352  2526 E RILC    : Send Response to RIL_SOCKET_1
01-20 15:59:32.054  1422  1546 D RILJ    : [3961]< DATA_REGISTRATION_STATE {1, null, 0208c901, 14, null, 20, 34056, 318, 34130177, null, null} [SUB0]
01-20 15:59:32.054  1422  1422 D CdmaSST : [CdmaLteSST] handleMessage: 5
01-20 15:59:32.054  1422  1422 D CdmaSST : [CdmaLteSST] handleMessage EVENT_POLL_STATE_GPRS
01-20 15:59:32.055  1422  1422 D CdmaSST : [CdmaLteSST] handlePollStateResultMessage: EVENT_POLL_STATE_GPRS states.length=11 states=[Ljava.lang.String;@37afe38d
01-20 15:59:32.055   352   476 I RILC    : RIL_SOCKET_1 UNSOLICITED: UNSOL_RESPONSE_VOICE_NETWORK_STATE_CHANGED length:8
01-20 15:59:32.055   352   476 E RILC    : Send Response to RIL_SOCKET_1
01-20 15:59:32.055  1422  1422 D CdmaSST : [CdmaLteSST] handlePollStateResultMessage: mNewLteCellIdentity=CellIdentityLte:{ mMcc=311 mMnc=480 mCi=34130177 mPci=318 mTac=34056}
01-20 15:59:32.055  1422  1422 D PHONE   : [ServiceState] setDataRadioTechnology=14
01-20 15:59:32.055  1422  1422 D PHONE   : [ServiceState] setDataRegState=0
01-20 15:59:32.055  1422  1422 D CdmaSST : [CdmaLteSST] handlPollStateResultMessage: CdmaLteSST setDataRegState=0 regState=1 dataRadioTechnology=14
01-20 15:59:32.055  1422  1422 D TelephonyManager: getTelephonyProperty: return propVal='null' phoneId=0 property='gsm.sim.operator.alpha' defaultVal='empty' prop=
01-20 15:59:32.055  1422  1422 D CdmaSST : [CdmaLteSST] Turn off roaming indicator as voice is LTE
01-20 15:59:32.055  1422  1546 D RILJ    : [UNSL]< UNSOL_RESPONSE_VOICE_NETWORK_STATE_CHANGED [SUB0]
01-20 15:59:32.055  1422  1422 D CdmaSST : [CdmaLteSST] Set CDMA Roaming Indicator to: 1. voiceRoaming = false. dataRoaming = false, isPrlLoaded = true. namMatch = true , mIsInPrl = false, mRoamingIndicator = -1, mDefaultRoamingIndicator= 0
01-20 15:59:32.056  1422  1422 D CdmaSST : [CdmaLteSST] pollStateDone: lte 1 ss=[0 0 voice home data home Verizon Wireless VzW 311480 Verizon Wireless VzW 311480  LTE LTE CSS not supported 0 0 RoamInd=1 DefRoamInd=0 EmergOnly=false] newSS=[0 0 voice home data home Verizon Wireless VzW 311480 Verizon Wireless VzW 311480  LTE LTE CSS not supported 0 0 RoamInd=1 DefRoamInd=0 EmergOnly=false]
01-20 15:59:32.056  1422  1422 D CdmaSST : [CdmaLteSST] pollStateDone: hasRegistered=false hasDeegistered=false hasCdmaDataConnectionAttached=false hasCdmaDataConnectionDetached=false hasCdmaDataConnectionChanged=false hasVoiceRadioTechnologyChanged= false hasDataRadioTechnologyChanged=false hasChanged=false hasVoiceRoamingOn=false hasVoiceRoamingOff=false hasDataRoamingOn=false hasDataRoamingOff=false hasLocationChanged=false has4gHandoff = false hasMultiApnSupport=false hasLostMultiApnSupport=false
01-20 15:59:32.056  1422  1422 D PHONE   : [ServiceState] setNullState=1
01-20 15:59:32.056  1422  1422 D PHONE   : [ServiceState] setNullState=1
01-20 15:59:32.056  1422  1422 D CdmaSST : [CdmaLteSST] pollStateDone: hasRegistered=false hasDeregistered=false cidChanged=true mCellInfo=CellInfoLte:{mRegistered=YES mTimeStampType=java_ril mTimeStamp=227271000ns CellIdentityLte:{ mMcc=311 mMnc=480 mCi=34130177 mPci=318 mTac=34056} CellSignalStrengthLte: ss=20 rsrp=-105 rsrq=-13 rssnr=10 cqi=2147483647 ta=2147483647}
01-20 15:59:32.058  1422  1422 D CdmaSST : [CdmaLteSST] handleMessage: 30
01-20 15:59:32.058  1422  1422 D RILJ    : [3962]> OPERATOR [SUB0]
01-20 15:59:32.060  1422  1422 D RILJ    : [3963]> VOICE_REGISTRATION_STATE [SUB0]
01-20 15:59:32.062  1422  1422 D RILJ    : [3964]> DATA_REGISTRATION_STATE [SUB0]
01-20 15:59:32.074   352  2527 D RILC    : RequestComplete, RIL_SOCKET_1
01-20 15:59:32.074   352  2527 E RILC    : Send Response to RIL_SOCKET_1
01-20 15:59:32.074  1422  1546 D RILJ    : [3962]< OPERATOR {Verizon Wireless, VzW, 311480} [SUB0]
01-20 15:59:32.075  1422  1422 D CdmaSST : [CdmaLteSST] handleMessage: 25
01-20 15:59:32.076   352  2528 D RILC    : RequestComplete, RIL_SOCKET_1
01-20 15:59:32.076   352  2528 E RILC    : Send Response to RIL_SOCKET_1
01-20 15:59:32.076  1422  1546 D RILJ    : [3963]< VOICE_REGISTRATION_STATE {1, 8508, 0208c901, 14, null, null, null, 0, null, null, 1, null, null, 0, null} [SUB0]
01-20 15:59:32.077  1422  1422 D CdmaSST : [CdmaLteSST] handleMessage: 24
01-20 15:59:32.077  1422  1422 D PHONE   : [ServiceState] setVoiceRegState=0
01-20 15:59:32.077  1422  1422 E PHONE   : [ServiceState] setState deprecated use setVoiceRegState()
01-20 15:59:32.087   352  2529 D RILC    : RequestComplete, RIL_SOCKET_1
01-20 15:59:32.087   352  2529 E RILC    : Send Response to RIL_SOCKET_1
01-20 15:59:32.087  1422  1546 D RILJ    : [3964]< DATA_REGISTRATION_STATE {1, null, 0208c901, 14, null, 20, 34056, 318, 34130177, null, null} [SUB0]
01-20 15:59:32.088  1422  1422 D CdmaSST : [CdmaLteSST] handleMessage: 5
01-20 15:59:32.088  1422  1422 D CdmaSST : [CdmaLteSST] handleMessage EVENT_POLL_STATE_GPRS
01-20 15:59:32.088  1422  1422 D CdmaSST : [CdmaLteSST] handlePollStateResultMessage: EVENT_POLL_STATE_GPRS states.length=11 states=[Ljava.lang.String;@19470942
01-20 15:59:32.088  1422  1422 D CdmaSST : [CdmaLteSST] handlePollStateResultMessage: mNewLteCellIdentity=CellIdentityLte:{ mMcc=311 mMnc=480 mCi=34130177 mPci=318 mTac=34056}
01-20 15:59:32.088  1422  1422 D PHONE   : [ServiceState] setDataRadioTechnology=14
01-20 15:59:32.088  1422  1422 D PHONE   : [ServiceState] setDataRegState=0
01-20 15:59:32.089  1422  1422 D CdmaSST : [CdmaLteSST] handlPollStateResultMessage: CdmaLteSST setDataRegState=0 regState=1 dataRadioTechnology=14
01-20 15:59:32.089  1422  1422 D TelephonyManager: getTelephonyProperty: return propVal='null' phoneId=0 property='gsm.sim.operator.alpha' defaultVal='empty' prop=
01-20 15:59:32.089  1422  1422 D CdmaSST : [CdmaLteSST] Turn off roaming indicator as voice is LTE
01-20 15:59:32.089  1422  1422 D CdmaSST : [CdmaLteSST] Set CDMA Roaming Indicator to: 1. voiceRoaming = false. dataRoaming = false, isPrlLoaded = true. namMatch = true , mIsInPrl = false, mRoamingIndicator = 1, mDefaultRoamingIndicator= 0
01-20 15:59:32.089  1422  1422 D CdmaSST : [CdmaLteSST] pollStateDone: lte 1 ss=[0 0 voice home data home Verizon Wireless VzW 311480 Verizon Wireless VzW 311480  LTE LTE CSS not supported 0 0 RoamInd=1 DefRoamInd=0 EmergOnly=false] newSS=[0 0 voice home data home Verizon Wireless VzW 311480 Verizon Wireless VzW 311480  LTE LTE CSS not supported 0 0 RoamInd=1 DefRoamInd=0 EmergOnly=false]
01-20 15:59:32.089  1422  1422 D CdmaSST : [CdmaLteSST] pollStateDone: hasRegistered=false hasDeegistered=false hasCdmaDataConnectionAttached=false hasCdmaDataConnectionDetached=false hasCdmaDataConnectionChanged=false hasVoiceRadioTechnologyChanged= false hasDataRadioTechnologyChanged=false hasChanged=false hasVoiceRoamingOn=false hasVoiceRoamingOff=false hasDataRoamingOn=false hasDataRoamingOff=false hasLocationChanged=false has4gHandoff = false hasMultiApnSupport=false hasLostMultiApnSupport=false
01-20 15:59:32.089  1422  1422 D PHONE   : [ServiceState] setNullState=1
01-20 15:59:32.089  1422  1422 D PHONE   : [ServiceState] setNullState=1
01-20 15:59:32.090  1422  1422 D CdmaSST : [CdmaLteSST] pollStateDone: hasRegistered=false hasDeregistered=false cidChanged=true mCellInfo=CellInfoLte:{mRegistered=YES mTimeStampType=java_ril mTimeStamp=227271000ns CellIdentityLte:{ mMcc=311 mMnc=480 mCi=34130177 mPci=318 mTac=34056} CellSignalStrengthLte: ss=20 rsrp=-105 rsrq=-13 rssnr=10 cqi=2147483647 ta=2147483647}
01-20 15:59:32.113   352   487 E RILQ    : (0/352): RIL[0][event] get_ecc_property_name: ecc list name : ril.ecclist.
01-20 15:59:32.115   352   487 I RILC    : RIL_SOCKET_1 UNSOLICITED: UNSOL_DATA_CALL_LIST_CHANGED length:544
01-20 15:59:32.115   352   487 E RILC    : Send Response to RIL_SOCKET_1
01-20 15:59:32.115  1422  1546 D RILJ    : responseDataCallList ver=6 num=1 [SUB0]
01-20 15:59:32.115  1422  1546 D RILJ    : [UNSL]< UNSOL_DATA_CALL_LIST_CHANGED [DataCallResponse: {version=6 status=0 retry=-1 cid=0 active=2 type=IPV4V6 ifname=rmnet_data0 mtu=0 addresses=[100.70.149.68/29,2600:100c:b208:c50f:6ea4:b93f:1a60:7932/64] dnses=[198.224.156.135,198.224.157.135,2001:4888:0047:ff00:0406:000d:0000:0000,2001:4888:0041:ff00:0404:000d:0000:0000] gateways=[100.70.149.69,fe80:0000:0000:0000:64a6:b1b1:e3db:216d] pcscf=[]}] [SUB0]
01-20 15:59:32.116  1422  1422 D DCT     : [0]handleMessage msg={ when=-1ms what=270340 obj=android.os.AsyncResult@131d3d53 target=com.android.internal.telephony.dataconnection.DcTracker }
01-20 15:59:32.116  1422  1422 E DCT     : [0]handleMessage: Ignore GSM msgs since GSM phone is inactive
01-20 15:59:32.116  1422  1422 D DCT     : [0]handleMessage msg={ when=-1ms what=270340 obj=android.os.AsyncResult@d549690 target=com.android.internal.telephony.dataconnection.DcTracker }
01-20 15:59:32.116  1422  1422 E DCT     : [0]handleMessage: Ignore GSM msgs since GSM phone is inactive
01-20 15:59:32.116  1422  1422 D DCT     : [0]handleMessage msg={ when=0 what=270340 obj=android.os.AsyncResult@36442b89 target=com.android.internal.telephony.dataconnection.DcTracker }
01-20 15:59:32.116  1422  1422 E DCT     : [0]handleMessage: Ignore GSM msgs since GSM phone is inactive
01-20 15:59:32.116  1422  1422 D DCT     : [0]handleMessage msg={ when=0 what=270340 obj=android.os.AsyncResult@1540778e target=com.android.internal.telephony.dataconnection.DcTracker }
01-20 15:59:32.117  1422  1422 E DATA    : Unidentified event msg={ when=-1ms what=270340 obj=android.os.AsyncResult@1540778e target=com.android.internal.telephony.dataconnection.DcTracker }
01-20 15:59:32.117  1422  1422 D DCT     : [0]handleMessage msg={ when=-1ms what=270340 obj=android.os.AsyncResult@36b45baf target=com.android.internal.telephony.dataconnection.DcTracker }
01-20 15:59:32.117  1422  1422 E DATA    : Unidentified event msg={ when=-1ms what=270340 obj=android.os.AsyncResult@36b45baf target=com.android.internal.telephony.dataconnection.DcTracker }
01-20 15:59:32.117  1422  1422 D DCT     : [0]handleMessage msg={ when=-1ms what=270340 obj=android.os.AsyncResult@17148bbc target=com.android.internal.telephony.dataconnection.DcTracker }
01-20 15:59:32.117  1422  1422 E DATA    : Unidentified event msg={ when=-1ms what=270340 obj=android.os.AsyncResult@17148bbc target=com.android.internal.telephony.dataconnection.DcTracker }
01-20 15:59:32.117  1422  2240 D Dcc     : onDataStateChanged: dcsList=[DataCallResponse: {version=6 status=0 retry=-1 cid=0 active=2 type=IPV4V6 ifname=rmnet_data0 mtu=0 addresses=[100.70.149.68/29,2600:100c:b208:c50f:6ea4:b93f:1a60:7932/64] dnses=[198.224.156.135,198.224.157.135,2001:4888:0047:ff00:0406:000d:0000:0000,2001:4888:0041:ff00:0404:000d:0000:0000] gateways=[100.70.149.69,fe80:0000:0000:0000:64a6:b1b1:e3db:216d] pcscf=[]}] mDcListActiveByCid={0={DC-1: State=DcActiveState mApnSetting=[ApnSettingV3] LTE - Verizon Internet, 1247, 311480, VZWINTERNET, , null, , , , -1, default | dun | supl, IPV4V6, IPV4V6, true, 14, 0, true, 1023, 0, 300, 0, ,  RefCount=1 mCid=0 mCreateTime=-1 mLastastFailTime=-1 mLastFailCause=NONE mTag=2 mRetryManager=RetryManager: { forever=false maxRetry=10 curMaxRetry=10 retry=0 config={default_randomization=2000,5000,10000,20000,40000,80000:5000,160000:5000,320000:5000,640000:5000,1280000:5000,1800000:5000} retryArray={5000:2000 10000:2000 20000:2000 40000:2000 80000:5000 160000:5000 320000:5000 640000:5000 1280000:5000 1800000:5000 }} mLinkProperties={InterfaceName: rmnet_data0 LinkAddresses: [100.70.149.68/29,2600:100c:b208:c50f:6ea4:b93f:1a60:7932/64,]  Routes: [0.0.0.0/0 -> 100.70.149.69 rmnet_data0,::/0 -> fe80::64a6:b1b1:e3db:216d rmnet_data0,] DnsAddresses: [198.224.156.135,198.224.157.135,2001:4888:47:ff00:406:d::,2001:4888:41:ff00:404:d::,] Domains: null MTU: 1500 TcpBufferSizes: 524288,1048576,8388608,262144,524288,4194304} linkCapabilities=[ Transports: CELLULAR Capabilities: SUPL&DUN&INTERNET&NOT_RESTRICTED&TRUSTED&NOT_VPN LinkUpBandwidth>=51200Kbps LinkDnBandwidth>=102400Kbps Specifier: <1>] mApnContexts=[{mApnType=default mState=CONNECTED mWaitingApns={[[ApnSettingV3] LTE - Verizon Internet, 1247, 311480, VZWINTERNET, , null, , , , -1, default | dun | supl, IPV4V6, IPV4V6, true, 14, 0, true, 1023, 0, 300, 0, , ]} mWaitingApnsPermanentFailureCountDown=1 mApnSetting={[ApnSettingV3] LTE - Verizon Internet, 1247, 311480, VZWINTERNET, , null, , , , -1, default | dun | supl, IPV4V6, IPV4V6, true, 14, 0, true, 1023, 0, 300, 0, , } mReason=connected mDataEnabled=true mDependencyMet=true}]}}
01-20 15:59:32.117  1422  2240 D Dcc     : onDataStateChanged: dcsToRetry=[]
