--------- beginning of events
12-31 18:00:00.459   267   267 I auditd  : type=2000 audit(0.0:1): initialized
03-19 22:01:50.919   267   267 I auditd  : type=1403 audit(0.0:2): policy loaded auid=4294967295 ses=4294967295
03-19 22:01:50.919   267   267 I auditd  : type=1404 audit(0.0:3): enforcing=1 old_enforcing=0 auid=4294967295 ses=4294967295
03-19 22:01:52.369   274   274 I auditd  : type=1400 audit(0.0:4): avc: denied { net_raw } for comm="sensors.qcom" capability=13 scontext=u:r:sensors:s0 tcontext=u:r:sensors:s0 tclass=capability permissive=0
--------- beginning of system
03-19 22:01:52.390   271   271 I Vold    : Vold 2.1 (the revenge) firing up
03-19 22:01:52.399   274   274 I auditd  : type=1400 audit(0.0:5): avc: denied { net_raw } for comm="sensors.qcom" capability=13 scontext=u:r:sensors:s0 tcontext=u:r:sensors:s0 tclass=capability permissive=0
03-19 22:01:53.699   271   297 D VoldCmdListener: cryptfs mountdefaultencrypted
03-19 22:01:53.700   271   297 D Cryptfs : crypt_ftr->fs_size = 49323776
03-19 22:01:53.700   271   297 I Cryptfs : Using scrypt with keymaster for cryptfs KDF
03-19 22:01:54.161   271   297 I Cryptfs : Signing safely-padded object
03-19 22:01:54.661   271   297 I Cryptfs : Enabling support for allow_discards in dmcrypt.
03-19 22:01:55.089   271   297 I Cryptfs : Password matches
03-19 22:01:55.090   271   297 D Cryptfs : test_mount_encrypted_fs(): Master key saved
03-19 22:01:55.091   271   297 I Cryptfs : keymaster version is 3
03-19 22:01:55.091   271   297 D Cryptfs : Password is default - restarting filesystem
03-19 22:01:55.092   271   297 D Cryptfs : unmounting /data succeeded
03-19 22:01:55.186   271   297 D Cryptfs : Just triggered post_fs_data
03-19 22:01:55.436   271   297 D Cryptfs : post_fs_data done
03-19 22:01:55.437   271   297 D Cryptfs : Just triggered restart_framework
01-20 15:55:51.964   295   295 I auditd  : type=1400 audit(0.0:6): avc: denied { net_raw } for comm="sensors.qcom" capability=13 scontext=u:r:sensors:s0 tcontext=u:r:sensors:s0 tclass=capability permissive=0
01-20 15:55:51.964   295   295 I auditd  : type=1400 audit(0.0:7): avc: denied { net_raw } for comm="sensors.qcom" capability=13 scontext=u:r:sensors:s0 tcontext=u:r:sensors:s0 tclass=capability permissive=0
01-20 15:55:51.964   295   295 I auditd  : type=1400 audit(0.0:8): avc: denied { net_raw } for comm="sensors.qcom" capability=13 scontext=u:r:sensors:s0 tcontext=u:r:sensors:s0 tclass=capability permissive=0
01-20 15:55:51.964   295   295 I auditd  : type=1400 audit(0.0:9): avc: denied { net_raw } for comm="sensors.qcom" capability=13 scontext=u:r:sensors:s0 tcontext=u:r:sensors:s0 tclass=capability permissive=0
01-20 15:55:51.964   295   295 I auditd  : type=1400 audit(0.0:10): avc: denied { net_raw } for comm="sensors.qcom" capability=13 scontext=u:r:sensors:s0 tcontext=u:r:sensors:s0 tclass=capability permissive=0
01-20 15:55:51.964   295   295 I auditd  : type=1400 audit(0.0:11): avc: denied { net_raw } for comm="sensors.qcom" capability=13 scontext=u:r:sensors:s0 tcontext=u:r:sensors:s0 tclass=capability permissive=0
01-20 15:55:51.964   295   295 I auditd  : type=1400 audit(0.0:12): avc: denied { net_raw } for comm="sensors.qcom" capability=13 scontext=u:r:sensors:s0 tcontext=u:r:sensors:s0 tclass=capability permissive=0
01-20 15:55:51.964   295   295 I auditd  : type=1400 audit(0.0:13): avc: denied { net_raw } for comm="sensors.qcom" capability=13 scontext=u:r:sensors:s0 tcontext=u:r:sensors:s0 tclass=capability permissive=0
01-20 15:55:51.964   274   274 I auditd  : type=1400 audit(0.0:14): avc: denied { net_raw } for comm="sensors.qcom" capability=13 scontext=u:r:sensors:s0 tcontext=u:r:sensors:s0 tclass=capability permissive=0
01-20 15:55:52.067   365   365 I boot_progress_start: 7252
01-20 15:55:53.256   365   365 I boot_progress_preload_start: 8442
01-20 15:55:56.396   365   365 I boot_progress_preload_end: 11582
01-20 15:55:56.535   807   807 I InstallerConnection: disconnecting...
01-20 15:55:56.638   807   807 I SystemServer: Entered the Android system server!
01-20 15:55:56.638   807   807 I boot_progress_system_run: 11824
01-20 15:55:56.951   807   807 I SystemServiceManager: Starting com.android.server.pm.Installer
01-20 15:55:56.972   807   807 I Installer: Waiting for installd to be ready.
01-20 15:55:56.972   807   807 I InstallerConnection: connecting...
01-20 15:55:56.973   807   807 I SystemServiceManager: Starting com.android.server.am.ActivityManagerService$Lifecycle
01-20 15:55:57.033   807   807 I ActivityManager: Memory class: 256
01-20 15:55:57.034   807   843 I ServiceThread: Enabled StrictMode logging for ActivityManager looper.
01-20 15:55:57.142   807   807 W ProcessCpuTracker: Skipping unknown process pid 800
01-20 15:55:57.165   807   807 I IntentFirewall: Read new rules (A:0 B:0 S:0)
01-20 15:55:57.169   807   847 I ServiceThread: Enabled StrictMode logging for android.ui looper.
01-20 15:55:57.171   807   849 I ServiceThread: Enabled StrictMode logging for android.display looper.
01-20 15:55:57.173   807   807 D AppOps  : AppOpsService published
01-20 15:55:57.173   807   807 I SystemServiceManager: Starting com.android.server.power.PowerManagerService
01-20 15:55:57.188   807   851 I ServiceThread: Enabled StrictMode logging for PowerManagerService looper.
01-20 15:55:57.209   807   807 I SystemServiceManager: Starting com.android.server.display.DisplayManagerService
01-20 15:55:57.212   807   807 I SystemServiceManager: Starting phase 100
01-20 15:55:57.214   807   849 I DisplayManagerService: Display device added: DisplayDeviceInfo{"Built-in Screen": uniqueId="local:0", 1440 x 2560, 60.0 fps, supportedRefreshRates [60.0], density 560, 494.27 x 492.606 dpi, appVsyncOff 7500000, presDeadline 12666667, touch INTERNAL, rotation 0, type BUILT_IN, state UNKNOWN, FLAG_DEFAULT_DISPLAY, FLAG_ROTATES_WITH_CONTENT, FLAG_SECURE, FLAG_SUPPORTS_PROTECTED_BUFFERS}
01-20 15:55:57.215   807   807 I SystemServer: Package Manager
01-20 15:55:57.223   807   807 I boot_progress_pms_start: 12409
01-20 15:55:57.234   807   807 W SystemConfig: No directory /system/etc/sysconfig, skipping
01-20 15:55:57.285   807   807 D SELinuxMMAC: Using policy file /system/etc/security/mac_permissions.xml
01-20 15:55:57.317   807   807 I boot_progress_pms_system_scan_start: 12503
01-20 15:55:57.609   807   807 W PackageParser: No actions in intent filter at /system/priv-app/Contacts/Contacts.apk Binary XML file line #356
01-20 15:55:57.701   807   807 W PackageParser: No actions in intent filter at /system/priv-app/Dialer/Dialer.apk Binary XML file line #166
01-20 15:55:58.298   807   807 W PackageParser: Unknown element under <intent-filter>: android at /system/priv-app/Telecom/Telecom.apk Binary XML file line #232
01-20 15:55:58.436   807   807 I PackageParser: com.verizon.permissions.appdirectedsms: compat added android.permission.WRITE_EXTERNAL_STORAGE android.permission.READ_PHONE_STATE
01-20 15:55:58.459   807   807 W PackageParser: No actions in intent filter at /system/app/Bluetooth/Bluetooth.apk Binary XML file line #209
01-20 15:55:58.871   807   807 W PackageParser: Unknown element under <application>: permission at /system/app/Gallery2/Gallery2.apk Binary XML file line #242
01-20 15:55:58.871   807   807 W PackageParser: Unknown element under <application>: permission at /system/app/Gallery2/Gallery2.apk Binary XML file line #245
01-20 15:55:59.364   807   807 W PackageManager: Failed to parse /system/app/VZWAPNLib: Application package com.vzw.apnlib already installed.  Skipping duplicate.
01-20 15:55:59.402   807   807 W PackageParser: <manifest> has more than one <application>
01-20 15:55:59.483   807   807 I boot_progress_pms_data_scan_start: 14669
01-20 15:55:59.483   807   807 E PackageManager: updateAllSharedLibrariesLPw failed: Package com.motorola.motosignature.app requires unavailable shared library com.motorola.motosignature; failing!
01-20 15:55:59.484   807   807 W PackageManager: Package com.android.gallery3d desires unavailable shared library com.google.android.media.effects; ignoring!
01-20 15:55:59.484   807   807 W PackageManager: Package com.android.gallery3d desires unavailable shared library com.google.android.media.effects; ignoring!
01-20 15:55:59.484   807   807 I PackageManager: Adjusting ABI for : com.google.android.uiccwatchdog to armeabi-v7a
01-20 15:55:59.484   807   807 I PackageManager: Adjusting ABI for : com.android.server.telecom to armeabi-v7a
01-20 15:55:59.484   807   807 I PackageManager: Adjusting ABI for : com.android.location.fused to armeabi-v7a
01-20 15:55:59.485   807   807 I PackageManager: Adjusting ABI for : com.android.settings to armeabi-v7a
01-20 15:55:59.485   807   807 I PackageManager: Adjusting ABI for : com.android.inputdevices to armeabi-v7a
01-20 15:55:59.485   807   807 I PackageManager: Adjusting ABI for : com.qualcomm.atfwd to armeabi-v7a
01-20 15:55:59.485   807   807 I PackageManager: Adjusting ABI for : com.qualcomm.sensors.qsensortest to armeabi-v7a
01-20 15:55:59.485   807   807 I PackageManager: Adjusting ABI for : com.qualcomm.timeservice to armeabi-v7a
01-20 15:55:59.486   807   807 I PackageManager: Adjusting ABI for : com.android.keychain to armeabi-v7a
01-20 15:55:59.486   807   807 I PackageManager: Adjusting ABI for : com.android.providers.settings to armeabi-v7a
01-20 15:55:59.488   807   807 I boot_progress_pms_scan_end: 14673
01-20 15:55:59.488   807   807 I PackageManager: Time to scan packages: 2.17 seconds
01-20 15:55:59.488   807   807 W PackageManager: Unknown permission com.google.android.googleapps.permission.GOOGLE_AUTH in package com.android.providers.calendar
01-20 15:55:59.488   807   807 W PackageManager: Unknown permission com.google.android.googleapps.permission.GOOGLE_AUTH.cl in package com.android.providers.calendar
01-20 15:55:59.488   807   807 W PackageManager: Unknown permission com.motorola.moto.permission.RECEIVE_ACTION_STATE in package com.motorola.triggerenroll
01-20 15:55:59.488   807   807 W PackageManager: Unknown permission com.motorola.moto.provider.permission.READ_MODES in package com.motorola.triggerenroll
01-20 15:55:59.488   807   807 W PackageManager: Unknown permission com.motorola.context.permission.CONTEXT in package com.motorola.triggerenroll
01-20 15:55:59.488   807   807 W PackageManager: Unknown permission com.motorola.permission.WRITE_SECURE_SETTINGS in package com.motorola.triggerenroll
01-20 15:55:59.488   807   807 W PackageManager: Not granting permission com.motorola.permission.REGISTER_SMART_NOTIFICATIONS to package com.motorola.triggerenroll (protectionLevel=2 flags=0x40083e05)
01-20 15:55:59.488   807   807 W PackageManager: Unknown permission com.motorola.contextual.permission.LAUNCH_UI in package com.motorola.triggerenroll
01-20 15:55:59.488   807   807 W PackageManager: Unknown permission com.google.android.googlequicksearchbox.LAUNCH_WITH_RECORDED_AUDIO in package com.motorola.triggerenroll
01-20 15:55:59.488   807   807 W PackageManager: Unknown permission com.motorola.audiomonitor.permission.HELPER_SERVICE in package com.motorola.triggerenroll
01-20 15:55:59.488   807   807 W PackageManager: Unknown permission com.android.nfc.permission.NFCEE_ADMIN in package org.simalliance.openmobileapi.service
01-20 15:55:59.489   807   807 W PackageManager: Not granting permission android.permission.GLOBAL_SEARCH to package com.android.quicksearchbox (protectionLevel=18 flags=0x8be45)
01-20 15:55:59.489   807   807 W PackageManager: Not granting permission android.permission.ACCESS_DOWNLOAD_MANAGER to package com.android.browser (protectionLevel=18 flags=0x9be45)
01-20 15:55:59.489   807   807 W PackageManager: Not granting permission android.permission.SEND_DOWNLOAD_COMPLETED_INTENTS to package com.android.browser (protectionLevel=2 flags=0x9be45)
01-20 15:55:59.489   807   807 W PackageManager: Not granting permission android.permission.BIND_WALLPAPER to package com.android.camera2 (protectionLevel=18 flags=0x58bc45)
01-20 15:55:59.489   807   807 W PackageManager: Unknown permission com.verizon.vzwavs.permission.READ in package com.vzw.apnservice
01-20 15:55:59.489   807   807 W PackageManager: Unknown permission android.permission.INSTALL_DRM in package com.android.mms
01-20 15:55:59.489   807   807 W PackageManager: Unknown permission android.permission.NFC_UNLOCK in package com.android.nfc
01-20 15:55:59.489   807   807 W PackageManager: Unknown permission com.motorola.permission.ACCESS_WIFI_AUTONOMOUS in package com.motorola.motocit
01-20 15:55:59.489   807   807 W PackageManager: Unknown permission com.motorola.driveactivator.ACCESS_CIDBLOCK in package com.motorola.motocit
01-20 15:55:59.489   807   807 W PackageManager: Unknown permission com.motorola.permission.WRITE_SECURE_SETTINGS in package com.motorola.motocit
01-20 15:55:59.489   807   807 W PackageManager: Unknown permission com.motorola.permission.TELEPHONY_RAW in package com.motorola.motocit
01-20 15:55:59.489   807   807 W PackageManager: Unknown permission com.google.android.googleapps.permission.GOOGLE_AUTH.mail in package com.android.calendar
01-20 15:55:59.490   807   807 W PackageManager: Not granting permission android.permission.DELETE_PACKAGES to package com.svox.pico (protectionLevel=18 flags=0x8be45)
01-20 15:55:59.490   807   807 W PackageManager: Unknown permission com.google.android.gallery3d.permission.PICASA_STORE in package com.android.dreams.phototable
01-20 15:55:59.490   807   807 W PackageManager: Unknown permission com.google.android.googleapps.permission.GOOGLE_AUTH in package com.android.settings
01-20 15:55:59.490   807   807 W PackageManager: Not granting permission android.permission.DEVICE_POWER to package com.android.deskclock (protectionLevel=2 flags=0x48be45)
01-20 15:55:59.490   807   807 W PackageManager: Unknown permission com.google.android.gallery3d.permission.GALLERY_PROVIDER in package com.android.bluetooth
01-20 15:55:59.512   807   807 I boot_progress_pms_ready: 14698
01-20 15:55:59.599   807   807 I SystemServer: User Service
01-20 15:55:59.605   807   807 I SystemServiceManager: Starting com.android.server.lights.LightsService
01-20 15:55:59.610   807   807 I SystemServiceManager: Starting com.android.server.BatteryService
01-20 15:55:59.625   807   807 I SystemServiceManager: Starting com.android.server.usage.UsageStatsService
01-20 15:55:59.626   807   823 I battery_status: [3,2,1,0,Li-ion]
01-20 15:55:59.626   807   823 I battery_level: [25,3605,320]
01-20 15:55:59.631   807   807 I SystemServiceManager: Starting com.android.server.webkit.WebViewUpdateService
01-20 15:55:59.632   807   807 I SystemServer: Reading configuration...
01-20 15:55:59.632   807   807 I SystemServer: Scheduling Policy
01-20 15:55:59.633   807   807 I SystemServiceManager: Starting com.android.server.telecom.TelecomLoaderService
01-20 15:55:59.633   807   807 I SystemServer: Telephony Registry
01-20 15:55:59.647   807   807 I SystemServer: Entropy Mixer
01-20 15:55:59.649   807   807 I EntropyMixer: Added HW RNG output to entropy pool
01-20 15:55:59.649   807   807 I EntropyMixer: Writing entropy...
01-20 15:55:59.654   807   807 I SystemServer: Account Manager
01-20 15:55:59.660   807   807 I SystemServer: Content Manager
01-20 15:55:59.672   807   807 I SystemServer: System Content Providers
01-20 15:55:59.703   807   807 I SystemServer: Vibrator Service
01-20 15:55:59.707   807   807 I SystemServer: Consumer IR Service
01-20 15:55:59.707   807   807 I SystemServiceManager: Starting com.android.server.AlarmManagerService
01-20 15:55:59.714   807   807 I SystemServer: Init Watchdog
01-20 15:55:59.715   807   807 I SystemServer: Input Manager
01-20 15:55:59.716   807   807 I InputManager: Initializing input manager, mUseDevInputEventForAudioJack=true
01-20 15:55:59.717   807   807 I SystemServer: Window Manager
01-20 15:55:59.747   807   849 I WindowManager: No existing display settings /data/system/display_settings.xml; starting empty
01-20 15:55:59.778   807   807 I wm_stack_created: [0,0,0,0,0]
01-20 15:55:59.780   807   807 I InputManager: Starting input manager
01-20 15:55:59.782   807   807 I SystemServer: Bluetooth Manager Service
01-20 15:55:59.790   807   807 I SystemServer: Input Method Service
01-20 15:55:59.796   807   807 W InputMethodManagerService: Couldn't create dir.: /data/system/inputmethod
01-20 15:55:59.814   807   807 I SystemServer: Accessibility Manager
01-20 15:55:59.818   807   807 I configuration_changed: 7672
01-20 15:55:59.819   807   807 I ActivityManager: Config changes=1df8 {1.0 ?mcc?mnc en_US ?layoutDir sw411dp w411dp h731dp 560dpi nrml long port ?uimode ?night -touch -keyb/v/h -nav/h s.2}
01-20 15:55:59.841   807   807 I configuration_changed: 1280
01-20 15:55:59.841   807   807 I ActivityManager: Config changes=500 {1.0 ?mcc?mnc en_US ?layoutDir sw411dp w411dp h658dp 560dpi nrml port ?uimode ?night -touch -keyb/v/h -nav/h s.3}
01-20 15:55:59.842   807   807 I SystemServer: Mount Service
01-20 15:55:59.845   807   807 D MountService: got storage path: null description: Internal storage primary: false removable: false emulated: true mtpReserve: 100 allowMassStorage: false maxFileSize: 0
01-20 15:55:59.845   807   807 D MountService: addVolumeLocked() StorageVolume:
01-20 15:55:59.845   807   807 D MountService:     mStorageId=65537 mPath=/storage/emulated/0 mDescriptionId=17040807 
01-20 15:55:59.845   807   807 D MountService:     mPrimary=true mRemovable=false mEmulated=true mMtpReserveSpace=100 
01-20 15:55:59.845   807   807 D MountService:     mAllowMassStorage=false mMaxFileSize=0 mOwner=UserHandle{0} mUuid=null 
01-20 15:55:59.845   807   807 D MountService:     mUserLabel=null mState=null 
01-20 15:55:59.846   807   925 I configuration_changed: 8
01-20 15:55:59.846   807   925 I ActivityManager: Config changes=8 {1.0 ?mcc?mnc en_US ?layoutDir sw411dp w411dp h658dp 560dpi nrml port ?uimode ?night finger -keyb/v/h -nav/h s.4}
01-20 15:55:59.851   807   841 I UsageStatsService: User[0] Rollover scheduled @ 2015-01-20 18:00:00(1421798400000)
01-20 15:55:59.851   807   807 I SystemServer: LockSettingsService
01-20 15:55:59.855   807   807 I SystemServiceManager: Starting com.android.server.PersistentDataBlockService
01-20 15:55:59.856   807   807 E PersistentDataBlockService: not able to find package 
01-20 15:55:59.856   807   807 E PersistentDataBlockService: android.content.pm.PackageManager$NameNotFoundException: 
01-20 15:55:59.856   807   807 E PersistentDataBlockService: 	at android.app.ApplicationPackageManager.getPackageUid(ApplicationPackageManager.java:208)
01-20 15:55:59.856   807   807 E PersistentDataBlockService: 	at com.android.server.PersistentDataBlockService.getAllowedUid(PersistentDataBlockService.java:95)
01-20 15:55:59.856   807   807 E PersistentDataBlockService: 	at com.android.server.PersistentDataBlockService.<init>(PersistentDataBlockService.java:86)
01-20 15:55:59.856   807   807 E PersistentDataBlockService: 	at java.lang.reflect.Constructor.newInstance(Native Method)
01-20 15:55:59.856   807   807 E PersistentDataBlockService: 	at java.lang.reflect.Constructor.newInstance(Constructor.java:288)
01-20 15:55:59.856   807   807 E PersistentDataBlockService: 	at com.android.server.SystemServiceManager.startService(SystemServiceManager.java:89)
01-20 15:55:59.856   807   807 E PersistentDataBlockService: 	at com.android.server.SystemServer.startOtherServices(SystemServer.java:597)
01-20 15:55:59.856   807   807 E PersistentDataBlockService: 	at com.android.server.SystemServer.run(SystemServer.java:256)
01-20 15:55:59.856   807   807 E PersistentDataBlockService: 	at com.android.server.SystemServer.main(SystemServer.java:170)
01-20 15:55:59.856   807   807 E PersistentDataBlockService: 	at java.lang.reflect.Method.invoke(Native Method)
01-20 15:55:59.856   807   807 E PersistentDataBlockService: 	at java.lang.reflect.Method.invoke(Method.java:372)
01-20 15:55:59.856   807   807 E PersistentDataBlockService: 	at com.android.internal.os.ZygoteInit$MethodAndArgsCaller.run(ZygoteInit.java:903)
01-20 15:55:59.856   807   807 E PersistentDataBlockService: 	at com.android.internal.os.ZygoteInit.main(ZygoteInit.java:698)
01-20 15:55:59.857   807   929 D MountService: Got locale en-US from mount service
01-20 15:55:59.857   807   929 I configuration_changed: 8196
01-20 15:55:59.865   807   929 I ActivityManager: Config changes=2004 {1.0 ?mcc?mnc en_US ldltr sw411dp w411dp h658dp 560dpi nrml port ?uimode ?night finger -keyb/v/h -nav/h s.5}
01-20 15:55:59.867   807   929 D MountService: Setting system properties to en-US from mount service
01-20 15:55:59.872   807   807 I SystemServiceManager: Starting com.android.server.devicepolicy.DevicePolicyManagerService$Lifecycle
01-20 15:55:59.875   807   929 W PackageManager: Unknown permission com.google.android.googleapps.permission.GOOGLE_AUTH in package com.android.providers.calendar
01-20 15:55:59.875   807   929 W PackageManager: Unknown permission com.google.android.googleapps.permission.GOOGLE_AUTH.cl in package com.android.providers.calendar
01-20 15:55:59.875   807   929 W PackageManager: Unknown permission com.motorola.moto.permission.RECEIVE_ACTION_STATE in package com.motorola.triggerenroll
01-20 15:55:59.875   807   929 W PackageManager: Unknown permission com.motorola.moto.provider.permission.READ_MODES in package com.motorola.triggerenroll
01-20 15:55:59.875   807   929 W PackageManager: Unknown permission com.motorola.context.permission.CONTEXT in package com.motorola.triggerenroll
01-20 15:55:59.875   807   929 W PackageManager: Unknown permission com.motorola.permission.WRITE_SECURE_SETTINGS in package com.motorola.triggerenroll
01-20 15:55:59.875   807   929 W PackageManager: Not granting permission com.motorola.permission.REGISTER_SMART_NOTIFICATIONS to package com.motorola.triggerenroll (protectionLevel=2 flags=0x40083e05)
01-20 15:55:59.875   807   929 W PackageManager: Unknown permission com.motorola.contextual.permission.LAUNCH_UI in package com.motorola.triggerenroll
01-20 15:55:59.875   807   929 W PackageManager: Unknown permission com.google.android.googlequicksearchbox.LAUNCH_WITH_RECORDED_AUDIO in package com.motorola.triggerenroll
01-20 15:55:59.875   807   929 W PackageManager: Unknown permission com.motorola.audiomonitor.permission.HELPER_SERVICE in package com.motorola.triggerenroll
01-20 15:55:59.876   807   929 W PackageManager: Unknown permission com.android.nfc.permission.NFCEE_ADMIN in package org.simalliance.openmobileapi.service
01-20 15:55:59.877   807   929 W PackageManager: Not granting permission android.permission.GLOBAL_SEARCH to package com.android.quicksearchbox (protectionLevel=18 flags=0x8be45)
01-20 15:55:59.877   807   929 W PackageManager: Not granting permission android.permission.ACCESS_DOWNLOAD_MANAGER to package com.android.browser (protectionLevel=18 flags=0x9be45)
01-20 15:55:59.877   807   929 W PackageManager: Not granting permission android.permission.SEND_DOWNLOAD_COMPLETED_INTENTS to package com.android.browser (protectionLevel=2 flags=0x9be45)
01-20 15:55:59.877   807   929 W PackageManager: Not granting permission android.permission.BIND_WALLPAPER to package com.android.camera2 (protectionLevel=18 flags=0x58bc45)
01-20 15:55:59.877   807   929 W PackageManager: Unknown permission com.verizon.vzwavs.permission.READ in package com.vzw.apnservice
01-20 15:55:59.877   807   929 W PackageManager: Unknown permission android.permission.INSTALL_DRM in package com.android.mms
01-20 15:55:59.877   807   929 W PackageManager: Unknown permission android.permission.NFC_UNLOCK in package com.android.nfc
01-20 15:55:59.877   807   929 W PackageManager: Unknown permission com.motorola.permission.ACCESS_WIFI_AUTONOMOUS in package com.motorola.motocit
01-20 15:55:59.877   807   929 W PackageManager: Unknown permission com.motorola.driveactivator.ACCESS_CIDBLOCK in package com.motorola.motocit
01-20 15:55:59.877   807   929 W PackageManager: Unknown permission com.motorola.permission.WRITE_SECURE_SETTINGS in package com.motorola.motocit
01-20 15:55:59.877   807   929 W PackageManager: Unknown permission com.motorola.permission.TELEPHONY_RAW in package com.motorola.motocit
01-20 15:55:59.877   807   929 W PackageManager: Unknown permission com.google.android.googleapps.permission.GOOGLE_AUTH.mail in package com.android.calendar
01-20 15:55:59.877   807   929 W PackageManager: Not granting permission android.permission.DELETE_PACKAGES to package com.svox.pico (protectionLevel=18 flags=0x8be45)
01-20 15:55:59.877   807   929 W PackageManager: Unknown permission com.google.android.gallery3d.permission.PICASA_STORE in package com.android.dreams.phototable
01-20 15:55:59.877   807   929 W PackageManager: Unknown permission com.google.android.googleapps.permission.GOOGLE_AUTH in package com.android.settings
01-20 15:55:59.878   807   929 W PackageManager: Not granting permission android.permission.DEVICE_POWER to package com.android.deskclock (protectionLevel=2 flags=0x48be45)
01-20 15:55:59.878   807   929 W PackageManager: Unknown permission com.google.android.gallery3d.permission.GALLERY_PROVIDER in package com.android.bluetooth
01-20 15:55:59.900   807   807 I SystemServer: Status Bar
01-20 15:55:59.902   807   807 I SystemServer: Clipboard Service
01-20 15:55:59.904   807   807 I SystemServer: NetworkManagement Service
01-20 15:55:59.909   807   807 I SystemServer: Text Service Manager Service
01-20 15:55:59.913   807   807 I SystemServer: Network Score Service
01-20 15:55:59.915   807   807 I SystemServer: NetworkStats Service
01-20 15:55:59.921   807   807 I SystemServer: NetworkPolicy Service
01-20 15:55:59.941   807   807 I SystemServiceManager: Starting com.android.server.wifi.p2p.WifiP2pService
01-20 15:55:59.977   807   807 I SystemServiceManager: Starting com.android.server.wifi.WifiService
01-20 15:56:00.116   807   807 I SystemServiceManager: Starting com.android.server.wifi.WifiScanningService
01-20 15:56:00.117   807   807 I SystemServiceManager: Starting com.android.server.wifi.RttService
01-20 15:56:00.118   807   807 I SystemServiceManager: Starting com.android.server.ethernet.EthernetService
01-20 15:56:00.123   807   807 I SystemServer: Connectivity Service
01-20 15:56:00.127   807   807 D ConnectivityService: ConnectivityService starting up
01-20 15:56:00.129   807   807 D ConnectivityService: wifiOnly=false
01-20 15:56:00.130   807   807 E ConnectivityService: Ignoring protectedNetwork 15
01-20 15:56:00.142   807   807 I SystemServer: Network Service Discovery Service
01-20 15:56:00.145   807   807 D NsdService: Network service discovery enabled true
01-20 15:56:00.146   807   807 I SystemServer: UpdateLock Service
01-20 15:56:00.169   807   807 I SystemServiceManager: Starting com.android.server.notification.NotificationManagerService
01-20 15:56:00.185   807   807 D ZenLog  : set_zen_mode: off,setting
01-20 15:56:00.188   807   807 I SystemServiceManager: Starting com.android.server.storage.DeviceStorageMonitorService
01-20 15:56:00.190   807   807 I free_storage_left: [24489267200,1467981824,254492672]
01-20 15:56:00.190   807   807 I free_storage_changed: 24489267200
01-20 15:56:00.190   807   807 I SystemServer: Location Manager
01-20 15:56:00.193   807   807 I SystemServer: Country Detector
01-20 15:56:00.194   807   807 I SystemServer: Search Service
01-20 15:56:00.196   807   807 I SystemServer: DropBox Service
01-20 15:56:00.198   807   807 I SystemServer: Wallpaper Service
01-20 15:56:00.203   807   807 I SystemServer: Audio Service
01-20 15:56:00.256   807   807 I SystemServiceManager: Starting com.android.server.DockObserver
01-20 15:56:00.257   807   807 W DockObserver: This kernel does not have dock station support
01-20 15:56:00.258   807   807 I SystemServer: Wired Accessory Manager
01-20 15:56:00.261   807   807 W WiredAccessoryManager: This kernel does not have HDMI audio support
01-20 15:56:00.261   807   807 I SystemServiceManager: Starting com.android.server.usb.UsbService$Lifecycle
01-20 15:56:00.265   807   807 D UsbDeviceManager: OEM USB override: mtp,adb ==> diag,diag_mdm,serial_hsic,serial_tty,rmnet_hsic,usbnet,adb
01-20 15:56:00.265   807   807 W UsbDeviceManager: resetting config to persistent property: diag,diag_mdm,serial_hsic,serial_tty,rmnet_hsic,usbnet,adb
01-20 15:56:00.272   807   807 I SystemServer: Serial Service
01-20 15:56:00.273   807   807 I SystemServiceManager: Starting com.android.server.twilight.TwilightService
01-20 15:56:00.282   807   807 I SystemServiceManager: Starting com.android.server.UiModeManagerService
01-20 15:56:00.293   807   807 I SystemServiceManager: Starting com.android.server.job.JobSchedulerService
01-20 15:56:00.298   807   807 I SystemServiceManager: Starting com.android.server.backup.BackupManagerService$Lifecycle
01-20 15:56:00.302   807   807 I SystemServiceManager: Starting com.android.server.appwidget.AppWidgetService
01-20 15:56:00.305   807   807 I SystemServiceManager: Starting com.android.server.voiceinteraction.VoiceInteractionManagerService
01-20 15:56:00.308   807   807 I SystemServer: DiskStats Service
01-20 15:56:00.309   807   807 I SystemServer: SamplingProfiler Service
01-20 15:56:00.314   807   807 I SystemServer: NetworkTimeUpdateService
01-20 15:56:00.315   807   807 I SystemServer: CommonTimeManagementService
01-20 15:56:00.317   807   807 I SystemServer: CertBlacklister
01-20 15:56:00.318   807   807 I SystemServiceManager: Starting com.android.server.dreams.DreamManagerService
01-20 15:56:00.321   807   807 I SystemServer: Assets Atlas Service
01-20 15:56:00.325   807   807 I SystemServiceManager: Starting com.android.server.print.PrintManagerService
01-20 15:56:00.328   807   807 I SystemServiceManager: Starting com.android.server.restrictions.RestrictionsManagerService
01-20 15:56:00.331   807   807 I SystemServiceManager: Starting com.android.server.media.MediaSessionService
01-20 15:56:00.343   807   807 I SystemServer: Media Router Service
01-20 15:56:00.345   807   807 I SystemServiceManager: Starting com.android.server.trust.TrustManagerService
01-20 15:56:00.347   807   807 I SystemServiceManager: Starting com.android.server.fingerprint.FingerprintService
01-20 15:56:00.349   807   807 I SystemServer: BackgroundDexOptService
01-20 15:56:00.351   807   807 I SystemServiceManager: Starting com.android.server.pm.LauncherAppsService
01-20 15:56:00.354   807   807 I SystemServiceManager: Starting com.android.server.media.projection.MediaProjectionManagerService
01-20 15:56:00.365   807   807 I SystemServiceManager: Starting com.android.server.MmsServiceBroker
01-20 15:56:00.547   807   807 E LockSettingsStorage: Cannot read file java.io.FileNotFoundException: /data/system/password.key: open failed: ENOENT (No such file or directory)
01-20 15:56:00.547   807   807 E LockSettingsStorage: Cannot read file java.io.FileNotFoundException: /data/system/gesture.key: open failed: ENOENT (No such file or directory)
01-20 15:56:00.547   807   807 I SystemServiceManager: Starting phase 480
01-20 15:56:00.555   807   807 I SystemServiceManager: Starting phase 500
01-20 15:56:00.555   807   807 I WifiService: WifiService starting up with Wi-Fi disabled
01-20 15:56:00.562   807   976 D WifiService: New client listening to asynchronous messages
01-20 15:56:00.570   807   807 D WifiScanningService: New client, channel: null messenger: null
01-20 15:56:00.575   807   981 D ConnectivityService: Got NetworkFactory Messenger for Ethernet
01-20 15:56:00.580   807   807 I configuration_changed: 512
01-20 15:56:00.580   807   807 I ActivityManager: Config changes=200 {1.0 ?mcc?mnc en_US ldltr sw411dp w411dp h658dp 560dpi nrml port finger -keyb/v/h -nav/h s.6}
01-20 15:56:00.581   807   843 W BroadcastQueue: pending app  [foreground]ProcessRecord{31d2cee2 0:android.process.acore/u0a4} died before responding to broadcast
01-20 15:56:00.589   807   807 V BackupManagerService: No ancestral data
01-20 15:56:00.592   807   807 D BackupManagerService: Now staging backup of com.android.browser
01-20 15:56:00.598   807   807 D BackupManagerService: Now staging backup of android
01-20 15:56:00.600   807   807 D BackupManagerService: Now staging backup of com.android.nfc
01-20 15:56:00.602   807   807 D BackupManagerService: Now staging backup of com.android.calendar
01-20 15:56:00.604   807   807 D BackupManagerService: Now staging backup of com.android.providers.settings
01-20 15:56:00.605   807   807 D BackupManagerService: Now staging backup of com.android.sharedstoragebackup
01-20 15:56:00.608   807   807 D BackupManagerService: Now staging backup of com.android.dialer
01-20 15:56:00.610   807   807 D BackupManagerService: Now staging backup of com.android.providers.userdictionary
01-20 15:56:00.612   807   807 V BackupManagerService: Starting with transport android/com.android.internal.backup.LocalTransport
01-20 15:56:00.612   807   807 V BackupManagerService: Found transports: 1
01-20 15:56:00.612   807   807 I BackupManagerService: Binding to transport host ComponentInfo{android/com.android.internal.backup.LocalTransportService}
01-20 15:56:00.616   807   807 I am_create_service: [0,986070997,.LocalTransportService,1000,807]
01-20 15:56:00.617   807   807 I BackupManagerService: Found stale backup journal, scheduling
01-20 15:56:00.650   807   849 I DisplayManagerService: Display device changed: DisplayDeviceInfo{"Built-in Screen": uniqueId="local:0", 1440 x 2560, 60.0 fps, supportedRefreshRates [60.0], density 560, 494.27 x 492.606 dpi, appVsyncOff 7500000, presDeadline 12666667, touch INTERNAL, rotation 0, type BUILT_IN, state ON, FLAG_DEFAULT_DISPLAY, FLAG_ROTATES_WITH_CONTENT, FLAG_SECURE, FLAG_SUPPORTS_PROTECTED_BUFFERS}
01-20 15:56:00.653   807   807 I AppOps  : Pruning old package media/1013: new uid=-1
01-20 15:56:00.653   807   807 I ActivityManager: System now ready
01-20 15:56:00.653   807   807 I boot_progress_ams_ready: 15839
01-20 15:56:00.654   807   807 I SystemServer: Making services ready
01-20 15:56:00.654   807   807 I SystemServiceManager: Starting phase 550
01-20 15:56:00.656   807   807 I am_create_service: [0,894717912,.TelecomService,1000,807]
01-20 15:56:00.657   807   807 I SystemServer: WebViewFactory preparation
01-20 15:56:00.681   807  1018 D UsbHostManager: Added device UsbDevice[mName=/dev/bus/usb/001/002,mVendorId=1478,mProductId=37028,mClass=0,mSubclass=0,mProtocol=0,mManufacturerName=Qualcomm, Incorporated,mProductName=Qualcomm CDMA Technologies MSM,mSerialNumber=null,mConfigurations=[
01-20 15:56:00.681   807  1018 D UsbHostManager: UsbConfiguration[mId=1,mName=Qualcomm Configuration,mAttributes=224,mMaxPower=250,mInterfaces=[
01-20 15:56:00.681   807  1018 D UsbHostManager: UsbInterface[mId=0,mAlternateSetting=0,mName=null,mClass=255,mSubclass=255,mProtocol=255,mEndpoints=[
01-20 15:56:00.681   807  1018 D UsbHostManager: UsbEndpoint[mAddress=129,mAttributes=3,mMaxPacketSize=512,mInterval=3]
01-20 15:56:00.681   807  1018 D UsbHostManager: UsbEndpoint[mAddress=1,mAttributes=2,mMaxPacketSize=512,mInterval=32]]
01-20 15:56:00.681   807  1018 D UsbHostManager: UsbInterface[mId=1,mAlternateSetting=0,mName=null,mClass=255,mSubclass=255,mProtocol=255,mEndpoints=[
01-20 15:56:00.681   807  1018 D UsbHostManager: UsbEndpoint[mAddress=130,mAttributes=3,mMaxPacketSize=512,mInterval=3]
01-20 15:56:00.681   807  1018 D UsbHostManager: UsbEndpoint[mAddress=2,mAttributes=2,mMaxPacketSize=512,mInterval=32]]
01-20 15:56:00.681   807  1018 D UsbHostManager: UsbInterface[mId=2,mAlternateSetting=0,mName=null,mClass=255,mSubclass=255,mProtocol=255,mEndpoints=[
01-20 15:56:00.681   807  1018 D UsbHostManager: UsbEndpoint[mAddress=131,mAttributes=2,mMaxPacketSize=512,mInterval=32]
01-20 15:56:00.681   807  1018 D UsbHostManager: UsbEndpoint[mAddress=3,mAttributes=2,mMaxPacketSize=512,mInterval=32]]
01-20 15:56:00.681   807  1018 D UsbHostManager: UsbInterface[mId=3,mAlternateSetting=0,mName=null,mClass=255,mSubclass=255,mProtocol=255,mEndpoints=[
01-20 15:56:00.681   807  1018 D UsbHostManager: UsbEndpoint[mAddress=132,mAttributes=3,mMaxPacketSize=512,mInterval=3]
01-20 15:56:00.681   807  1018 D UsbHostManager: UsbEndpoint[mAddress=4,mAttributes=2,mMaxPacketSize=512,mInterval=32]]
01-20 15:56:00.681   807  1018 D UsbHostManager: UsbInterface[mId=4,mAlternateSetting=0,mName=null,mClass=255,mSubclass=255,mProtocol=255,mEndpoints=[
01-20 15:56:00.681   807  1018 D UsbHostManager: UsbEndpoint[mAddress=133,mAttributes=2,mMaxPacketSize=512,mInterval=32]]
01-20 15:56:00.681   807  1018 D UsbHostManager: UsbInterface[mId=5,mAlternateSetting=0,mName=null,mClass=255,mSubclass=255,mProtocol=255,mEndpoints=[
01-20 15:56:00.681   807  1018 D UsbHostManager: UsbEndpoint[mAddress=134,mAttributes=3,mMaxPacketSize=64,mInterval=5]
01-20 15:56:00.681   807  1018 D UsbHostManager: UsbEndpoint[mAddress=135,mAttributes=3,mMaxPacketSize=512,mInterval=3]
01-20 15:56:00.681   807  1018 D UsbHostManager: UsbEndpoint[mAddress=5,mAttributes=2,mMaxPacketSize=512,mInterval=32]]
01-20 15:56:00.681   807  1018 D UsbHostManager: UsbInterface[mId=6,mAlternateSetting=0,mName=null,mClass=255,mSubclass=254,mProtocol=255,mEndpoints=[
01-20 15:56:00.681   807  1018 D UsbHostManager: UsbEndpoint[mAddress=136,mAttributes=3,mMaxPacketSize=64,mInterval=5]
01-20 15:56:00.681   807  1018 D UsbHostManager: UsbEndpoint[mAddress=137,mAttributes=2,mMaxPacketSize=512,mInterval=32]
01-20 15:56:00.681   807  1018 D UsbHostManager: UsbEndpoint[mAddress=6,mAttributes=2,mMaxPacketSize=512,mInterval=32]]
01-20 15:56:00.681   807  1018 D UsbHostManager: UsbInterface[mId=7,mAlternateSetting=0,mName=null,mClass=255,mSubclass=255,mProtocol=255,mEndpoints=[
01-20 15:56:00.681   807  1018 D UsbHostManager: UsbEndpoint[mAddress=138,mAttributes=3,mMaxPacketSize=64,mInterval=5]
01-20 15:56:00.681   807  1018 D UsbHostManager: UsbEndpoint[mAddress=139,mAttributes=2,mMaxPacketSize=512,mInterval=32]
01-20 15:56:00.681   807  1018 D UsbHostManager: UsbEndpoint[mAddress=7,mAttributes=2,mMaxPacketSize=512,mInterval=32]]
01-20 15:56:00.681   807  1018 D UsbHostManager: UsbInterface[mId=8,mAlternateSetting=0,mName=null,mClass=255,mSubclass=255,mProtocol=255,mEndpoints=[
01-20 15:56:00.681   807  1018 D UsbHostManager: UsbEndpoint[mAddress=140,mAttributes=3,mMaxPacketSize=64,mInterval=5]
01-20 15:56:00.681   807  1018 D UsbHostManager: UsbEndpoint[mAddress=141,mAttributes=2,mMaxPacketSize=512,mInterval=32]
01-20 15:56:00.681   807  1018 D UsbHostManager: UsbEndpoint[mAddress=8,mAttributes=2,mMaxPacketSize=512,mInterval=32]]
01-20 15:56:00.681   807  1018 D UsbHostManager: UsbInterface[mId=9,mAlternateSetting=0,mName=null,mClass=255,mSubclass=255,mProtocol=255,mEndpoints=[
01-20 15:56:00.681   807  1018 D UsbHostManager: UsbEndpoint[mAddress=142,mAttributes=3,mMaxPacketSize=64,mInterval=5]]]]
01-20 15:56:00.688   807  1018 W ContextImpl: Calling a method in the system process without a qualified user: android.app.ContextImpl.sendBroadcast:1327 com.android.server.usb.UsbSettingsManager.deviceAttached:741 com.android.server.usb.UsbHostManager.endUsbDeviceAdded:224 com.android.server.usb.UsbHostManager.monitorUsbHostBus:-2 com.android.server.usb.UsbHostManager.access$000:42 
01-20 15:56:00.699   807   843 I am_proc_start: [0,1020,10007,android.process.media,broadcast,com.android.providers.media/.MtpReceiver]
01-20 15:56:00.700   807   843 I ActivityManager: Start proc 1020:android.process.media/u0a7 for broadcast com.android.providers.media/.MtpReceiver
01-20 15:56:00.743   807   807 I am_proc_start: [0,1039,1037,WebViewLoader-armeabi-v7a,,]
01-20 15:56:00.743   807   807 I ActivityManager: Start proc 1039:WebViewLoader-armeabi-v7a/1037 [android.webkit.WebViewFactory$RelroFileCreator] for 
01-20 15:56:00.776   807   807 I am_proc_start: [0,1057,10019,com.android.systemui,service,com.android.systemui/.SystemUIService]
01-20 15:56:00.776   807   807 I ActivityManager: Start proc 1057:com.android.systemui/u0a19 for service com.android.systemui/.SystemUIService
01-20 15:56:00.777   807   927 W MountService: Duplicate state transition (mounted -> mounted) for /storage/emulated/0
01-20 15:56:00.777   807   807 D NetworkManagementService: enabling bandwidth control
01-20 15:56:00.777   807   824 I am_proc_bound: [0,1020,android.process.media]
01-20 15:56:00.780   807   843 W BroadcastQueue: pending app  [foreground]ProcessRecord{31d2cee2 0:android.process.acore/u0a4} died before responding to broadcast
01-20 15:56:00.802   807   843 I am_proc_start: [0,1077,10004,android.process.acore,broadcast,com.android.providers.contacts/.LocaleChangeReceiver]
01-20 15:56:00.802   807   843 I ActivityManager: Start proc 1077:android.process.acore/u0a4 for broadcast com.android.providers.contacts/.LocaleChangeReceiver
01-20 15:56:00.803   807  1038 I am_proc_bound: [0,1057,com.android.systemui]
01-20 15:56:00.803   807  1038 I am_create_service: [0,45824919,.SystemUIService,10019,1057]
01-20 15:56:00.820   807   824 I am_proc_bound: [0,1077,android.process.acore]
01-20 15:56:00.829   807  1038 I am_create_service: [0,598380932,.DownloadService,10007,1020]
01-20 15:56:00.937   807  1038 I notification_cancel_all: [10007,1020,com.android.providers.downloads,0,0,64,9,NULL]
01-20 15:56:00.941   807   824 V ActivityManager: <<< DONE EXECUTING ServiceRecord{23aa9184 u0 com.android.providers.downloads/.DownloadService}: nesting=2, inDestroying=false, app=ProcessRecord{36406369 1020:android.process.media/u0a7}
01-20 15:56:00.941   807   823 V ActivityManager: <<< DONE EXECUTING ServiceRecord{23aa9184 u0 com.android.providers.downloads/.DownloadService}: nesting=1, inDestroying=false, app=ProcessRecord{36406369 1020:android.process.media/u0a7}
01-20 15:56:00.960   807   823 I am_destroy_service: [0,598380932,1020]
01-20 15:56:00.964   807  1038 V ActivityManager: <<< DONE EXECUTING ServiceRecord{23aa9184 u0 com.android.providers.downloads/.DownloadService}: nesting=1, inDestroying=true, app=ProcessRecord{36406369 1020:android.process.media/u0a7}
01-20 15:56:00.990   807  1038 I am_proc_start: [0,1140,10031,com.android.calendar,broadcast,com.android.calendar/.alerts.AlertReceiver]
01-20 15:56:00.990   807  1038 I ActivityManager: Start proc 1140:com.android.calendar/u0a31 for broadcast com.android.calendar/.alerts.AlertReceiver
01-20 15:56:00.999   807   824 V FingerprintService: startListening(android.service.fingerprint.IFingerprintServiceReceiver$Stub$Proxy@3ab49a38)
01-20 15:56:01.015   807  1139 I am_proc_bound: [0,1140,com.android.calendar]
01-20 15:56:01.100   807   807 I SystemServiceManager: Starting phase 600
01-20 15:56:01.104   807   807 I BackupManagerService: Backup enabled => false
01-20 15:56:01.106   807   807 I BackupManagerService: Opting out of backup
01-20 15:56:01.113   807  1139 I am_create_service: [0,518676093,.AlertService,10031,1140]
01-20 15:56:01.118   807   807 I am_create_service: [0,185791236,.ImageWallpaper,10019,1057]
01-20 15:56:01.120   807   807 E InputMethodManagerService: Ignoring setImeWindowStatus due to an invalid token. uid:1000 token:null
01-20 15:56:01.124   807   823 V ActivityManager: <<< DONE EXECUTING ServiceRecord{1eea5e7d u0 com.android.calendar/.alerts.AlertService}: nesting=2, inDestroying=false, app=ProcessRecord{297640a5 1140:com.android.calendar/u0a31}
01-20 15:56:01.126   807   824 V ActivityManager: <<< DONE EXECUTING ServiceRecord{1eea5e7d u0 com.android.calendar/.alerts.AlertService}: nesting=1, inDestroying=false, app=ProcessRecord{297640a5 1140:com.android.calendar/u0a31}
01-20 15:56:01.154   807   807 I am_proc_start: [0,1226,10044,com.android.inputmethod.latin,service,com.android.inputmethod.latin/.LatinIME]
01-20 15:56:01.155   807   807 I ActivityManager: Start proc 1226:com.android.inputmethod.latin/u0a44 for service com.android.inputmethod.latin/.LatinIME
01-20 15:56:01.155   807   807 V InputMethodManagerService: Adding window token: android.os.Binder@2b2f4221
01-20 15:56:01.187   807   823 I am_proc_start: [0,1253,10003,com.android.providers.calendar,content provider,com.android.providers.calendar/.CalendarProvider2]
01-20 15:56:01.187   807   823 I ActivityManager: Start proc 1253:com.android.providers.calendar/u0a3 for content provider com.android.providers.calendar/.CalendarProvider2
01-20 15:56:01.188   807   824 I wm_stack_created: [1,0,0,0,0]
01-20 15:56:01.226   807  1038 I am_proc_start: [0,1285,10035,com.android.deskclock,broadcast,com.android.deskclock/.AlarmInitReceiver]
01-20 15:56:01.226   807  1038 I ActivityManager: Start proc 1285:com.android.deskclock/u0a35 for broadcast com.android.deskclock/.AlarmInitReceiver
01-20 15:56:01.227   807  1258 I am_proc_bound: [0,1253,com.android.providers.calendar]
01-20 15:56:01.229   807  1234 I am_proc_bound: [0,1226,com.android.inputmethod.latin]
01-20 15:56:01.230   807  1234 I am_create_service: [0,773530932,.LatinIME,10044,1226]
01-20 15:56:01.239   807   807 W LocationManagerService: no network location provider found
01-20 15:56:01.240   807   807 I am_create_service: [0,804870605,.FusedLocationService,1000,807]
01-20 15:56:01.241   807   807 E LocationManagerService: no geocoder provider found
01-20 15:56:01.246   807  1238 I am_proc_bound: [0,1285,com.android.deskclock]
01-20 15:56:01.254  1253  1253 W ResourcesManager: Asset path '/system/framework/android.test.runner.jar' does not exist or contains no resources.
01-20 15:56:01.263   807   807 E LocationManagerService: Unable to bind FusedProxy.
01-20 15:56:01.265   807   807 I am_create_service: [0,821486303,.GeofenceHardwareService,1000,807]
01-20 15:56:01.265   807   807 E LocationManagerService: Unable to bind FLP Geofence proxy.
01-20 15:56:01.276   807   807 E LocationManagerService: Unable to bind ActivityRecognitionProxy.
01-20 15:56:01.307   807   807 I MmsServiceBroker: Delay connecting to MmsService until an API is called
01-20 15:56:01.307   807   807 W VoiceInteractionManagerService: no available voice interaction services found for user 0
01-20 15:56:01.307   807   807 W VoiceInteractionManagerService: no available voice recognition services found for user 0
01-20 15:56:01.346   807   807 I am_proc_start: [0,1353,1027,com.android.nfc,added application,com.android.nfc]
01-20 15:56:01.346   807   807 I ActivityManager: Start proc 1353:com.android.nfc/1027 for added application com.android.nfc
01-20 15:56:01.395   807   807 I am_proc_start: [0,1385,1001,com.qualcomm.qti.imstestrunner,added application,com.qualcomm.qti.imstestrunner]
01-20 15:56:01.395   807   807 I ActivityManager: Start proc 1385:com.qualcomm.qti.imstestrunner/1001 for added application com.qualcomm.qti.imstestrunner
01-20 15:56:01.440   807   807 I am_proc_start: [0,1422,1001,com.android.phone,added application,com.android.phone]
01-20 15:56:01.440   807   807 I ActivityManager: Start proc 1422:com.android.phone/1001 for added application com.android.phone
01-20 15:56:01.442   807   807 I ActivityManager: START u0 {act=android.intent.action.MAIN cat=[android.intent.category.HOME] flg=0x10000000 cmp=com.android.launcher/com.android.launcher2.Launcher} from uid 0 on display 0
01-20 15:56:01.446   807   807 I am_create_task: [0,19]
01-20 15:56:01.446   807   807 I am_create_activity: [0,743978323,19,com.android.launcher/com.android.launcher2.Launcher,android.intent.action.MAIN,NULL,NULL,268435456]
01-20 15:56:01.447   807   807 V WindowManager: addAppToken: AppWindowToken{38a3e389 token=Token{13002e90 ActivityRecord{2c583553 u0 com.android.launcher/com.android.launcher2.Launcher t19}}} to stack=0 task=19 at 0
01-20 15:56:01.447   807   807 I wm_task_created: [19,0]
01-20 15:56:01.447   807   807 I wm_task_moved: [19,1,0]
01-20 15:56:01.485   807   807 I am_proc_start: [0,1455,10010,com.android.launcher,activity,com.android.launcher/com.android.launcher2.Launcher]
01-20 15:56:01.485   807   807 I ActivityManager: Start proc 1455:com.android.launcher/u0a10 for activity com.android.launcher/com.android.launcher2.Launcher
01-20 15:56:01.486   807   807 I SystemServer: Enabled StrictMode for system server main thread.
01-20 15:56:01.535   807   841 I am_proc_start: [0,1478,10055,com.android.printspooler,service,com.android.printspooler/.model.PrintSpoolerService]
01-20 15:56:01.535   807   841 I ActivityManager: Start proc 1478:com.android.printspooler/u0a55 for service com.android.printspooler/.model.PrintSpoolerService
01-20 15:56:01.536   807  1238 I dvm_lock_sample: [system_server,1,Binder_6,197,ActivityManagerService.java,11826,-,11315,39]
01-20 15:56:01.536   807  1258 I dvm_lock_sample: [system_server,1,Binder_7,176,ActivityManagerService.java,6077,-,11315,35]
01-20 15:56:01.536   807  1258 I am_proc_bound: [0,1353,com.android.nfc]
01-20 15:56:01.540   807  1263 I am_proc_bound: [0,1385,com.qualcomm.qti.imstestrunner]
01-20 15:56:01.542   807  1431 I am_proc_bound: [0,1422,com.android.phone]
01-20 15:56:01.545   807  1038 I am_proc_bound: [0,1455,com.android.launcher]
01-20 15:56:01.546   807  1038 I am_restart_activity: [0,743978323,19,com.android.launcher/com.android.launcher2.Launcher]
01-20 15:56:01.549   807  1295 I dvm_lock_sample: [system_server,0,Binder_9,10,ActivityManagerService.java,16414,-,6077,2]
01-20 15:56:01.550   807   807 V ActivityManager: Display changed displayId=0
01-20 15:56:01.550   807   807 V ActivityManager: Display changed displayId=0
01-20 15:56:01.550   807   807 V ActivityManager: Display changed displayId=0
01-20 15:56:01.552   807  1263 I am_proc_bound: [0,1478,com.android.printspooler]
01-20 15:56:01.553   807  1263 I am_create_service: [0,402653693,.PrintSpoolerService,10055,1478]
01-20 15:56:01.564   807  1038 I force_gc: Binder
01-20 15:56:01.591   807   807 V ActivityManager: <<< DONE EXECUTING ServiceRecord{3ac63fd5 u0 android/com.android.internal.backup.LocalTransportService}: nesting=2, inDestroying=false, app=ProcessRecord{1d8187de 807:system/1000}
