01-20 16:01:53.306   354   842 D msm8974_platform: platform_send_audio_calibration: sending audio calibration for snd_device(2) acdb_id(15)
01-20 16:01:53.306   354   842 D audio_hw_primary: enable_snd_device: snd_device(2: speaker)
01-20 16:01:53.309   354   842 D audio_hw_primary: enable_audio_route: apply and update mixer path: low-latency-playback speaker
01-20 16:01:53.311   807  1295 I am_restart_activity: [0,872825936,20,com.android.settings/.deviceinfo.SimStatus]
01-20 16:01:53.359  1422  1422 D SubscriptionController: selection:sim_id>=0 null
01-20 16:01:53.363  1422  1422 D TelephonyManager: getTelephonyProperty: return propVal='us' phoneId=0 property='gsm.sim.operator.iso-country' defaultVal='' prop=us
01-20 16:01:53.363  1422  1422 D SubscriptionController: [getSubInfoRecord] id:1 iccid:89148000001555954022 simSlotIndex:0 displayName:CARD 1 nameSource:0 iconTint:-16746133 number:9727950333 dataRoaming:0 mcc:311 mnc:480 countIso:us
01-20 16:01:53.364  1422  1422 D PhoneFactory: getPhone:- phoneId != DEFAULT_PHONE_ID return sProxyPhones[phoneId] phoneId=0 phone=Handler (com.android.internal.telephony.PhoneProxy) {378458ef}
01-20 16:01:53.366  1422  1422 D PhoneFactory: getPhone:- phoneId != DEFAULT_PHONE_ID return sProxyPhones[phoneId] phoneId=0 phone=Handler (com.android.internal.telephony.PhoneProxy) {378458ef}
01-20 16:01:53.369  1422  1422 D CDMALTEPhone: getDataConnectionState apnType=default ret=CONNECTED
01-20 16:01:53.371  1422  1422 I am_on_resume_called: [0,com.android.settings.deviceinfo.SimStatus]
01-20 16:01:53.375   807  1449 V WindowManager: Adding window Window{2d9b6180 u0 com.android.settings/com.android.settings.deviceinfo.SimStatus} at 5 of 11 (before Window{17ccd581 u0 Starting com.android.settings})
01-20 16:01:53.378  1422  1422 D CDMALTEPhone: getDataConnectionState apnType=default ret=CONNECTED
01-20 16:01:53.379  1422  1422 D PhoneFactory: getPhone:- phoneId != DEFAULT_PHONE_ID return sProxyPhones[phoneId] phoneId=0 phone=Handler (com.android.internal.telephony.PhoneProxy) {378458ef}
01-20 16:01:53.379  1422  1422 D PhoneFactory: getPhone:- phoneId != DEFAULT_PHONE_ID return sProxyPhones[phoneId] phoneId=0 phone=Handler (com.android.internal.telephony.PhoneProxy) {378458ef}
01-20 16:01:53.446  1422  2577 D OpenGLRenderer: endAllStagingAnimators on 0xa20b4100 (ListView) with handle 0x9d4edea0
01-20 16:01:53.484   807   849 I am_activity_launch_time: [0,872825936,com.android.settings/.deviceinfo.SimStatus,173,173]
01-20 16:01:53.484   807   849 I ActivityManager: Displayed com.android.settings/.deviceinfo.SimStatus: +173ms
01-20 16:01:53.613   272   272 I sf_frame_dur: [com.android.settings/com.android.settings.deviceinfo.Status,91,2,0,5,1,1,0]
01-20 16:01:54.562   352   487 I RILC    : RIL_SOCKET_1 UNSOLICITED: UNSOL_SIGNAL_STRENGTH length:60
01-20 16:01:54.562   352   487 E RILC    : Send Response to RIL_SOCKET_1
01-20 16:01:54.563  1422  1422 D CdmaSST : [CdmaLteSST] handleMessage: 12
01-20 16:01:54.563  1422  1422 D DefaultPhoneNotifier: notifySignalStrength: mRegistry=com.android.internal.telephony.ITelephonyRegistry$Stub$Proxy@2676d601 ss=SignalStrength: 99 0 -120 -160 -120 -1 -1 19 -109 -16 -44 2147483647 gsm|lte sender=Handler (com.android.internal.telephony.cdma.CDMALTEPhone) {af4fc98}
01-20 16:01:56.564   354   953 D audio_hw_primary: disable_audio_route: reset and update mixer path: low-latency-playback speaker
01-20 16:01:56.565   354   953 D audio_hw_primary: disable_snd_device: snd_device(2: speaker)
01-20 16:01:56.886   807  1391 I am_finish_activity: [0,872825936,20,com.android.settings/.deviceinfo.SimStatus,app-request]
01-20 16:01:56.886   807  1391 I am_pause_activity: [0,872825936,com.android.settings/.deviceinfo.SimStatus]
01-20 16:01:56.888  1422  1422 I am_on_paused_called: [0,com.android.settings.deviceinfo.SimStatus]
01-20 16:01:56.889   807  1507 I am_resume_activity: [0,723324400,20,com.android.settings/.deviceinfo.Status]
01-20 16:01:56.893   807   843 W BroadcastQueue: Permission Denial: broadcasting Intent { act=android.net.conn.CONNECTIVITY_CHANGE_IMMEDIATE flg=0x4000010 (has extras) } from null (pid=-1, uid=-1) requires android.permission.CHANGE_NETWORK_STATE due to registered receiver BroadcastFilter{3663720a u0 ReceiverList{309cd275 1422 com.android.phone/1001/u0 remote:3c1515ac}}
01-20 16:01:56.894  1422  1422 I am_on_resume_called: [0,com.android.settings.deviceinfo.Status]
01-20 16:01:56.900   354   953 D audio_hw_primary: out_set_parameters: enter: usecase(1: low-latency-playback) kvpairs: routing=2
01-20 16:01:56.913   354   842 D audio_hw_primary: select_devices: out_snd_device(2: speaker) in_snd_device(0: none)
01-20 16:01:56.914   354   842 D msm8974_platform: platform_send_audio_calibration: sending audio calibration for snd_device(2) acdb_id(15)
01-20 16:01:56.914   354   842 D audio_hw_primary: enable_snd_device: snd_device(2: speaker)
01-20 16:01:56.916   354   842 D audio_hw_primary: enable_audio_route: apply and update mixer path: low-latency-playback speaker
01-20 16:01:57.218   807   843 I am_destroy_activity: [0,872825936,20,com.android.settings/.deviceinfo.SimStatus,finish-imm]
01-20 16:01:57.231   272   272 I sf_frame_dur: [com.android.settings/com.android.settings.deviceinfo.SimStatus,75,1,3,1,1,1,0]
01-20 16:01:57.562   352   487 I RILC    : RIL_SOCKET_1 UNSOLICITED: UNSOL_SIGNAL_STRENGTH length:60
01-20 16:01:57.562   352   487 E RILC    : Send Response to RIL_SOCKET_1
01-20 16:01:57.563  1422  1422 D CdmaSST : [CdmaLteSST] handleMessage: 12
01-20 16:01:57.563  1422  1422 D DefaultPhoneNotifier: notifySignalStrength: mRegistry=com.android.internal.telephony.ITelephonyRegistry$Stub$Proxy@2676d601 ss=SignalStrength: 99 0 -120 -160 -120 -1 -1 17 -112 -16 -60 2147483647 gsm|lte sender=Handler (com.android.internal.telephony.cdma.CDMALTEPhone) {af4fc98}
01-20 16:02:00.155   354   953 D audio_hw_primary: disable_audio_route: reset and update mixer path: low-latency-playback speaker
01-20 16:02:00.156   354   953 D audio_hw_primary: disable_snd_device: snd_device(2: speaker)
01-20 16:02:00.352   352   487 I RILC    : RIL_SOCKET_1 UNSOLICITED: UNSOL_SIGNAL_STRENGTH length:60
01-20 16:02:00.352   352   487 E RILC    : Send Response to RIL_SOCKET_1
01-20 16:02:00.362  1422  1422 D CdmaSST : [CdmaLteSST] handleMessage: 12
01-20 16:02:00.362  1422  1422 D DefaultPhoneNotifier: notifySignalStrength: mRegistry=com.android.internal.telephony.ITelephonyRegistry$Stub$Proxy@2676d601 ss=SignalStrength: 99 0 -120 -160 -120 -1 -1 18 -110 -15 -28 2147483647 gsm|lte sender=Handler (com.android.internal.telephony.cdma.CDMALTEPhone) {af4fc98}
01-20 16:02:01.025   807  1295 I ActivityManager: START u0 {cmp=com.android.settings/.deviceinfo.ImeiInformation} from uid 1001 on display 0
01-20 16:02:01.025   807  1295 I wm_task_moved: [20,1,0]
01-20 16:02:01.029   807  1295 I am_create_activity: [0,970591731,20,com.android.settings/.deviceinfo.ImeiInformation,NULL,NULL,NULL,0]
01-20 16:02:01.030   807  1295 V WindowManager: addAppToken: AppWindowToken{3475fd29 token=Token{f0a2ab0 ActivityRecord{39da0df3 u0 com.android.settings/.deviceinfo.ImeiInformation t20}}} to stack=1 task=20 at 3
01-20 16:02:01.034   807  1295 I am_pause_activity: [0,723324400,com.android.settings/.deviceinfo.Status]
01-20 16:02:01.036   354   953 D audio_hw_primary: out_set_parameters: enter: usecase(1: low-latency-playback) kvpairs: routing=2
01-20 16:02:01.042   807   849 V WindowManager: Adding window Window{28c9fc8 u0 Starting com.android.settings} at 5 of 10 (after Window{8180d77 u0 com.android.settings/com.android.settings.deviceinfo.Status})
01-20 16:02:01.043  1422  1422 I am_on_paused_called: [0,com.android.settings.deviceinfo.Status]
01-20 16:02:01.044   807  1258 I am_restart_activity: [0,970591731,20,com.android.settings/.deviceinfo.ImeiInformation]
01-20 16:02:01.050   354   842 D audio_hw_primary: select_devices: out_snd_device(2: speaker) in_snd_device(0: none)
01-20 16:02:01.050   354   842 D msm8974_platform: platform_send_audio_calibration: sending audio calibration for snd_device(2) acdb_id(15)
01-20 16:02:01.050   354   842 D audio_hw_primary: enable_snd_device: snd_device(2: speaker)
01-20 16:02:01.053   354   842 D audio_hw_primary: enable_audio_route: apply and update mixer path: low-latency-playback speaker
01-20 16:02:01.107  2588  2588 I auditd  : type=1400 audit(0.0:15): avc: denied { search } for comm="SharedPreferenc" name="com.android.settings" dev="dm-0" ino=1313809 scontext=u:r:radio:s0 tcontext=u:object_r:system_app_data_file:s0 tclass=dir permissive=0
01-20 16:02:01.107  2588  2588 W SharedPreferenc: type=1400 audit(0.0:15): avc: denied { search } for name="com.android.settings" dev="dm-0" ino=1313809 scontext=u:r:radio:s0 tcontext=u:object_r:system_app_data_file:s0 tclass=dir permissive=0
01-20 16:02:01.107  2588  2588 I auditd  : type=1400 audit(0.0:16): avc: denied { search } for comm="SharedPreferenc" name="com.android.settings" dev="dm-0" ino=1313809 scontext=u:r:radio:s0 tcontext=u:object_r:system_app_data_file:s0 tclass=dir permissive=0
01-20 16:02:01.107  2588  2588 W SharedPreferenc: type=1400 audit(0.0:16): avc: denied { search } for name="com.android.settings" dev="dm-0" ino=1313809 scontext=u:r:radio:s0 tcontext=u:object_r:system_app_data_file:s0 tclass=dir permissive=0
01-20 16:02:01.107  2588  2588 I auditd  : type=1400 audit(0.0:17): avc: denied { search } for comm="SharedPreferenc" name="com.android.settings" dev="dm-0" ino=1313809 scontext=u:r:radio:s0 tcontext=u:object_r:system_app_data_file:s0 tclass=dir permissive=0
01-20 16:02:01.107  2588  2588 W SharedPreferenc: type=1400 audit(0.0:17): avc: denied { search } for name="com.android.settings" dev="dm-0" ino=1313809 scontext=u:r:radio:s0 tcontext=u:object_r:system_app_data_file:s0 tclass=dir permissive=0
01-20 16:02:01.112  1422  1422 D PhoneFactory: getPhone:- phoneId != DEFAULT_PHONE_ID return sProxyPhones[phoneId] phoneId=0 phone=Handler (com.android.internal.telephony.PhoneProxy) {378458ef}
01-20 16:02:01.112  1422  1422 D TelephonyManager: getLteOnCdmaMode=1 curVal=1 product_type='' lteOnCdmaProductType=''
01-20 16:02:01.114  1422  1422 I am_on_resume_called: [0,com.android.settings.deviceinfo.ImeiInformation]
01-20 16:02:01.116   807  1139 V WindowManager: Adding window Window{fa259e3 u0 com.android.settings/com.android.settings.deviceinfo.ImeiInformation} at 5 of 11 (before Window{28c9fc8 u0 Starting com.android.settings})
01-20 16:02:01.182  1422  2577 D OpenGLRenderer: endAllStagingAnimators on 0xa20b4100 (ListView) with handle 0x9d60a0d0
01-20 16:02:01.218   807   849 I am_activity_launch_time: [0,970591731,com.android.settings/.deviceinfo.ImeiInformation,174,174]
01-20 16:02:01.218   807   849 I ActivityManager: Displayed com.android.settings/.deviceinfo.ImeiInformation: +174ms
01-20 16:02:01.360   272   272 I sf_frame_dur: [com.android.settings/com.android.settings.deviceinfo.Status,149,2,1,1,2,1,0]
01-20 16:02:03.564   352   487 I RILC    : RIL_SOCKET_1 UNSOLICITED: UNSOL_SIGNAL_STRENGTH length:60
01-20 16:02:03.564   352   487 E RILC    : Send Response to RIL_SOCKET_1
01-20 16:02:03.565  1422  1422 D CdmaSST : [CdmaLteSST] handleMessage: 12
01-20 16:02:03.565  1422  1422 D DefaultPhoneNotifier: notifySignalStrength: mRegistry=com.android.internal.telephony.ITelephonyRegistry$Stub$Proxy@2676d601 ss=SignalStrength: 99 0 -120 -160 -120 -1 -1 19 -108 -16 -38 2147483647 gsm|lte sender=Handler (com.android.internal.telephony.cdma.CDMALTEPhone) {af4fc98}
01-20 16:02:04.327   354   953 D audio_hw_primary: disable_audio_route: reset and update mixer path: low-latency-playback speaker
01-20 16:02:04.330   354   953 D audio_hw_primary: disable_snd_device: snd_device(2: speaker)
01-20 16:02:06.567   352   487 I RILC    : RIL_SOCKET_1 UNSOLICITED: UNSOL_SIGNAL_STRENGTH length:60
01-20 16:02:06.567   352   487 E RILC    : Send Response to RIL_SOCKET_1
01-20 16:02:06.568  1422  1422 D CdmaSST : [CdmaLteSST] handleMessage: 12
01-20 16:02:06.569  1422  1422 D DefaultPhoneNotifier: notifySignalStrength: mRegistry=com.android.internal.telephony.ITelephonyRegistry$Stub$Proxy@2676d601 ss=SignalStrength: 99 0 -120 -160 -120 -1 -1 18 -110 -16 -38 2147483647 gsm|lte sender=Handler (com.android.internal.telephony.cdma.CDMALTEPhone) {af4fc98}
01-20 16:02:12.571   352   487 I RILC    : RIL_SOCKET_1 UNSOLICITED: UNSOL_SIGNAL_STRENGTH length:60
01-20 16:02:12.571   352   487 E RILC    : Send Response to RIL_SOCKET_1
01-20 16:02:12.572  1422  1422 D CdmaSST : [CdmaLteSST] handleMessage: 12
01-20 16:02:12.573  1422  1422 D DefaultPhoneNotifier: notifySignalStrength: mRegistry=com.android.internal.telephony.ITelephonyRegistry$Stub$Proxy@2676d601 ss=SignalStrength: 99 0 -120 -160 -120 -1 -1 18 -110 -16 -52 2147483647 gsm|lte sender=Handler (com.android.internal.telephony.cdma.CDMALTEPhone) {af4fc98}
01-20 16:02:15.571   352   487 I RILC    : RIL_SOCKET_1 UNSOLICITED: UNSOL_SIGNAL_STRENGTH length:60
01-20 16:02:15.571   352   487 E RILC    : Send Response to RIL_SOCKET_1
01-20 16:02:15.572  1422  1422 D CdmaSST : [CdmaLteSST] handleMessage: 12
01-20 16:02:15.573  1422  1422 D DefaultPhoneNotifier: notifySignalStrength: mRegistry=com.android.internal.telephony.ITelephonyRegistry$Stub$Proxy@2676d601 ss=SignalStrength: 99 0 -120 -160 -120 -1 -1 17 -112 -17 -48 2147483647 gsm|lte sender=Handler (com.android.internal.telephony.cdma.CDMALTEPhone) {af4fc98}
01-20 16:02:18.275   352   487 I RILC    : RIL_SOCKET_1 UNSOLICITED: UNSOL_SIGNAL_STRENGTH length:60
01-20 16:02:18.275   352   487 E RILC    : Send Response to RIL_SOCKET_1
01-20 16:02:18.276  1422  1422 D CdmaSST : [CdmaLteSST] handleMessage: 12
01-20 16:02:18.276  1422  1422 D DefaultPhoneNotifier: notifySignalStrength: mRegistry=com.android.internal.telephony.ITelephonyRegistry$Stub$Proxy@2676d601 ss=SignalStrength: 99 0 -120 -160 -120 -1 -1 17 -110 -15 -48 2147483647 gsm|lte sender=Handler (com.android.internal.telephony.cdma.CDMALTEPhone) {af4fc98}
01-20 16:02:19.398   807   807 I notification_cancel: [10019,1057,com.android.systemui,100,low_battery,-1,0,64,8,NULL]
01-20 16:02:21.571   352   487 I RILC    : RIL_SOCKET_1 UNSOLICITED: UNSOL_SIGNAL_STRENGTH length:60
01-20 16:02:21.571   352   487 E RILC    : Send Response to RIL_SOCKET_1
01-20 16:02:21.572  1422  1422 D CdmaSST : [CdmaLteSST] handleMessage: 12
01-20 16:02:21.573  1422  1422 D DefaultPhoneNotifier: notifySignalStrength: mRegistry=com.android.internal.telephony.ITelephonyRegistry$Stub$Proxy@2676d601 ss=SignalStrength: 99 0 -120 -160 -120 -1 -1 18 -111 -17 -40 2147483647 gsm|lte sender=Handler (com.android.internal.telephony.cdma.CDMALTEPhone) {af4fc98}
01-20 16:02:24.573   352   487 I RILC    : RIL_SOCKET_1 UNSOLICITED: UNSOL_SIGNAL_STRENGTH length:60
01-20 16:02:24.573   352   487 E RILC    : Send Response to RIL_SOCKET_1
01-20 16:02:24.574  1422  1422 D CdmaSST : [CdmaLteSST] handleMessage: 12
01-20 16:02:24.575  1422  1422 D DefaultPhoneNotifier: notifySignalStrength: mRegistry=com.android.internal.telephony.ITelephonyRegistry$Stub$Proxy@2676d601 ss=SignalStrength: 99 0 -120 -160 -120 -1 -1 17 -111 -16 -50 2147483647 gsm|lte sender=Handler (com.android.internal.telephony.cdma.CDMALTEPhone) {af4fc98}
01-20 16:02:27.237   352   487 I RILC    : RIL_SOCKET_1 UNSOLICITED: UNSOL_SIGNAL_STRENGTH length:60
01-20 16:02:27.237   352   487 E RILC    : Send Response to RIL_SOCKET_1
01-20 16:02:27.238  1422  1422 D CdmaSST : [CdmaLteSST] handleMessage: 12
01-20 16:02:27.239  1422  1422 D DefaultPhoneNotifier: notifySignalStrength: mRegistry=com.android.internal.telephony.ITelephonyRegistry$Stub$Proxy@2676d601 ss=SignalStrength: 99 0 -120 -160 -120 -1 -1 17 -110 -15 -60 2147483647 gsm|lte sender=Handler (com.android.internal.telephony.cdma.CDMALTEPhone) {af4fc98}
01-20 16:02:27.466   807  1263 I battery_level: [26,3818,317]
01-20 16:02:27.473   807   807 I notification_cancel: [10019,1057,com.android.systemui,100,low_battery,-1,0,64,8,NULL]
01-20 16:02:28.819   362   435 I ThermalEngine: TM Id 'BAT-SOC-GPU' Sensor 'soc' - alarm cleared 1 at 0.0 degC
01-20 16:02:28.819   362   435 I ThermalEngine: ACTION: GPU - Setting GPU[0] to 600000000
01-20 16:02:28.820   362   435 I ThermalEngine: Mitigation:GPU[0]:600000000 Hz
01-20 16:02:30.573   352   487 I RILC    : RIL_SOCKET_1 UNSOLICITED: UNSOL_SIGNAL_STRENGTH length:60
01-20 16:02:30.573   352   487 E RILC    : Send Response to RIL_SOCKET_1
01-20 16:02:30.574  1422  1422 D CdmaSST : [CdmaLteSST] handleMessage: 12
01-20 16:02:30.575  1422  1422 D DefaultPhoneNotifier: notifySignalStrength: mRegistry=com.android.internal.telephony.ITelephonyRegistry$Stub$Proxy@2676d601 ss=SignalStrength: 99 0 -120 -160 -120 -1 -1 17 -112 -16 -46 2147483647 gsm|lte sender=Handler (com.android.internal.telephony.cdma.CDMALTEPhone) {af4fc98}
01-20 16:02:30.815   807   851 I PowerManagerService: Going to sleep due to screen timeout (uid 1000)...
01-20 16:02:30.815   807   851 I power_sleep_requested: 0
01-20 16:02:31.383   807   849 I DisplayManagerService: Display device changed: DisplayDeviceInfo{"Built-in Screen": uniqueId="local:0", 1440 x 2560, 60.0 fps, supportedRefreshRates [60.0], density 560, 494.27 x 492.606 dpi, appVsyncOff 7500000, presDeadline 12666667, touch INTERNAL, rotation 0, type BUILT_IN, state OFF, FLAG_DEFAULT_DISPLAY, FLAG_ROTATES_WITH_CONTENT, FLAG_SECURE, FLAG_SUPPORTS_PROTECTED_BUFFERS}
01-20 16:02:31.384   272   272 D SurfaceFlinger: Set power mode=0, type=0 flinger=0xb6082000
01-20 16:02:31.384   272   272 D qdhwcomposer: hwc_setPowerMode: Setting mode 0 on display: 0
01-20 16:02:31.384   807   807 V ActivityManager: Display changed displayId=0
01-20 16:02:31.389  1422  1422 D RILJ    : [3973]> SCREEN_STATE: false [SUB0]
01-20 16:02:31.396   352   476 E use-Rlog/RLOG-RIL-MOTEXT: Oem Hook header type 0, requestCode 0x0
01-20 16:02:31.396   352   476 E use-Rlog/RLOG-RIL-MOTEXT: Write Ril Request 59
01-20 16:02:31.397   352   476 D RILC    : RequestComplete, RIL_SOCKET_1
01-20 16:02:31.397   352   476 E RILC    : Send Response to RIL_SOCKET_1
01-20 16:02:31.398  1422  1546 D RILJ    : [3973]< SCREEN_STATE  [SUB0]
01-20 16:02:31.399   352   483 E use-Rlog/RLOG-RIL-MOTEXT: Process request 59, len=9
01-20 16:02:31.400   481   481 E use-Rlog/RLOG-RIL-MOTEXT: Read 9 bytes from pipe
01-20 16:02:31.400   481   481 E use-Rlog/RLOG-RIL-MOTEXT: msg Id is 0x5001e, type is 1. 
01-20 16:02:31.401   481   481 E use-Rlog/RLOG-RIL-MOTEXT: Received Generic Hook request 0x1e0005
01-20 16:02:31.401   481   481 D use-Rlog/RLOG-RIL-MOTEXT: handle generic request, msgID 0x5001e. msgLen 16777216, msgType 0
01-20 16:02:31.401   481   481 E use-Rlog/RLOG-RIL-MOTEXT: sys_info filter: sending motext util request
01-20 16:02:31.411   481   481 E use-Rlog/RLOG-RIL-MOTEXT: sys_info filter: sending request result is 0
01-20 16:02:31.411   481   481 E use-Rlog/RLOG-RIL-MOTEXT: sys_info filter: sending response, msgLen 0x1, resp value 0.
01-20 16:02:31.411   481   481 E use-Rlog/RLOG-RIL-MOTEXT: Child process waiting for data
01-20 16:02:31.411   352   483 E use-Rlog/RLOG-RIL-MOTEXT: CallRequestComplete buf size=9
01-20 16:02:31.411   352   483 E use-Rlog/RLOG-RIL-MOTEXT: CallRequestComplete msgId=0x5001e, headerType=1
01-20 16:02:31.411   352   483 E use-Rlog/RLOG-RIL-MOTEXT: handle generic response, motext msg len, 1
01-20 16:02:31.411   352   483 E use-Rlog/RLOG-RIL-MOTEXT: CallRequestComplete generic success,  responseLen=1
01-20 16:02:31.411   352   483 E RILC    : RIL_onRequestComplete: invalid RIL_Token
01-20 16:02:31.411   352   483 E use-Rlog/RLOG-RIL-MOTEXT: Finished processing onRequestComplete
01-20 16:02:31.411   352   483 E use-Rlog/RLOG-RIL-MOTEXT: CommThread Waiting for ril request
01-20 16:02:31.633   272   313 I qdhwcomposer: handle_blank_event: dpy:0 panel power state: 0
01-20 16:02:31.636   272   272 D qdhwcomposer: hwc_setPowerMode: Done setting mode 0 on display 0
01-20 16:02:31.636   807  1012 D SurfaceControl: Excessive delay in setPowerMode(): 253ms
01-20 16:02:31.641   807   851 I DreamManagerService: Entering dreamland.
01-20 16:02:31.641   807   851 I PowerManagerService: Dozing...
01-20 16:02:31.642   807   846 I DreamController: Starting dream: name=ComponentInfo{com.android.systemui/com.android.systemui.doze.DozeService}, isTest=false, canDoze=true, userId=0
01-20 16:02:31.642   807   807 I power_screen_state: [0,3,0,0]
01-20 16:02:31.642   807   807 I screen_toggled: 0
01-20 16:02:31.642   807   807 I power_screen_broadcast_send: 1
01-20 16:02:31.646   807   846 I am_create_service: [0,27346486,.DozeService,10019,1057]
01-20 16:02:31.658   807  1507 V ActivityManager: <<< DONE EXECUTING ServiceRecord{1a14636 u0 com.android.systemui/.doze.DozeService}: nesting=2, inDestroying=false, app=ProcessRecord{356ced13 1057:com.android.systemui/u0a19}
01-20 16:02:31.659   807  1258 V ActivityManager: <<< DONE EXECUTING ServiceRecord{1a14636 u0 com.android.systemui/.doze.DozeService}: nesting=1, inDestroying=false, app=ProcessRecord{356ced13 1057:com.android.systemui/u0a19}
01-20 16:02:31.664   807   956 E WifiStateMachine: cancelDelayedScan -> 10
01-20 16:02:31.673   354  1218 D audio_hw_primary: adev_set_parameters: enter: screen_state=off
01-20 16:02:31.673   354  1218 D mot_vr_audio_hw: adev_set_parameters: screen_state=off
01-20 16:02:31.716  1057  1057 I sysui_heads_up_status: [,0]
01-20 16:02:31.719  1422  1422 D DCT     : [0]onReceive: action=android.intent.action.SCREEN_OFF
01-20 16:02:31.719  1422  1422 D DCT     : [0]stopNetStatPoll
01-20 16:02:31.721  1422  1422 D DCT     : [0]overall state is CONNECTED
01-20 16:02:31.721  1422  1422 D DCT     : [0]startNetStatPoll
01-20 16:02:31.728  1422  1422 D DCT     : [0]getRecoveryAction: 0
01-20 16:02:31.728  1422  1422 D DCT     : [0]restartDataStallAlarm: stop then start.
01-20 16:02:31.728  1422  1422 D DCT     : [0]stopDataStallAlarm: current tag=21485 mDataStallAlarmIntent=PendingIntent{3c0c16e1: android.os.BinderProxy@10886265}
01-20 16:02:31.729  1422  1422 D DCT     : [0]getRecoveryAction: 0
01-20 16:02:31.729  1422  1422 D DCT     : [0]overall state is CONNECTED
01-20 16:02:31.729  1422  1422 D DCT     : [0]startDataStallAlarm: tag=21487 delay=360s
01-20 16:02:31.733   807   807 I power_screen_broadcast_done: [0,90,1]
01-20 16:02:36.468   807   807 I notification_cancel: [10019,1057,com.android.systemui,100,low_battery,-1,0,64,8,NULL]
01-20 16:02:36.692   807  1295 I notification_expansion: [-1|android|17040646|null|1000,0,0]
01-20 16:02:36.708  1057  1057 D PhoneStatusBar: disable: < expand ICONS* alerts SYSTEM_INFO* back home recent clock search >
01-20 16:02:36.720  1057  1833 D BluetoothAdapter: 428281140: getState() :  mService = null. Returning STATE_OFF
01-20 16:02:36.720  1057  1833 D BluetoothAdapter: 428281140: getState() :  mService = null. Returning STATE_OFF
01-20 16:02:36.740  1057  1833 D BluetoothAdapter: 428281140: getState() :  mService = null. Returning STATE_OFF
01-20 16:02:36.740  1057  1833 D BluetoothAdapter: 428281140: getState() :  mService = null. Returning STATE_OFF
01-20 16:02:36.756  1422  1651 D DCT     : [0]hasMatchedTetherApnSetting: APN=null
01-20 16:02:36.763  1057  1057 I sysui_status_bar_state: [1,1,0,0,0,1]
01-20 16:02:36.812   807  1238 I am_pause_activity: [0,970591731,com.android.settings/.deviceinfo.ImeiInformation]
01-20 16:02:36.813  1422  1422 I am_on_paused_called: [0,com.android.settings.deviceinfo.ImeiInformation]
01-20 16:02:36.842   272   272 I sf_frame_dur: [NavigationBar,33,0,0,0,1,0,1]
01-20 16:02:36.845  1057  1057 D PhoneStatusBar: disable: < expand ICONS alerts SYSTEM_INFO back HOME* RECENT* clock SEARCH* >
01-20 16:03:03.460   807   926 I PowerManagerService: Waking up from dozing (uid 1000)...
01-20 16:03:03.461   807   807 I power_screen_state: [1,0,0,0]
01-20 16:03:03.461   807   807 I screen_toggled: 1
01-20 16:03:03.461   807   807 V KeyguardServiceDelegate: onScreenTurnedOn(showListener = com.android.internal.policy.impl.PhoneWindowManager$2@3d11253d)
01-20 16:03:03.461   807   851 I DisplayPowerController: Blocking screen on until initial contents have been drawn.
01-20 16:03:03.462   807   807 I power_screen_broadcast_send: 1
01-20 16:03:03.466   807   956 E WifiStateMachine: cancelDelayedScan -> 11
01-20 16:03:03.467   807  1038 I notification_panel_revealed: []
01-20 16:03:03.467   807   824 I notification_visibility_changed: [-1|android|17040646|null|1000,]
01-20 16:03:03.470   354  1219 D audio_hw_primary: adev_set_parameters: enter: screen_state=on
01-20 16:03:03.470   354  1219 D mot_vr_audio_hw: adev_set_parameters: screen_state=on
01-20 16:03:03.470   272   272 D SurfaceFlinger: Set power mode=2, type=0 flinger=0xb6082000
01-20 16:03:03.470   272   272 D qdhwcomposer: hwc_setPowerMode: Setting mode 2 on display: 0
01-20 16:03:03.470   807   849 I DisplayManagerService: Display device changed: DisplayDeviceInfo{"Built-in Screen": uniqueId="local:0", 1440 x 2560, 60.0 fps, supportedRefreshRates [60.0], density 560, 494.27 x 492.606 dpi, appVsyncOff 7500000, presDeadline 12666667, touch INTERNAL, rotation 0, type BUILT_IN, state ON, FLAG_DEFAULT_DISPLAY, FLAG_ROTATES_WITH_CONTENT, FLAG_SECURE, FLAG_SUPPORTS_PROTECTED_BUFFERS}
01-20 16:03:03.472  1422  1422 D RILJ    : [3974]> SCREEN_STATE: true [SUB0]
01-20 16:03:03.475   807   807 V ActivityManager: Display changed displayId=0
01-20 16:03:03.479   352   476 E use-Rlog/RLOG-RIL-MOTEXT: Oem Hook header type 0, requestCode 0x0
01-20 16:03:03.479   352   476 E use-Rlog/RLOG-RIL-MOTEXT: Write Ril Request 59
01-20 16:03:03.479   352   483 E use-Rlog/RLOG-RIL-MOTEXT: Process request 59, len=9
01-20 16:03:03.479   481   481 E use-Rlog/RLOG-RIL-MOTEXT: Read 9 bytes from pipe
01-20 16:03:03.479   481   481 E use-Rlog/RLOG-RIL-MOTEXT: msg Id is 0x5001e, type is 1. 
01-20 16:03:03.479   481   481 E use-Rlog/RLOG-RIL-MOTEXT: Received Generic Hook request 0x1e0005
01-20 16:03:03.479   481   481 D use-Rlog/RLOG-RIL-MOTEXT: handle generic request, msgID 0x5001e. msgLen 16777216, msgType 0
01-20 16:03:03.479   481   481 E use-Rlog/RLOG-RIL-MOTEXT: sys_info filter: sending motext util request
01-20 16:03:03.480   352   476 D RILC    : RequestComplete, RIL_SOCKET_1
01-20 16:03:03.480   352   476 E RILC    : Send Response to RIL_SOCKET_1
01-20 16:03:03.480  1422  1546 D RILJ    : [3974]< SCREEN_STATE  [SUB0]
01-20 16:03:03.488   481   481 E use-Rlog/RLOG-RIL-MOTEXT: sys_info filter: sending request result is 0
01-20 16:03:03.489   481   481 E use-Rlog/RLOG-RIL-MOTEXT: sys_info filter: sending response, msgLen 0x1, resp value 0.
01-20 16:03:03.489   481   481 E use-Rlog/RLOG-RIL-MOTEXT: Child process waiting for data
01-20 16:03:03.489   352   483 E use-Rlog/RLOG-RIL-MOTEXT: CallRequestComplete buf size=9
01-20 16:03:03.489   352   483 E use-Rlog/RLOG-RIL-MOTEXT: CallRequestComplete msgId=0x5001e, headerType=1
01-20 16:03:03.489   352   483 E use-Rlog/RLOG-RIL-MOTEXT: handle generic response, motext msg len, 1
01-20 16:03:03.489   352   483 E use-Rlog/RLOG-RIL-MOTEXT: CallRequestComplete generic success,  responseLen=1
01-20 16:03:03.489   352   483 E RILC    : RIL_onRequestComplete: invalid RIL_Token
01-20 16:03:03.489   352   483 E use-Rlog/RLOG-RIL-MOTEXT: Finished processing onRequestComplete
01-20 16:03:03.489   352   483 E use-Rlog/RLOG-RIL-MOTEXT: CommThread Waiting for ril request
01-20 16:03:03.541   352   487 I RILC    : RIL_SOCKET_1 UNSOLICITED: UNSOL_RESPONSE_VOICE_NETWORK_STATE_CHANGED length:8
01-20 16:03:03.541   352   487 E RILC    : Send Response to RIL_SOCKET_1
01-20 16:03:03.542  1422  1546 D RILJ    : [UNSL]< UNSOL_RESPONSE_VOICE_NETWORK_STATE_CHANGED [SUB0]
01-20 16:03:03.542  1422  1422 D CdmaSST : [CdmaLteSST] handleMessage: 30
01-20 16:03:03.542  1422  1422 D RILJ    : [3975]> OPERATOR [SUB0]
01-20 16:03:03.542   352   487 I RILC    : RIL_SOCKET_1 UNSOLICITED: UNSOL_SIGNAL_STRENGTH length:60
01-20 16:03:03.542   352   487 E RILC    : Send Response to RIL_SOCKET_1
01-20 16:03:03.543  1422  1422 D RILJ    : [3976]> VOICE_REGISTRATION_STATE [SUB0]
01-20 16:03:03.543  1422  1422 D RILJ    : [3977]> DATA_REGISTRATION_STATE [SUB0]
01-20 16:03:03.544  1422  1422 D CdmaSST : [CdmaLteSST] handleMessage: 12
01-20 16:03:03.544  1422  1422 D DefaultPhoneNotifier: notifySignalStrength: mRegistry=com.android.internal.telephony.ITelephonyRegistry$Stub$Proxy@2676d601 ss=SignalStrength: 99 0 -120 -160 -120 -1 -1 17 -112 -16 -46 2147483647 gsm|lte sender=Handler (com.android.internal.telephony.cdma.CDMALTEPhone) {af4fc98}
01-20 16:03:03.564   352  2602 D RILC    : RequestComplete, RIL_SOCKET_1
01-20 16:03:03.564   352  2602 E RILC    : Send Response to RIL_SOCKET_1
01-20 16:03:03.565  1422  1546 D RILJ    : [3975]< OPERATOR {Verizon Wireless, VzW, 311480} [SUB0]
01-20 16:03:03.565  1422  1422 D CdmaSST : [CdmaLteSST] handleMessage: 25
01-20 16:03:03.565   352  2603 D RILC    : RequestComplete, RIL_SOCKET_1
01-20 16:03:03.565   352  2603 E RILC    : Send Response to RIL_SOCKET_1
01-20 16:03:03.566  1422  1546 D RILJ    : [3976]< VOICE_REGISTRATION_STATE {1, 8508, 0208c901, 14, null, null, null, 0, null, null, null, null, null, 0, null} [SUB0]
01-20 16:03:03.566  1422  1422 D CdmaSST : [CdmaLteSST] handleMessage: 24
01-20 16:03:03.566  1422  1422 D PHONE   : [ServiceState] setVoiceRegState=0
01-20 16:03:03.566  1422  1422 E PHONE   : [ServiceState] setState deprecated use setVoiceRegState()
01-20 16:03:03.576   352  2604 D RILC    : RequestComplete, RIL_SOCKET_1
01-20 16:03:03.576   352  2604 E RILC    : Send Response to RIL_SOCKET_1
01-20 16:03:03.576  1422  1546 D RILJ    : [3977]< DATA_REGISTRATION_STATE {1, null, 0208c901, 14, null, 20, 34056, 318, 34130177, null, null} [SUB0]
01-20 16:03:03.576  1422  1422 D CdmaSST : [CdmaLteSST] handleMessage: 5
01-20 16:03:03.576  1422  1422 D CdmaSST : [CdmaLteSST] handleMessage EVENT_POLL_STATE_GPRS
01-20 16:03:03.577   352   476 I RILC    : RIL_SOCKET_1 UNSOLICITED: UNSOL_RESPONSE_VOICE_NETWORK_STATE_CHANGED length:8
01-20 16:03:03.577   352   476 E RILC    : Send Response to RIL_SOCKET_1
01-20 16:03:03.577  1422  1422 D CdmaSST : [CdmaLteSST] handlePollStateResultMessage: EVENT_POLL_STATE_GPRS states.length=11 states=[Ljava.lang.String;@36f6d2c7
01-20 16:03:03.577  1422  1546 D RILJ    : [UNSL]< UNSOL_RESPONSE_VOICE_NETWORK_STATE_CHANGED [SUB0]
01-20 16:03:03.577  1422  1422 D CdmaSST : [CdmaLteSST] handlePollStateResultMessage: mNewLteCellIdentity=CellIdentityLte:{ mMcc=311 mMnc=480 mCi=34130177 mPci=318 mTac=34056}
01-20 16:03:03.577  1422  1422 D PHONE   : [ServiceState] setDataRadioTechnology=14
01-20 16:03:03.577  1422  1422 D PHONE   : [ServiceState] setDataRegState=0
01-20 16:03:03.577  1422  1422 D CdmaSST : [CdmaLteSST] handlPollStateResultMessage: CdmaLteSST setDataRegState=0 regState=1 dataRadioTechnology=14
01-20 16:03:03.577  1422  1422 D TelephonyManager: getTelephonyProperty: return propVal='null' phoneId=0 property='gsm.sim.operator.alpha' defaultVal='empty' prop=
01-20 16:03:03.577  1422  1422 D CdmaSST : [CdmaLteSST] Turn off roaming indicator as voice is LTE
01-20 16:03:03.578  1422  1422 D CdmaSST : [CdmaLteSST] Set CDMA Roaming Indicator to: 1. voiceRoaming = false. dataRoaming = false, isPrlLoaded = true. namMatch = true , mIsInPrl = false, mRoamingIndicator = -1, mDefaultRoamingIndicator= 0
01-20 16:03:03.578  1422  1422 D CdmaSST : [CdmaLteSST] pollStateDone: lte 1 ss=[0 0 voice home data home Verizon Wireless VzW 311480 Verizon Wireless VzW 311480  LTE LTE CSS not supported 0 0 RoamInd=1 DefRoamInd=0 EmergOnly=false] newSS=[0 0 voice home data home Verizon Wireless VzW 311480 Verizon Wireless VzW 311480  LTE LTE CSS not supported 0 0 RoamInd=1 DefRoamInd=0 EmergOnly=false]
01-20 16:03:03.578  1422  1422 D CdmaSST : [CdmaLteSST] pollStateDone: hasRegistered=false hasDeegistered=false hasCdmaDataConnectionAttached=false hasCdmaDataConnectionDetached=false hasCdmaDataConnectionChanged=false hasVoiceRadioTechnologyChanged= false hasDataRadioTechnologyChanged=false hasChanged=false hasVoiceRoamingOn=false hasVoiceRoamingOff=false hasDataRoamingOn=false hasDataRoamingOff=false hasLocationChanged=false has4gHandoff = false hasMultiApnSupport=false hasLostMultiApnSupport=false
01-20 16:03:03.578  1422  1422 D PHONE   : [ServiceState] setNullState=1
01-20 16:03:03.578  1422  1422 D PHONE   : [ServiceState] setNullState=1
01-20 16:03:03.578  1422  1422 D CdmaSST : [CdmaLteSST] pollStateDone: hasRegistered=false hasDeregistered=false cidChanged=true mCellInfo=CellInfoLte:{mRegistered=YES mTimeStampType=java_ril mTimeStamp=438795000ns CellIdentityLte:{ mMcc=311 mMnc=480 mCi=34130177 mPci=318 mTac=34056} CellSignalStrengthLte: ss=17 rsrp=-112 rsrq=-16 rssnr=-46 cqi=2147483647 ta=2147483647}
01-20 16:03:03.579  1422  1422 D CdmaSST : [CdmaLteSST] handleMessage: 30
01-20 16:03:03.579  1422  1422 D RILJ    : [3978]> OPERATOR [SUB0]
01-20 16:03:03.580  1422  1422 D RILJ    : [3979]> VOICE_REGISTRATION_STATE [SUB0]
01-20 16:03:03.580  1422  1422 D RILJ    : [3980]> DATA_REGISTRATION_STATE [SUB0]
01-20 16:03:03.595   352  2605 D RILC    : RequestComplete, RIL_SOCKET_1
01-20 16:03:03.595   352  2605 E RILC    : Send Response to RIL_SOCKET_1
01-20 16:03:03.595  1422  1546 D RILJ    : [3978]< OPERATOR {Verizon Wireless, VzW, 311480} [SUB0]
01-20 16:03:03.596  1422  1422 D CdmaSST : [CdmaLteSST] handleMessage: 25
01-20 16:03:03.597   352  2606 D RILC    : RequestComplete, RIL_SOCKET_1
01-20 16:03:03.597   352  2606 E RILC    : Send Response to RIL_SOCKET_1
01-20 16:03:03.597  1422  1546 D RILJ    : [3979]< VOICE_REGISTRATION_STATE {1, 8508, 0208c901, 14, null, null, null, 0, null, null, 1, null, null, 0, null} [SUB0]
01-20 16:03:03.597  1422  1422 D CdmaSST : [CdmaLteSST] handleMessage: 24
01-20 16:03:03.597  1422  1422 D PHONE   : [ServiceState] setVoiceRegState=0
01-20 16:03:03.598  1422  1422 E PHONE   : [ServiceState] setState deprecated use setVoiceRegState()
01-20 16:03:03.607   352  2607 D RILC    : RequestComplete, RIL_SOCKET_1
01-20 16:03:03.607   352  2607 E RILC    : Send Response to RIL_SOCKET_1
01-20 16:03:03.608  1422  1546 D RILJ    : [3980]< DATA_REGISTRATION_STATE {1, null, 0208c901, 14, null, 20, 34056, 318, 34130177, null, null} [SUB0]
01-20 16:03:03.608  1422  1422 D CdmaSST : [CdmaLteSST] handleMessage: 5
01-20 16:03:03.608  1422  1422 D CdmaSST : [CdmaLteSST] handleMessage EVENT_POLL_STATE_GPRS
01-20 16:03:03.608  1422  1422 D CdmaSST : [CdmaLteSST] handlePollStateResultMessage: EVENT_POLL_STATE_GPRS states.length=11 states=[Ljava.lang.String;@283a90f4
01-20 16:03:03.608  1422  1422 D CdmaSST : [CdmaLteSST] handlePollStateResultMessage: mNewLteCellIdentity=CellIdentityLte:{ mMcc=311 mMnc=480 mCi=34130177 mPci=318 mTac=34056}
01-20 16:03:03.608  1422  1422 D PHONE   : [ServiceState] setDataRadioTechnology=14
01-20 16:03:03.608  1422  1422 D PHONE   : [ServiceState] setDataRegState=0
01-20 16:03:03.608  1422  1422 D CdmaSST : [CdmaLteSST] handlPollStateResultMessage: CdmaLteSST setDataRegState=0 regState=1 dataRadioTechnology=14
01-20 16:03:03.608  1422  1422 D TelephonyManager: getTelephonyProperty: return propVal='null' phoneId=0 property='gsm.sim.operator.alpha' defaultVal='empty' prop=
01-20 16:03:03.608  1422  1422 D CdmaSST : [CdmaLteSST] Turn off roaming indicator as voice is LTE
01-20 16:03:03.608  1422  1422 D CdmaSST : [CdmaLteSST] Set CDMA Roaming Indicator to: 1. voiceRoaming = false. dataRoaming = false, isPrlLoaded = true. namMatch = true , mIsInPrl = false, mRoamingIndicator = 1, mDefaultRoamingIndicator= 0
01-20 16:03:03.609  1422  1422 D CdmaSST : [CdmaLteSST] pollStateDone: lte 1 ss=[0 0 voice home data home Verizon Wireless VzW 311480 Verizon Wireless VzW 311480  LTE LTE CSS not supported 0 0 RoamInd=1 DefRoamInd=0 EmergOnly=false] newSS=[0 0 voice home data home Verizon Wireless VzW 311480 Verizon Wireless VzW 311480  LTE LTE CSS not supported 0 0 RoamInd=1 DefRoamInd=0 EmergOnly=false]
01-20 16:03:03.609  1422  1422 D CdmaSST : [CdmaLteSST] pollStateDone: hasRegistered=false hasDeegistered=false hasCdmaDataConnectionAttached=false hasCdmaDataConnectionDetached=false hasCdmaDataConnectionChanged=false hasVoiceRadioTechnologyChanged= false hasDataRadioTechnologyChanged=false hasChanged=false hasVoiceRoamingOn=false hasVoiceRoamingOff=false hasDataRoamingOn=false hasDataRoamingOff=false hasLocationChanged=false has4gHandoff = false hasMultiApnSupport=false hasLostMultiApnSupport=false
01-20 16:03:03.609  1422  1422 D PHONE   : [ServiceState] setNullState=1
01-20 16:03:03.609  1422  1422 D PHONE   : [ServiceState] setNullState=1
01-20 16:03:03.609  1422  1422 D CdmaSST : [CdmaLteSST] pollStateDone: hasRegistered=false hasDeregistered=false cidChanged=true mCellInfo=CellInfoLte:{mRegistered=YES mTimeStampType=java_ril mTimeStamp=438795000ns CellIdentityLte:{ mMcc=311 mMnc=480 mCi=34130177 mPci=318 mTac=34056} CellSignalStrengthLte: ss=17 rsrp=-112 rsrq=-16 rssnr=-46 cqi=2147483647 ta=2147483647}
01-20 16:03:03.632   352   487 E RILQ    : (0/352): RIL[0][event] get_ecc_property_name: ecc list name : ril.ecclist.
01-20 16:03:03.704   272   313 I qdhwcomposer: handle_blank_event: dpy:0 panel power state: 1
01-20 16:03:03.706   272   272 D qdhwcomposer: hwc_setPowerMode: Done setting mode 2 on display 0
01-20 16:03:03.706   807  1012 D SurfaceControl: Excessive delay in setPowerMode(): 237ms
01-20 16:03:03.708   807   823 V KeyguardServiceDelegate: **** SHOWN CALLED ****
01-20 16:03:03.710  1353  1593 D BrcmNfcJni: RoutingManager::nfaEeCallback: NFA_EE_SET_TECH_CFG_EVT; status=0x0
01-20 16:03:03.711  1353  1593 D BrcmNfcJni: RoutingManager::nfaEeCallback: NFA_EE_SET_PROTO_CFG_EVT; status=0x0
01-20 16:03:03.711  1353  2454 D BrcmNfcJni: RoutingManager::commitRouting
01-20 16:03:03.711  1422  1422 D DCT     : [0]onReceive: action=android.intent.action.SCREEN_ON
01-20 16:03:03.711  1422  1422 D DCT     : [0]stopNetStatPoll
01-20 16:03:03.712   807   851 I DisplayPowerController: Unblocked screen on after 250 ms
01-20 16:03:03.713  1422  1422 D DCT     : [0]overall state is CONNECTED
01-20 16:03:03.713  1422  1422 D DCT     : [0]startNetStatPoll
01-20 16:03:03.728  1422  1422 D DCT     : [0]getRecoveryAction: 0
01-20 16:03:03.728  1422  1422 D DCT     : [0]restartDataStallAlarm: stop then start.
01-20 16:03:03.728  1422  1422 D DCT     : [0]stopDataStallAlarm: current tag=21487 mDataStallAlarmIntent=PendingIntent{9d2401d: android.os.BinderProxy@10886265}
01-20 16:03:03.728   807   851 I DreamManagerService: Gently waking up from dream.
01-20 16:03:03.729  1422  1422 D DCT     : [0]getRecoveryAction: 0
01-20 16:03:03.729  1422  1422 D DCT     : [0]overall state is CONNECTED
01-20 16:03:03.729   807  1238 I DreamManagerService: Leaving dreamland.
01-20 16:03:03.729  1422  1422 D DCT     : [0]startDataStallAlarm: tag=21489 delay=60s
01-20 16:03:03.729   272   272 I sf_frame_dur: [ColorFade,26,0,1,0,0,0,0]
01-20 16:03:03.729   807   846 I DreamController: Stopping dream: name=ComponentInfo{com.android.systemui/com.android.systemui.doze.DozeService}, isTest=false, canDoze=true, userId=0
01-20 16:03:03.730   807   846 I am_destroy_service: [0,27346486,1057]
01-20 16:03:03.731   807   807 I power_screen_broadcast_done: [1,269,1]
01-20 16:03:03.732  1353  1593 D BrcmNfcJni: RoutingManager::nfaEeCallback: NFA_EE_UPDATED_EVT
01-20 16:03:03.734   807  1234 V ActivityManager: <<< DONE EXECUTING ServiceRecord{1a14636 u0 com.android.systemui/.doze.DozeService}: nesting=2, inDestroying=true, app=ProcessRecord{356ced13 1057:com.android.systemui/u0a19}
01-20 16:03:03.734   807  1234 V ActivityManager: <<< DONE EXECUTING ServiceRecord{1a14636 u0 com.android.systemui/.doze.DozeService}: nesting=1, inDestroying=true, app=ProcessRecord{356ced13 1057:com.android.systemui/u0a19}
01-20 16:03:04.406  1057  1057 I sysui_lockscreen_gesture: [1,144,4061]
01-20 16:03:04.501   807  1431 I notification_visibility_changed: [,-1|android|17040646|null|1000]
01-20 16:03:04.501   807  1139 I notification_panel_hidden: []
01-20 16:03:04.503  1057  1057 I screen_toggled: 2
01-20 16:03:04.504  1057  1057 D PhoneStatusBar: disable: < expand ICONS alerts SYSTEM_INFO back HOME RECENT clock SEARCH >
01-20 16:03:04.519  1057  1057 W AudioTrack: AUDIO_OUTPUT_FLAG_FAST denied by client
01-20 16:03:04.521   354   953 D audio_hw_primary: out_set_parameters: enter: usecase(1: low-latency-playback) kvpairs: routing=2
01-20 16:03:04.523  1057  1057 D PhoneStatusBar: disable: < expand icons* alerts system_info* back HOME RECENT clock SEARCH >
01-20 16:03:04.526   807   824 I notification_expansion: [-1|android|17040646|null|1000,0,1]
01-20 16:03:04.529  1057  1833 D BluetoothAdapter: 428281140: getState() :  mService = null. Returning STATE_OFF
01-20 16:03:04.529  1057  1833 D BluetoothAdapter: 428281140: getState() :  mService = null. Returning STATE_OFF
01-20 16:03:04.530  1057  1057 I sysui_status_bar_state: [0,0,0,0,0,1]
01-20 16:03:04.531   807  1507 I am_resume_activity: [0,970591731,20,com.android.settings/.deviceinfo.ImeiInformation]
01-20 16:03:04.532   354   842 D audio_hw_primary: select_devices: out_snd_device(2: speaker) in_snd_device(0: none)
01-20 16:03:04.532   354   842 D msm8974_platform: platform_send_audio_calibration: sending audio calibration for snd_device(2) acdb_id(15)
01-20 16:03:04.532   354   842 D audio_hw_primary: enable_snd_device: snd_device(2: speaker)
01-20 16:03:04.535   354   842 D audio_hw_primary: enable_audio_route: apply and update mixer path: low-latency-playback speaker
01-20 16:03:04.536  1422  1422 I am_on_resume_called: [0,com.android.settings.deviceinfo.ImeiInformation]
01-20 16:03:04.539  1422  1651 D DCT     : [0]hasMatchedTetherApnSetting: APN=null
01-20 16:03:04.557   807  1295 W InputMethodManagerService: Window already focused, ignoring focus gain of: com.android.internal.view.IInputMethodClient$Stub$Proxy@1bca85c3 attribute=android.view.inputmethod.EditorInfo@1ce8e40, token = android.os.BinderProxy@2f137e12
01-20 16:03:04.557  1057  1057 D PhoneStatusBar: disable: < expand icons alerts system_info back home* recent* clock search* >
01-20 16:03:04.566  1353  1593 E BrcmNfcJni: nfaConnectionCallback: unknown event ????
01-20 16:03:04.566  1353  1593 D BrcmNfcJni: RoutingManager::nfaEeCallback: NFA_EE_SET_TECH_CFG_EVT; status=0x0
01-20 16:03:04.566  1353  1593 D BrcmNfcJni: RoutingManager::nfaEeCallback: NFA_EE_SET_PROTO_CFG_EVT; status=0x0
01-20 16:03:04.566  1353  1587 D BrcmNfcJni: RoutingManager::commitRouting
01-20 16:03:04.571  1353  1593 D BrcmNfcJni: RoutingManager::nfaEeCallback: NFA_EE_UPDATED_EVT
01-20 16:03:06.578   352   487 I RILC    : RIL_SOCKET_1 UNSOLICITED: UNSOL_SIGNAL_STRENGTH length:60
01-20 16:03:06.578   352   487 E RILC    : Send Response to RIL_SOCKET_1
01-20 16:03:06.578  1422  1422 D CdmaSST : [CdmaLteSST] handleMessage: 12
01-20 16:03:06.579  1422  1422 D DefaultPhoneNotifier: notifySignalStrength: mRegistry=com.android.internal.telephony.ITelephonyRegistry$Stub$Proxy@2676d601 ss=SignalStrength: 99 0 -120 -160 -120 -1 -1 19 -110 -16 -34 2147483647 gsm|lte sender=Handler (com.android.internal.telephony.cdma.CDMALTEPhone) {af4fc98}
01-20 16:03:07.897   354   953 D audio_hw_primary: disable_audio_route: reset and update mixer path: low-latency-playback speaker
01-20 16:03:07.902   354   953 D audio_hw_primary: disable_snd_device: snd_device(2: speaker)
01-20 16:03:12.037   352   487 I RILC    : RIL_SOCKET_1 UNSOLICITED: UNSOL_SIGNAL_STRENGTH length:60
01-20 16:03:12.037   352   487 E RILC    : Send Response to RIL_SOCKET_1
01-20 16:03:12.038  1422  1422 D CdmaSST : [CdmaLteSST] handleMessage: 12
01-20 16:03:12.038  1422  1422 D DefaultPhoneNotifier: notifySignalStrength: mRegistry=com.android.internal.telephony.ITelephonyRegistry$Stub$Proxy@2676d601 ss=SignalStrength: 99 0 -120 -160 -120 -1 -1 19 -109 -16 -42 2147483647 gsm|lte sender=Handler (com.android.internal.telephony.cdma.CDMALTEPhone) {af4fc98}
01-20 16:03:15.583   352   487 I RILC    : RIL_SOCKET_1 UNSOLICITED: UNSOL_SIGNAL_STRENGTH length:60
01-20 16:03:15.583   352   487 E RILC    : Send Response to RIL_SOCKET_1
01-20 16:03:15.584  1422  1422 D CdmaSST : [CdmaLteSST] handleMessage: 12
01-20 16:03:15.584  1422  1422 D DefaultPhoneNotifier: notifySignalStrength: mRegistry=com.android.internal.telephony.ITelephonyRegistry$Stub$Proxy@2676d601 ss=SignalStrength: 99 0 -120 -160 -120 -1 -1 19 -108 -16 -38 2147483647 gsm|lte sender=Handler (com.android.internal.telephony.cdma.CDMALTEPhone) {af4fc98}
01-20 16:03:17.669   807   925 I ActivityManager: START u0 {act=android.intent.action.MAIN cat=[android.intent.category.HOME] flg=0x10200000 cmp=com.android.launcher/com.android.launcher2.Launcher} from uid 1000 on display 0
01-20 16:03:17.671   807   925 I wm_task_moved: [19,1,0]
01-20 16:03:17.674   807   925 I wm_task_moved: [19,1,0]
01-20 16:03:17.679   354   953 D audio_hw_primary: out_set_parameters: enter: usecase(1: low-latency-playback) kvpairs: routing=2
01-20 16:03:17.687   807   925 I am_pause_activity: [0,970591731,com.android.settings/.deviceinfo.ImeiInformation]
01-20 16:03:17.688  1422  1422 I am_on_paused_called: [0,com.android.settings.deviceinfo.ImeiInformation]
01-20 16:03:17.690   354   842 D audio_hw_primary: select_devices: out_snd_device(2: speaker) in_snd_device(0: none)
01-20 16:03:17.690   354   842 D msm8974_platform: platform_send_audio_calibration: sending audio calibration for snd_device(2) acdb_id(15)
01-20 16:03:17.690   354   842 D audio_hw_primary: enable_snd_device: snd_device(2: speaker)
01-20 16:03:17.693   807   925 I am_resume_activity: [0,743978323,19,com.android.launcher/com.android.launcher2.Launcher]
01-20 16:03:17.693   354   842 D audio_hw_primary: enable_audio_route: apply and update mixer path: low-latency-playback speaker
01-20 16:03:17.696   807   925 I am_task_to_front: [0,19]
01-20 16:03:17.696   807   925 I am_new_intent: [0,331725599,19,com.android.launcher/com.android.launcher2.Launcher,android.intent.action.MAIN,NULL,NULL,274726912]
01-20 16:03:17.716  1455  1455 I am_on_resume_called: [0,com.android.launcher2.Launcher]
01-20 16:03:18.259   272   272 I sf_frame_dur: [com.android.settings/com.android.settings.deviceinfo.ImeiInformation,15,1,0,0,2,1,3]
01-20 16:03:18.286  1455  1660 W OpenGLRenderer: Incorrectly called buildLayer on View: ShortcutAndWidgetContainer, destroying layer...
01-20 16:03:18.286  1455  1660 W OpenGLRenderer: Incorrectly called buildLayer on View: ShortcutAndWidgetContainer, destroying layer...
01-20 16:03:18.286  1455  1660 W OpenGLRenderer: Incorrectly called buildLayer on View: ShortcutAndWidgetContainer, destroying layer...
01-20 16:03:18.694  1057  1057 W ResourceType: No package identifier when getting value for resource number 0x00000000
01-20 16:03:18.694  1057  1057 W PackageManager: Failure retrieving resources for com.android.settings: Resource ID #0x0
01-20 16:03:20.412   807  1295 I ActivityManager: START u0 {act=android.intent.action.MAIN cat=[android.intent.category.LAUNCHER] flg=0x10200000 cmp=com.android.dialer/.DialtactsActivity bnds=[146,2140][370,2364] (has extras)} from uid 10010 on display 0
01-20 16:03:20.415   807  1295 I wm_task_moved: [20,1,0]
01-20 16:03:20.417   807  1295 I am_create_task: [0,21]
01-20 16:03:20.417   807  1295 I am_create_activity: [0,195929777,21,com.android.dialer/.DialtactsActivity,android.intent.action.MAIN,NULL,NULL,270532608]
01-20 16:03:20.417   807  1295 V WindowManager: addAppToken: AppWindowToken{325def17 token=Token{3fa01796 ActivityRecord{bada6b1 u0 com.android.dialer/.DialtactsActivity t21}}} to stack=1 task=21 at 0
01-20 16:03:20.417   807  1295 I wm_task_created: [21,1]
01-20 16:03:20.417   807  1295 I wm_task_moved: [21,1,1]
01-20 16:03:20.417   807  1295 I am_pause_activity: [0,743978323,com.android.launcher/com.android.launcher2.Launcher]
01-20 16:03:20.420   354   953 D audio_hw_primary: out_set_parameters: enter: usecase(1: low-latency-playback) kvpairs: routing=2
01-20 16:03:20.422  1455  1455 I am_on_paused_called: [0,com.android.launcher2.Launcher]
01-20 16:03:20.463   807  1234 I am_proc_start: [0,2622,10006,com.android.dialer,activity,com.android.dialer/.DialtactsActivity]
01-20 16:03:20.463   807  1234 I ActivityManager: Start proc 2622:com.android.dialer/u0a6 for activity com.android.dialer/.DialtactsActivity
01-20 16:03:20.464   807   843 I dvm_lock_sample: [system_server,1,ActivityManager,40,ActivityStackSupervisor.java,3506,ActivityManagerService.java,6305,8]
01-20 16:03:20.480   807  1391 I am_proc_bound: [0,2622,com.android.dialer]
01-20 16:03:20.482   807  1391 I am_restart_activity: [0,195929777,21,com.android.dialer/.DialtactsActivity]
01-20 16:03:20.508  2622  2622 D ExtensionsFactory: No custom extensions.
01-20 16:03:20.514   807   849 V WindowManager: Adding window Window{14982a9c u0 Starting com.android.dialer} at 6 of 11 (after Window{fa259e3 u0 com.android.settings/com.android.settings.deviceinfo.ImeiInformation})
01-20 16:03:20.585  2622  2622 D TelephonyManager: getTelephonyProperty: return propVal='us' phoneId=0 property='gsm.sim.operator.iso-country' defaultVal='' prop=us
01-20 16:03:20.600  1422  1651 D PhoneFactory: getPhone:- phoneId != DEFAULT_PHONE_ID return sProxyPhones[phoneId] phoneId=0 phone=Handler (com.android.internal.telephony.PhoneProxy) {378458ef}
01-20 16:03:20.601  2622  2622 D TelephonyManager: getTelephonyProperty: return propVal='us' phoneId=0 property='gsm.sim.operator.iso-country' defaultVal='' prop=us
01-20 16:03:20.610  2622  2622 I ContactPhotoManager: Cache adj: 1.0
01-20 16:03:20.645  1422  1651 D PhoneFactory: getPhone:- phoneId != DEFAULT_PHONE_ID return sProxyPhones[phoneId] phoneId=0 phone=Handler (com.android.internal.telephony.PhoneProxy) {378458ef}
01-20 16:03:20.647  2622  2622 D TelephonyManager: getTelephonyProperty: return propVal='us' phoneId=0 property='gsm.sim.operator.iso-country' defaultVal='' prop=us
