01-20 15:56:01.592   807   807 V ActivityManager: <<< DONE EXECUTING ServiceRecord{3ac63fd5 u0 android/com.android.internal.backup.LocalTransportService}: nesting=1, inDestroying=false, app=ProcessRecord{1d8187de 807:system/1000}
01-20 15:56:01.598   807   807 V ActivityManager: Display changed displayId=0
01-20 15:56:01.605   807   807 I Telecom : TelecomGlobals: TelecomGlobals initializing
01-20 15:56:01.648   807   807 I Telecom : TelecomGlobals: CallsManager initialized
01-20 15:56:01.650   807   807 W ContextImpl: Calling a method in the system process without a qualified user: android.app.ContextImpl.startService:1692 android.content.ContextWrapper.startService:516 com.android.server.telecom.BluetoothPhoneService.start:438 com.android.server.telecom.TelecomGlobals.initialize:93 com.android.server.telecom.TelecomService.onCreate:164 
01-20 15:56:01.650   807   807 I am_create_service: [0,141295186,.BluetoothPhoneService,1000,807]
01-20 15:56:01.652   807   807 V ActivityManager: <<< DONE EXECUTING ServiceRecord{35544fd8 u0 com.android.server.telecom/.TelecomService}: nesting=2, inDestroying=false, app=ProcessRecord{1d8187de 807:system/1000}
01-20 15:56:01.667   807  1038 V ActivityManager: <<< DONE EXECUTING ServiceRecord{2bb3b97 u0 com.android.systemui/.SystemUIService}: nesting=2, inDestroying=false, app=ProcessRecord{356ced13 1057:com.android.systemui/u0a19}
01-20 15:56:01.674   807   807 V ActivityManager: <<< DONE EXECUTING ServiceRecord{35544fd8 u0 com.android.server.telecom/.TelecomService}: nesting=1, inDestroying=false, app=ProcessRecord{1d8187de 807:system/1000}
01-20 15:56:01.677   807   807 D ZenLog  : downtime: Autotrigger skipped: not in downtime
01-20 15:56:01.681   807  1431 V ActivityManager: <<< DONE EXECUTING ServiceRecord{2bb3b97 u0 com.android.systemui/.SystemUIService}: nesting=1, inDestroying=false, app=ProcessRecord{356ced13 1057:com.android.systemui/u0a19}
01-20 15:56:01.682   807   807 W ResourcesManager: Asset path '/system/framework/com.android.location.provider.jar' does not exist or contains no resources.
01-20 15:56:01.682   807   807 V ActivityManager: <<< DONE EXECUTING ServiceRecord{2ff959cd u0 com.android.location.fused/.FusedLocationService}: nesting=2, inDestroying=false, app=ProcessRecord{1d8187de 807:system/1000}
01-20 15:56:01.684   807  1295 V ActivityManager: <<< DONE EXECUTING ServiceRecord{b12f304 u0 com.android.systemui/.ImageWallpaper}: nesting=2, inDestroying=false, app=ProcessRecord{356ced13 1057:com.android.systemui/u0a19}
01-20 15:56:01.690   807  1431 V ActivityManager: <<< DONE EXECUTING ServiceRecord{b12f304 u0 com.android.systemui/.ImageWallpaper}: nesting=1, inDestroying=false, app=ProcessRecord{356ced13 1057:com.android.systemui/u0a19}
01-20 15:56:01.695   807   807 V ActivityManager: <<< DONE EXECUTING ServiceRecord{2ff959cd u0 com.android.location.fused/.FusedLocationService}: nesting=1, inDestroying=false, app=ProcessRecord{1d8187de 807:system/1000}
01-20 15:56:01.696   807   807 V ActivityManager: <<< DONE EXECUTING ServiceRecord{30f6e2df u0 android/.hardware.location.GeofenceHardwareService}: nesting=2, inDestroying=false, app=ProcessRecord{1d8187de 807:system/1000}
01-20 15:56:01.696   807   807 V ActivityManager: <<< DONE EXECUTING ServiceRecord{30f6e2df u0 android/.hardware.location.GeofenceHardwareService}: nesting=1, inDestroying=false, app=ProcessRecord{1d8187de 807:system/1000}
01-20 15:56:01.697   807   807 V WiredAccessoryManager: notifyWiredAccessoryChanged: when=0 bits= mask=54
01-20 15:56:01.697   807   807 V WiredAccessoryManager: newName=h2w newState=0 headsetState=0 prev headsetState=0
01-20 15:56:01.697   807   807 V WiredAccessoryManager: init()
01-20 15:56:01.699   807  1263 V ActivityManager: <<< DONE EXECUTING ServiceRecord{180001fd u0 com.android.printspooler/.model.PrintSpoolerService}: nesting=2, inDestroying=false, app=ProcessRecord{2e79cd7b 1478:com.android.printspooler/u0a55}
01-20 15:56:01.708   807  1139 I StatusBarManagerService: registerStatusBar bar=com.android.internal.statusbar.IStatusBar$Stub$Proxy@b17c3d6
01-20 15:56:01.723   807  1391 V ActivityManager: <<< DONE EXECUTING ServiceRecord{180001fd u0 com.android.printspooler/.model.PrintSpoolerService}: nesting=1, inDestroying=false, app=ProcessRecord{2e79cd7b 1478:com.android.printspooler/u0a55}
01-20 15:56:01.752   807  1391 V ActivityManager: <<< DONE EXECUTING ServiceRecord{2e1b2534 u0 com.android.inputmethod.latin/.LatinIME}: nesting=2, inDestroying=false, app=ProcessRecord{1099a6d1 1226:com.android.inputmethod.latin/u0a44}
01-20 15:56:01.766   807  1139 I am_create_service: [0,954590518,.EmptyService,10003,1253]
01-20 15:56:01.769   807  1509 V ActivityManager: <<< DONE EXECUTING ServiceRecord{38e5e536 u0 com.android.providers.calendar/.EmptyService}: nesting=2, inDestroying=false, app=ProcessRecord{aa95f09 1253:com.android.providers.calendar/u0a3}
01-20 15:56:01.775   807  1391 V ActivityManager: <<< DONE EXECUTING ServiceRecord{38e5e536 u0 com.android.providers.calendar/.EmptyService}: nesting=1, inDestroying=false, app=ProcessRecord{aa95f09 1253:com.android.providers.calendar/u0a3}
01-20 15:56:01.789   807  1509 V ActivityManager: <<< DONE EXECUTING ServiceRecord{2e1b2534 u0 com.android.inputmethod.latin/.LatinIME}: nesting=1, inDestroying=false, app=ProcessRecord{1099a6d1 1226:com.android.inputmethod.latin/u0a44}
01-20 15:56:01.821   807  1234 I am_proc_start: [0,1564,10037,com.android.email,broadcast,com.android.email/.service.EmailBroadcastReceiver]
01-20 15:56:01.821   807  1234 I ActivityManager: Start proc 1564:com.android.email/u0a37 for broadcast com.android.email/.service.EmailBroadcastReceiver
01-20 15:56:01.849   807  1263 I am_proc_bound: [0,1564,com.android.email]
01-20 15:56:01.885   807   807 V BackupManagerService: Connected to transport ComponentInfo{android/com.android.internal.backup.LocalTransportService}
01-20 15:56:01.885   807   807 V BackupManagerService: Registering transport android/com.android.internal.backup.LocalTransportService::android/com.android.internal.backup.LocalTransport = android.app.backup.BackupTransport$TransportImpl@2396a65d
01-20 15:56:01.886   807   807 I backup_transport_lifecycle: [android/com.android.internal.backup.LocalTransportService,1]
01-20 15:56:01.894   807  1561 I dvm_lock_sample: [system_server,0,callActivityManagerForStrictMode,58,ThreadGroup.java,716,-,716,11]
01-20 15:56:01.940   807  1258 I am_proc_start: [0,1604,10061,com.android.smspush,service,com.android.smspush/.WapPushManager]
01-20 15:56:01.941   807  1258 I ActivityManager: Start proc 1604:com.android.smspush/u0a61 for service com.android.smspush/.WapPushManager
01-20 15:56:01.941   807   807 V ActivityManager: <<< DONE EXECUTING ServiceRecord{86bfe52 u0 com.android.server.telecom/.BluetoothPhoneService}: nesting=2, inDestroying=false, app=ProcessRecord{1d8187de 807:system/1000}
01-20 15:56:01.941   807   807 V ActivityManager: <<< DONE EXECUTING ServiceRecord{86bfe52 u0 com.android.server.telecom/.BluetoothPhoneService}: nesting=1, inDestroying=false, app=ProcessRecord{1d8187de 807:system/1000}
01-20 15:56:01.944   807   807 I notification_cancel: [10019,1057,com.android.systemui,100,low_battery,-1,0,64,8,NULL]
01-20 15:56:01.971   807   807 I notification_cancel: [10031,1140,com.android.calendar,0,NULL,0,0,64,8,NULL]
01-20 15:56:01.971   807   807 I notification_cancel: [10031,1140,com.android.calendar,1,NULL,0,0,64,8,NULL]
01-20 15:56:01.971   807   807 I notification_cancel: [10031,1140,com.android.calendar,2,NULL,0,0,64,8,NULL]
01-20 15:56:01.971   807   807 I notification_cancel: [10031,1140,com.android.calendar,3,NULL,0,0,64,8,NULL]
01-20 15:56:01.971   807   807 I notification_cancel: [10031,1140,com.android.calendar,4,NULL,0,0,64,8,NULL]
01-20 15:56:01.971   807   807 I notification_cancel: [10031,1140,com.android.calendar,5,NULL,0,0,64,8,NULL]
01-20 15:56:01.972   807   807 I notification_cancel: [10031,1140,com.android.calendar,6,NULL,0,0,64,8,NULL]
01-20 15:56:01.972   807   807 I notification_cancel: [10031,1140,com.android.calendar,7,NULL,0,0,64,8,NULL]
01-20 15:56:01.972   807   807 I notification_cancel: [10031,1140,com.android.calendar,8,NULL,0,0,64,8,NULL]
01-20 15:56:01.972   807   807 I notification_cancel: [10031,1140,com.android.calendar,9,NULL,0,0,64,8,NULL]
01-20 15:56:01.972   807   807 I notification_cancel: [10031,1140,com.android.calendar,10,NULL,0,0,64,8,NULL]
01-20 15:56:01.972   807   807 I notification_cancel: [10031,1140,com.android.calendar,11,NULL,0,0,64,8,NULL]
01-20 15:56:01.972   807   807 I notification_cancel: [10031,1140,com.android.calendar,12,NULL,0,0,64,8,NULL]
01-20 15:56:01.972   807   807 I notification_cancel: [10031,1140,com.android.calendar,13,NULL,0,0,64,8,NULL]
01-20 15:56:01.972   807   807 I notification_cancel: [10031,1140,com.android.calendar,14,NULL,0,0,64,8,NULL]
01-20 15:56:01.972   807   807 I notification_cancel: [10031,1140,com.android.calendar,15,NULL,0,0,64,8,NULL]
01-20 15:56:01.972   807   807 I notification_cancel: [10031,1140,com.android.calendar,16,NULL,0,0,64,8,NULL]
01-20 15:56:01.972   807   807 I notification_cancel: [10031,1140,com.android.calendar,17,NULL,0,0,64,8,NULL]
01-20 15:56:01.972   807   807 I notification_cancel: [10031,1140,com.android.calendar,18,NULL,0,0,64,8,NULL]
01-20 15:56:01.972   807   807 I notification_cancel: [10031,1140,com.android.calendar,19,NULL,0,0,64,8,NULL]
01-20 15:56:01.972   807   807 I notification_cancel: [10031,1140,com.android.calendar,20,NULL,0,0,64,8,NULL]
01-20 15:56:01.990   807  1449 I am_proc_bound: [0,1604,com.android.smspush]
01-20 15:56:01.991   807  1449 I am_create_service: [0,957225690,.WapPushManager,10061,1604]
01-20 15:56:01.997   807   981 E ConnectivityService: Failed to find Messenger in unregisterNetworkFactory
01-20 15:56:01.998   807   981 D ConnectivityService: Got NetworkFactory Messenger for Telephony
01-20 15:56:02.040   807  1263 I am_proc_start: [0,1636,10047,com.android.music,broadcast,com.android.music/.MediaButtonIntentReceiver]
01-20 15:56:02.040   807  1263 I ActivityManager: Start proc 1636:com.android.music/u0a47 for broadcast com.android.music/.MediaButtonIntentReceiver
01-20 15:56:02.040   807  1431 I dvm_lock_sample: [system_server,1,Binder_B,24,ActivityManagerService.java,15335,BroadcastQueue.java,542,4]
01-20 15:56:02.041   807  1263 V ActivityManager: <<< DONE EXECUTING ServiceRecord{390e1ada u0 com.android.smspush/.WapPushManager}: nesting=2, inDestroying=false, app=ProcessRecord{28c03de8 1604:com.android.smspush/u0a61}
01-20 15:56:02.044   807  1431 V ActivityManager: <<< DONE EXECUTING ServiceRecord{390e1ada u0 com.android.smspush/.WapPushManager}: nesting=1, inDestroying=false, app=ProcessRecord{28c03de8 1604:com.android.smspush/u0a61}
01-20 15:56:02.047   807   823 I am_create_service: [0,390864428,.TelephonyDebugService,1001,1422]
01-20 15:56:02.051   807  1038 I am_proc_bound: [0,1636,com.android.music]
01-20 15:56:02.073   807  1391 I am_destroy_service: [0,518676093,1140]
01-20 15:56:02.077   807  1509 V ActivityManager: <<< DONE EXECUTING ServiceRecord{1eea5e7d u0 com.android.calendar/.alerts.AlertService}: nesting=1, inDestroying=true, app=ProcessRecord{297640a5 1140:com.android.calendar/u0a31}
01-20 15:56:02.080  1455  1455 I am_on_resume_called: [0,com.android.launcher2.Launcher]
01-20 15:56:02.086   807   976 D WifiService: New client listening to asynchronous messages
01-20 15:56:02.096   807  1234 V WindowManager: Based on layer: Adding window Window{4a964db u0 com.android.launcher/com.android.launcher2.Launcher} at 0 of 1
01-20 15:56:02.097  1422  1422 I gsm_service_state_change: [1,1,3,3]
01-20 15:56:02.115   807  1238 I am_proc_start: [0,1663,10038,com.android.exchange,service,com.android.exchange/.service.EasService]
01-20 15:56:02.115   807  1238 I ActivityManager: Start proc 1663:com.android.exchange/u0a38 for service com.android.exchange/.service.EasService
01-20 15:56:02.116   807  1139 I dvm_lock_sample: [system_server,1,Binder_4,19,ActivityManagerService.java,6293,-,15317,3]
01-20 15:56:02.119   807  1295 I am_create_service: [0,634352567,.MediaPlaybackService,10047,1636]
01-20 15:56:02.129  1564  1673 D ActivityThread: Loading provider com.android.email.provider;com.android.email.notifier: com.android.email.provider.EmailProvider
01-20 15:56:02.131   807  1391 I force_gc: Binder
01-20 15:56:02.143   807  1238 I am_proc_bound: [0,1663,com.android.exchange]
01-20 15:56:02.143   807   931 I netstats_mobile_sample: [0,0,0,0,0,0,0,0,0,0,0,0,-1]
01-20 15:56:02.144   807   931 I netstats_wifi_sample: [0,0,0,0,0,0,0,0,0,0,0,0,-1]
01-20 15:56:02.144   807  1238 I am_create_service: [0,174102085,.EasService,10038,1663]
01-20 15:56:02.180   807   807 I am_proc_start: [0,1689,1001,com.motorola.service.ims,broadcast,com.motorola.service.ims/.DeviceBoot]
01-20 15:56:02.180   807   807 I ActivityManager: Start proc 1689:com.motorola.service.ims/1001 for broadcast com.motorola.service.ims/.DeviceBoot
01-20 15:56:02.196   807  1234 D ConnectivityService: listenForNetwork for NetworkRequest [ id=2, legacyType=-1, [] ]
01-20 15:56:02.207   807  1258 I am_create_service: [0,484600685,.EmailBroadcastProcessorService,10037,1564]
01-20 15:56:02.213   807   824 V ActivityManager: <<< DONE EXECUTING ServiceRecord{1ce26b6d u0 com.android.email/.service.EmailBroadcastProcessorService}: nesting=2, inDestroying=false, app=ProcessRecord{819cbbf 1564:com.android.email/u0a37}
01-20 15:56:02.214   807   824 V ActivityManager: <<< DONE EXECUTING ServiceRecord{1ce26b6d u0 com.android.email/.service.EmailBroadcastProcessorService}: nesting=1, inDestroying=false, app=ProcessRecord{819cbbf 1564:com.android.email/u0a37}
01-20 15:56:02.222   807  1234 I am_proc_bound: [0,1689,com.motorola.service.ims]
01-20 15:56:02.224   807  1391 I am_create_service: [0,911456307,.EmailIntentService,10037,1564]
01-20 15:56:02.229   807  1449 I am_destroy_service: [0,484600685,1564]
01-20 15:56:02.239   807   849 I am_activity_launch_time: [0,743978323,com.android.launcher/com.android.launcher2.Launcher,792,792]
01-20 15:56:02.249   807  1391 V ActivityManager: <<< DONE EXECUTING ServiceRecord{3653b833 u0 com.android.email/.EmailIntentService}: nesting=2, inDestroying=false, app=ProcessRecord{819cbbf 1564:com.android.email/u0a37}
01-20 15:56:02.249   807  1391 V ActivityManager: <<< DONE EXECUTING ServiceRecord{3653b833 u0 com.android.email/.EmailIntentService}: nesting=1, inDestroying=false, app=ProcessRecord{819cbbf 1564:com.android.email/u0a37}
01-20 15:56:02.249   807  1391 V ActivityManager: <<< DONE EXECUTING ServiceRecord{1ce26b6d u0 com.android.email/.service.EmailBroadcastProcessorService}: nesting=1, inDestroying=true, app=ProcessRecord{819cbbf 1564:com.android.email/u0a37}
01-20 15:56:02.258   807  1431 I notification_cancel_all: [10037,1564,com.android.email,0,0,64,9,NULL]
01-20 15:56:02.260   807  1449 I am_destroy_service: [0,911456307,1564]
01-20 15:56:02.261   807  1295 V ActivityManager: <<< DONE EXECUTING ServiceRecord{3653b833 u0 com.android.email/.EmailIntentService}: nesting=1, inDestroying=true, app=ProcessRecord{819cbbf 1564:com.android.email/u0a37}
01-20 15:56:02.277  1689  1689 W ResourcesManager: Asset path '/system/framework/rcsservice.jar' does not exist or contains no resources.
01-20 15:56:02.278  1689  1689 W ResourcesManager: Asset path '/system/framework/rcsimssettings.jar' does not exist or contains no resources.
01-20 15:56:02.278  1689  1689 W ResourcesManager: Asset path '/system/framework/com.motorola.ims.rcsmanager.jar' does not exist or contains no resources.
01-20 15:56:02.281   807  1258 V ActivityManager: <<< DONE EXECUTING ServiceRecord{174c1e2c u0 com.android.phone/.TelephonyDebugService}: nesting=2, inDestroying=false, app=ProcessRecord{c1c4b59 1422:com.android.phone/1001}
01-20 15:56:02.281   807  1258 V ActivityManager: <<< DONE EXECUTING ServiceRecord{174c1e2c u0 com.android.phone/.TelephonyDebugService}: nesting=1, inDestroying=false, app=ProcessRecord{c1c4b59 1422:com.android.phone/1001}
01-20 15:56:02.285   807   976 D WifiService: New client listening to asynchronous messages
01-20 15:56:02.346   807  1391 V ActivityManager: <<< DONE EXECUTING ServiceRecord{25cf73b7 u0 com.android.music/.MediaPlaybackService}: nesting=2, inDestroying=false, app=ProcessRecord{33dec4a1 1636:com.android.music/u0a47}
01-20 15:56:02.347   807  1139 V ActivityManager: <<< DONE EXECUTING ServiceRecord{25cf73b7 u0 com.android.music/.MediaPlaybackService}: nesting=1, inDestroying=false, app=ProcessRecord{33dec4a1 1636:com.android.music/u0a47}
01-20 15:56:02.350  1422  1422 I gsm_service_state_change: [3,3,1,1]
01-20 15:56:02.372  1564  1673 I dvm_lock_sample: [com.android.email,0,AsyncTask #1,94,EmailProvider.java,478,SQLiteConnection.java,-2,18]
--------- beginning of main
01-20 15:56:02.387   370   370 I mm-camera: mct_stream_destroy: Stream [0x2000f] destroyed successfully
01-20 15:56:02.387   370  1774 I mm-camera: mct_pipeline_stop_session_thread: Stop module name: sensor - E
01-20 15:56:02.387   370  1774 I mm-camera-sensor: module_sensor_stop_session:1173 session 2
01-20 15:56:02.388   370  1775 I mm-camera: mct_pipeline_stop_session_thread: Stop module name: iface - E
01-20 15:56:02.388   370  1776 I mm-camera: mct_pipeline_stop_session_thread: Stop module name: isp - E
01-20 15:56:02.388   370  1776 E mm-camera-isp2: isp_module_stop_session:327 session id 2
01-20 15:56:02.390   370  1775 I mm-camera: mct_pipeline_stop_session_thread: Stop module name: iface - X
01-20 15:56:02.390   370  1776 E mm-camera-isp2: tintless40_algo_stop_session:755 failed: tintless40_algo_params 0x0
01-20 15:56:02.390   370  1776 E mm-camera-isp2: isp_algo_stop_session:134 failed: stop_session_func tintless
01-20 15:56:02.391   370  1776 I mm-camera: mct_pipeline_stop_session_thread: Stop module name: isp - X
01-20 15:56:02.392  1663  1663 I Exchange: EasService.onCreate
01-20 15:56:02.393   370  1777 I mm-camera: mct_pipeline_stop_session_thread: Stop module name: stats - E
01-20 15:56:02.393   370  1777 I mm-camera: stats_module_stop_session: list =0xb5836330, remove port =0xb588e040 name=stats_sink from module=0xb674b160, name=stats
01-20 15:56:02.393   370  1777 I mm-camera: stats_module_stop_session: 1 port =0xb588e040 name=stats_sink 
01-20 15:56:02.393   370  1777 I mm-camera: stats_module_stop_session: 2 port =0xb588e040 name=stats_sink 
01-20 15:56:02.394   807   981 D ConnectivityService: unregisterNetworkFactory for Telephony
01-20 15:56:02.395   807   981 D ConnectivityService: Got NetworkFactory Messenger for Telephony
01-20 15:56:02.395   370  1778 I mm-camera: mct_pipeline_stop_session_thread: Stop module name: pproc - E
01-20 15:56:02.396   370  1777 E mm-camera: gyro_module_stop_session: Enter
01-20 15:56:02.396   370  1777 E mm-camera: gyro_port_deinit: Deinit DSPS
01-20 15:56:02.396   370   370 E mm-camera: mct_pipeline_stop_session: left modules: 5
01-20 15:56:02.396   370   370 E mm-camera: mct_pipeline_stop_session: left modules: 4
01-20 15:56:02.396   370  1781 I mm-camera: mct_pipeline_stop_session_thread: Stop module name: imglib - E
01-20 15:56:02.396   370  1781 I mm-camera: mct_pipeline_stop_session_thread: Stop module name: imglib - X
01-20 15:56:02.396   370   370 E mm-camera: mct_pipeline_stop_session: left modules: 3
01-20 15:56:02.397   370  1777 E mm-camera: gyro_port_deinit: DSPS deinited
01-20 15:56:02.397   370  1777 E mm-camera: gyro_module_stop_session: Exit successful
01-20 15:56:02.397   370  1777 I mm-camera: stats_module_stop_session: 3 port =0xb588e040 name=stats_sink 
01-20 15:56:02.397   370  1777 I mm-camera: mct_pipeline_stop_session_thread: Stop module name: stats - X
01-20 15:56:02.397   370   370 E mm-camera: mct_pipeline_stop_session: left modules: 2
01-20 15:56:02.398   370  1778 E mm-camera: c2d_module_stop_session:353, info: stopping session 2 ...
01-20 15:56:02.399   370  1745 E mm-camera: c2d_thread_process_pipe_message:792, C2D_THREAD_MSG_ABORT: c2d_thread exiting..
01-20 15:56:02.399   370  1778 E mm-camera: c2d_module_stop_session:398, info: session 2 stopped.
01-20 15:56:02.401   370  1778 E cac2    :  [cac2latency] cac2_destroy_buffers: 1 ms 
01-20 15:56:02.401   370  1778 I mm-camera: mct_pipeline_stop_session_thread: Stop module name: pproc - X
01-20 15:56:02.401   370   370 E mm-camera: mct_pipeline_stop_session: left modules: 1
01-20 15:56:02.404   807  1258 V ActivityManager: <<< DONE EXECUTING ServiceRecord{a609645 u0 com.android.exchange/.service.EasService}: nesting=3, inDestroying=false, app=ProcessRecord{2eb72781 1663:com.android.exchange/u0a38}
01-20 15:56:02.405   807  1234 V ActivityManager: <<< DONE EXECUTING ServiceRecord{a609645 u0 com.android.exchange/.service.EasService}: nesting=2, inDestroying=false, app=ProcessRecord{2eb72781 1663:com.android.exchange/u0a38}
01-20 15:56:02.407   807  1507 V ActivityManager: <<< DONE EXECUTING ServiceRecord{a609645 u0 com.android.exchange/.service.EasService}: nesting=1, inDestroying=false, app=ProcessRecord{2eb72781 1663:com.android.exchange/u0a38}
01-20 15:56:02.410  1663  1784 I Exchange: RestartPingTask
01-20 15:56:02.412   807  1263 W ActivityManager: Unable to start service Intent { cmp=com.android.email/.service.AttachmentService } U=0: not found
01-20 15:56:02.418   807  1238 W ActivityManager: Unable to start service Intent { cmp=com.android.email/.service.AttachmentService } U=0: not found
01-20 15:56:02.436   807   843 I boot_progress_enable_screen: 17622
01-20 15:56:02.438   807   843 I am_create_service: [0,125846969,.KeyguardService,10019,1057]
01-20 15:56:02.438   807   843 V KeyguardServiceDelegate: *** Keyguard started
01-20 15:56:02.438   807   843 I screen_toggled: 1
01-20 15:56:02.438   807   843 W KeyguardServiceDelegate: onScreenTurnedOn(): no keyguard service!
01-20 15:56:02.450  1564  1788 I Email   : Observing account changes for notifications
01-20 15:56:02.462  1422  1422 D PhoneApp: Radio technology switched. Now CDMA (0) is active.
01-20 15:56:02.464  1422  1422 D CallNotifier: CallNotifier: mSignalInfoToneGenerator created when toneplay
01-20 15:56:02.471  1422  1422 D MccTable: updateMccMncConfiguration mccmnc='00000' fromServiceState=true
01-20 15:56:02.472  1422  1422 D MccTable: updateMccMncConfiguration defaultMccMnc=
01-20 15:56:02.472  1422  1422 D MccTable: updateMccMncConfiguration: mcc=0, mnc=0
01-20 15:56:02.472  1422  1422 D MccTable: WIFI_COUNTRY_CODE set to 
01-20 15:56:02.472   807   823 I WifiService: WifiService trying to set country code to  with persist set to true
01-20 15:56:02.472   807   823 E WifiStateMachine: Ignoring resetting of country code
01-20 15:56:02.480   807  1391 V ActivityManager: <<< DONE EXECUTING ServiceRecord{a609645 u0 com.android.exchange/.service.EasService}: nesting=1, inDestroying=false, app=ProcessRecord{2eb72781 1663:com.android.exchange/u0a38}
01-20 15:56:02.480  1663  1663 I Exchange: RestartPingsTask did not start any pings.
01-20 15:56:02.480  1663  1663 I Exchange: PSS stopIfIdle
01-20 15:56:02.480  1663  1663 I Exchange: PSS has no active accounts; stopping service.
01-20 15:56:02.480   807   823 I am_destroy_service: [0,174102085,1663]
01-20 15:56:02.481  1663  1663 I Exchange: onDestroy
01-20 15:56:02.481   807  1509 V ActivityManager: <<< DONE EXECUTING ServiceRecord{a609645 u0 com.android.exchange/.service.EasService}: nesting=1, inDestroying=true, app=ProcessRecord{2eb72781 1663:com.android.exchange/u0a38}
01-20 15:56:02.498  1455  1536 W ResourceType: No package identifier when getting value for resource number 0x00000000
01-20 15:56:02.499  1455  1536 W ResourceType: No package identifier when getting value for resource number 0x00000000
01-20 15:56:02.499  1455  1536 W PackageManager: Failure retrieving resources for com.qualcomm.qti.ims.tests: Resource ID #0x0
01-20 15:56:02.499  1455  1536 W ResourceType: No package identifier when getting value for resource number 0x00000000
01-20 15:56:02.499  1455  1536 W PackageManager: Failure retrieving resources for com.qualcomm.qti.ims.tests: Resource ID #0x0
01-20 15:56:02.542   370  1759 I mm-camera-sensor: ois_thread:512 done : ois initialization
01-20 15:56:02.590   370  1760 E mm-camera-sensor: Got some events
01-20 15:56:02.590   370  1774 I mm-camera: mct_pipeline_stop_session_thread: Stop module name: sensor - X
01-20 15:56:02.590   370  1760 I mm-camera-sensor: sensor_thread_func:154 sensor_thread_func:Sensor thread is exiting
01-20 15:56:02.590   370   370 E mm-camera: mct_pipeline_stop_session: left modules: 0
01-20 15:56:02.590   370   370 I mm-camera: mct_pipeline_stop_session - X
01-20 15:56:02.590   370   370 I mm-camera: mct_pipeline_destroy E: session:2 
01-20 15:56:02.590   370   370 I mm-camera: mct_pipeline_destroy X: Pipeline destroyed successfully
01-20 15:56:02.590   370   370 I mm-camera: mct_controller_destroy: X Successfully closed mct_controller
01-20 15:56:02.591   354  1218 D QCamera3HWI: static int32_t qcamera::QCamera3HardwareInterface::lookupFwkName(const qcamera::QCamera3HardwareInterface::QCameraMap*, int, int): Cannot find matching framework type
01-20 15:56:02.591   354  1218 D QCamera3HWI: static int32_t qcamera::QCamera3HardwareInterface::lookupFwkName(const qcamera::QCamera3HardwareInterface::QCameraMap*, int, int): Cannot find matching framework type
01-20 15:56:02.591   354  1218 D QCamera3HWI: static int32_t qcamera::QCamera3HardwareInterface::lookupFwkName(const qcamera::QCamera3HardwareInterface::QCameraMap*, int, int): Cannot find matching framework type
01-20 15:56:02.591   354  1218 D QCamera3HWI: static int32_t qcamera::QCamera3HardwareInterface::lookupFwkName(const qcamera::QCamera3HardwareInterface::QCameraMap*, int, int): Cannot find matching framework type
01-20 15:56:02.591   354  1218 D QCamera3HWI: static int32_t qcamera::QCamera3HardwareInterface::lookupFwkName(const qcamera::QCamera3HardwareInterface::QCameraMap*, int, int): Cannot find matching framework type
01-20 15:56:02.591   354  1218 D QCamera3HWI: static int32_t qcamera::QCamera3HardwareInterface::lookupFwkName(const qcamera::QCamera3HardwareInterface::QCameraMap*, int, int): Cannot find matching framework type
01-20 15:56:02.591   354  1218 D QCamera3HWI: static int32_t qcamera::QCamera3HardwareInterface::lookupFwkName(const qcamera::QCamera3HardwareInterface::QCameraMap*, int, int): Cannot find matching framework type
01-20 15:56:02.591   354  1218 D QCamera3HWI: static int32_t qcamera::QCamera3HardwareInterface::lookupFwkName(const qcamera::QCamera3HardwareInterface::QCameraMap*, int, int): Cannot find matching framework type
01-20 15:56:02.591   354  1218 D QCamera3HWI: static int32_t qcamera::QCamera3HardwareInterface::lookupFwkName(const qcamera::QCamera3HardwareInterface::QCameraMap*, int, int): Cannot find matching framework type
01-20 15:56:02.591   354  1218 D QCamera3HWI: static int32_t qcamera::QCamera3HardwareInterface::lookupFwkName(const qcamera::QCamera3HardwareInterface::QCameraMap*, int, int): Cannot find matching framework type
01-20 15:56:02.592   370   370 I mm-camera: mct_controller_new: Creating new mct_controller with session-id 3
01-20 15:56:02.592   370  1792 I mm-camera-sensor: module_sensor_start_session:1115 session 3
01-20 15:56:02.592   370  1794 E mm-camera-isp2: isp_module_start_session:169 session id 3
01-20 15:56:02.593   370  1798 E mm-camera-img: module_imglib_start_session:1449 ###Img_Loglevel 0
01-20 15:56:02.601   370  1796 E mm-camera: gyro_module_start_session: Enter
01-20 15:56:02.601   370  1796 E mm-camera: gyro_port_init: Init DSPS
01-20 15:56:02.608   370  1792 E mm-camera-sensor: module_sensor_init_session:839 Sensor path (null) name ar0261
01-20 15:56:02.609   370  1792 I mm-camera-sensor: sensor_set_position:1703 Position ID: 1
01-20 15:56:02.609   370  1792 I mm-camera-sensor: sensor_set_mode:1734 Sensor Mode ID: 1
01-20 15:56:02.609   370  1792 I mm-camera-sensor: eeprom_load_library:721 eeprom_load_library lib_name libmmcamera_ar0261_eeprom.so
01-20 15:56:02.620   370  1796 E mm-camera: gyro_port_init: DSPS inited
01-20 15:56:02.623   370  1796 E mm-camera: gyro_module_start_session: Exit successful
01-20 15:56:02.623   370  1796 E mm-camera: gyro_module_get_port: Exit successful
01-20 15:56:02.627   807   841 D GpsLocationProvider: received SIM realted action: 
01-20 15:56:02.628  1689  1689 D RcsService: [DeviceBoot] ACTION_SIM_STATE_CHANGED INTENT_KEY_ICC_STATE=ABSENT
01-20 15:56:02.629   807   841 D GpsLocationProvider: SIM MCC/MNC is still not available
01-20 15:56:02.631  1689  1689 I art     : System.exit called, status: 0
01-20 15:56:02.632  1689  1689 I AndroidRuntime: VM exiting with result code 0, cleanup skipped.
01-20 15:56:02.640   370  1797 E mm-camera: c2d_module_start_session:260, info: starting session 3
01-20 15:56:02.640   370  1809 E mm-camera: c2d_thread_func:42: c2d_thread entering the polling loop...
01-20 15:56:02.640   370  1797 E mm-camera: c2d_module_start_session:308, info: c2d_thread created.
01-20 15:56:02.641   370  1797 E mm-camera: c2d_module_start_session:337, info: session 3 started.
01-20 15:56:02.641   370  1810 E libaprpmem: 
01-20 15:56:02.641   370  1810 E libaprpmem:  Ion allocation success virtaddr : ret=3021496320 fd=40 heapid=33554432
01-20 15:56:02.643   370  1810 E libaprpmem: 
01-20 15:56:02.643   370  1810 E libaprpmem:  Ion allocation success virtaddr : ret=3018211328 fd=35 heapid=33554432
01-20 15:56:02.645   370  1810 E libaprpmem: 
01-20 15:56:02.645   370  1810 E libaprpmem:  Ion allocation success virtaddr : ret=3011620864 fd=42 heapid=33554432
01-20 15:56:02.650   807   807 D GpsLocationProvider: received SIM realted action: 
01-20 15:56:02.652   370  1810 E libaprpmem: 
01-20 15:56:02.652   370  1810 E libaprpmem:  Ion allocation success virtaddr : ret=3008167936 fd=43 heapid=33554432
01-20 15:56:02.653   807   807 D GpsLocationProvider: SIM MCC/MNC is still not available
01-20 15:56:02.655   370  1810 E libaprpmem: 
01-20 15:56:02.655   370  1810 E libaprpmem:  Ion allocation success virtaddr : ret=3001266176 fd=44 heapid=33554432
01-20 15:56:02.658   370  1810 E libaprpmem: 
01-20 15:56:02.658   370  1810 E libaprpmem:  Ion allocation success virtaddr : ret=2997813248 fd=45 heapid=33554432
01-20 15:56:02.659   370  1810 E libaprpmem: 
01-20 15:56:02.659   370  1810 E libaprpmem:  Ion allocation success virtaddr : ret=2994360320 fd=46 heapid=33554432
01-20 15:56:02.674  1422  1422 I Telephony: PstnIncomingCallNotifier: Registering: Handler (com.android.internal.telephony.cdma.CDMALTEPhone) {1ce683ad}
01-20 15:56:02.705   807  1295 I ActivityManager: Process com.motorola.service.ims (pid 1689) has died
01-20 15:56:02.705   807  1295 I am_proc_died: [0,1689,com.motorola.service.ims]
01-20 15:56:02.705   807  1295 I am_broadcast_discard_app: [0,389037066,android.intent.action.SIM_STATE_CHANGED,0,ResolveInfo{b90cc7b com.motorola.service.ims/.DeviceBoot p=103 m=0x108000}]
01-20 15:56:02.706   358   358 E QC-QMI  : qmi_qmux_open_connection: connection is disabled for conn_id=21
01-20 15:56:02.706   358   358 E QC-QMI  : qmi_qmux_tx_msg: failed to open inactive connd_id=21
01-20 15:56:02.706   358   358 E QC-QMI  : qmi_qmux: TX failed, connection inactive or in reset, conn_id=21, status_flags=4
01-20 15:56:02.706   358   358 E QC-QMI  : qmi_ctl_tx_msg: qmi_qmux_tx_msg failed
01-20 15:56:02.706   358   358 E QC-QMI  : qmi_ctl_handle_request: qmi_ctl_tx_msg call failed
01-20 15:56:02.708   371   371 I ServiceManager: Waiting for service AtCmdFwd...
01-20 15:56:02.760   370  1792 I mm-camera-sensor: module_sensor_init_session:1015 Success
01-20 15:56:02.760   370  1792 E mm-camera-sensor: module_sensor_start_session:1149 SUCCESS
01-20 15:56:02.760   370   370 E mm-camera-sensor: module_sensor_query_mod:4462 led flash is not supported for this sensor.
01-20 15:56:02.760   370   370 E mm-camera-sensor: chromatix_load_library:51 libchromatix_ar0261_preview.so
01-20 15:56:02.764   370   370 E mm-camera-sensor: chromatix_load_library:51 libchromatix_ar0261_preview.so
01-20 15:56:02.764   370   370 E mm-camera-sensor: chromatix_load_library:51 libchromatix_ar0261_cpp.so
01-20 15:56:02.767   370   370 E mm-camera-sensor: chromatix_load_library:51 libchromatix_ar0261_common.so
01-20 15:56:02.769   370   370 E mm-camera-sensor: eeprom_do_chroma_calibration:579 turn on Cal wb(1) ls(1) dp(1)
01-20 15:56:02.769   370   370 I mm-camera-sensor: module_module_set_session_data:4744 max delay 2 report delay 1
01-20 15:56:02.769   370   370 E mm-camera: Tuning lib open failed: dlopen failed: library "libmmcamera_tuning.so" not found
01-20 15:56:02.769   370   370 I mm-camera: mct_pipeline_process_set:command=800000a
01-20 15:56:02.769   370   370 I mm-camera: mct_pipeline_process_set:command=8000012
01-20 15:56:02.769   370   370 I mm-camera: mct_stream_start_link: Starting session stream linking
01-20 15:56:02.769   370   370 E mm-camera-sensor: port_sensor_caps_reserve:84 session id doesn't match
01-20 15:56:02.769   370   370 E mm-camera-sensor: port_sensor_caps_reserve:84 session id doesn't match
01-20 15:56:02.769   370   370 I mm-camera-sensor: port_sensor_caps_reserve:148 ide 3000f stream type 10 w*h 0*0
01-20 15:56:02.769   370   370 I mm-camera-sensor: port_sensor_ext_link_func:210 ide 3000f
01-20 15:56:02.769   370   370 E mm-camera-isp2: isp_port_check_caps_reserve:711 port 0xb6749d60 ide 3000f type 10 dim 0 0
01-20 15:56:02.770   370   370 E mm-camera: module_afs_port_check_caps_reserve:1296] acquire port
01-20 15:56:02.770   370   370 E mm-camera: int_link = 0xb676e700
01-20 15:56:02.770   370   370 E mm-camera: module_afs_port_check_caps_reserve:1296] acquire port
01-20 15:56:02.770   370   370 E mm-camera: cpp_module_tnr_init:524, error: Not supported hardware version
01-20 15:56:02.770   370   370 E mm-camera: 
01-20 15:56:02.770   370   370 E mm-camera: c2d_port_check_caps_reserve:77, identity=0x3000f
01-20 15:56:02.770   370   370 E mm-camera: c2d_port_check_caps_reserve:137, identity=0x3000f, reserved
01-20 15:56:02.771   370   370 E mm-camera: c2d_module_notify_add_stream:1349, info: success, identity=0x3000f
01-20 15:56:02.771   370   370 E mm-camera: pproc_port_add_modules_to_stream:687] X rc: 1
01-20 15:56:02.771   370   370 E mm-camera: c2d_port_check_caps_reserve:77, identity=0x3000f
01-20 15:56:02.771   370   370 E mm-camera: c2d_port_check_caps_reserve:137, identity=0x3000f, reserved
01-20 15:56:02.771   370   370 E mm-camera-isp2: isp_port_check_caps_unreserve:807 ide 3000f port 0xb6749dc0
01-20 15:56:02.771   370   370 E mm-camera-isp2: isp_handler_destroy_stream_param:1616 num_streams 0
01-20 15:56:02.771   370   370 E mm-camera: stats_port_check_caps_reserve: Invalid Port capability type!
01-20 15:56:02.771   370   370 E mm-camera-isp2: isp_port_check_caps_unreserve:807 ide 3000f port 0xb6749e20
01-20 15:56:02.771   370   370 E mm-camera-isp2: isp_handler_destroy_stream_param:1616 num_streams 0
01-20 15:56:02.771   370   370 E mm-camera: stats_port_check_caps_reserve: Invalid Port capability type!
01-20 15:56:02.771   370   370 E mm-camera-isp2: isp_port_check_caps_unreserve:807 ide 3000f port 0xb6749e80
01-20 15:56:02.771   370   370 E mm-camera-isp2: isp_handler_destroy_stream_param:1616 num_streams 0
01-20 15:56:02.788   370  1818 E mm-camera-sensor: module_sensor_query_mod:4462 led flash is not supported for this sensor.
01-20 15:56:02.788   370  1818 E mm-camera-sensor: eeprom_do_chroma_calibration:579 turn on Cal wb(1) ls(1) dp(1)
01-20 15:56:02.788   370  1818 I mm-camera: mct_pipeline_populate_query_cap_buffer: totalram = -1180512256, freeram = -1987870720 
01-20 15:56:02.789   370  1818 I mm-camera: mct_pipeline_process_set:command=800000b
01-20 15:56:02.789   370  1818 E mm-camera: mct_pipeline_get_stream: stream not found in the list
01-20 15:56:02.789   370  1818 E mm-camera: mct_pipeline_process_set:1804: Couldn't find stream id: 0
01-20 15:56:02.789   370   370 I mm-camera: mct_controller_destroy: Initiating destroy sequence
01-20 15:56:02.792   370  1819 I mm-camera: mct_bus_handler_thread_run: Force Exit
01-20 15:56:02.792   370   370 I mm-camera: mct_controller_destroy: bus_handler thread closed
01-20 15:56:02.792   370   370 I mm-camera: mct_pipeline_stop_session - E
01-20 15:56:02.792   370   370 I mm-camera: mct_pipeline_process_set:command=800000b
01-20 15:56:02.792   370   370 I mm-camera: mct_pipeline_process_set: stream_type = 10, streamid 15
01-20 15:56:02.792   370   370 I mm-camera: mct_stream_destroy: Destroying stream [0x3000f] of type 10
01-20 15:56:02.792   370   370 I mm-camera-sensor: port_sensor_unlink_func:232 ide 3000f
01-20 15:56:02.792   370   370 I mm-camera-sensor: port_sensor_caps_unreserve:201 ide 3000f
01-20 15:56:02.793   370   370 E mm-camera: iface_ext_unlink_src_port: mct stream already removed from hw stream
01-20 15:56:02.793   370   370 E mm-camera-isp2: isp_port_check_caps_unreserve:807 ide 3000f port 0xb6749d60
01-20 15:56:02.793   370   370 E mm-camera-isp2: isp_handler_destroy_stream_param:1616 num_streams 0
01-20 15:56:02.793   370   370 E mm-camera-isp2: isp_port_unlink:614 failed: hw_stream 3
01-20 15:56:02.793   370   370 E mm-camera-isp2: isp_port_unlink:631 failed: isp_port_unlink
01-20 15:56:02.793   370   370 E mm-camera-isp2: isp_port_check_caps_unreserve:807 ide 3000f port 0xb6749dc0
01-20 15:56:02.793   370   370 E mm-camera-isp2: isp_handler_destroy_stream_param:1616 num_streams 0
01-20 15:56:02.793   370   370 I mm-camera: pproc_port_sink_check_caps_unreserve:1174] E
01-20 15:56:02.793   370   370 E mm-camera: module_afs_port_check_caps_unreserve:1373] 
01-20 15:56:02.793   370   370 E mm-camera: module_afs_port_check_caps_unreserve:1381] destroy client
01-20 15:56:02.793   370   370 E mm-camera: module_cac_port_check_caps_unreserve:1206] E port cac_d2_i0, identity 0x3000f, dir 2
01-20 15:56:02.793   370   370 E mm-camera: module_cac_port_check_caps_unreserve:1236] X
01-20 15:56:02.793   370   370 E mm-camera: module_cac_port_check_caps_unreserve:1206] E port cac_d1_i0, identity 0x3000f, dir 1
01-20 15:56:02.793   370   370 E mm-camera: module_cac_port_check_caps_unreserve:1236] X
01-20 15:56:02.795   370   370 E mm-camera: c2d_port_check_caps_unreserve:164, identity=0x3000f
01-20 15:56:02.795   370   370 E mm-camera: c2d_port_check_caps_unreserve:174, identity=0x3000f, unreserved
01-20 15:56:02.796   370   370 I mm-camera: pproc_port_sink_check_caps_unreserve:1227] X rc: 1
01-20 15:56:02.796   370   370 E mm-camera: c2d_port_check_caps_unreserve:164, identity=0x3000f
01-20 15:56:02.796   370   370 E mm-camera: c2d_port_check_caps_unreserve:174, identity=0x3000f, unreserved
01-20 15:56:02.796   370   370 E mm-camera: module_faceproc_port_check_caps_unreserve:1420] E id 3000f
01-20 15:56:02.796   370   370 E mm-camera-img: faceproc_save_album:987] Error No album 
01-20 15:56:02.796   370   370 E mm-camera-img: faceproc_comp_eng_destroy: Album save failed -1
01-20 15:56:02.796   370   370 E mm-camera: module_faceproc_port_check_caps_unreserve:1507] ref_cnt 0 X
01-20 15:56:02.796   370   370 I mm-camera: q3a_thread_aecawb_stop:395 MSG_STOP_THREAD
01-20 15:56:02.797   370   370 E mm-camera-isp2: isp_port_check_caps_unreserve:807 ide 3000f port 0xb6749ee0
01-20 15:56:02.797   370   370 E mm-camera-isp2: isp_handler_destroy_stream_param:1616 num_streams 0
01-20 15:56:02.797   370   370 E mm-camera-isp2: isp_util_get_session_stream_param_from_type:5033 failed: l_stream_params 0x0 for stream type 10
01-20 15:56:02.797   370   370 I AEC_PORT: aec_port_check_caps_unreserve: E
01-20 15:56:02.797   370   370 I AEC_PORT: aec_port_check_caps_unreserve: X
01-20 15:56:02.797   370   370 I mm-camera: awb_port_check_caps_unreserve: E
01-20 15:56:02.797   370   370 I mm-camera: awb_port_check_caps_unreserve: X
01-20 15:56:02.797   370   370 I mm-camera: af_port_check_caps_unreserve: E
01-20 15:56:02.797   370   370 I mm-camera: af_port_check_caps_unreserve: X
01-20 15:56:02.797   370   370 D mm-camera: stats_port_delete_reserved_stream:2127: going to NULL peer
01-20 15:56:02.797   370   370 I mm-camera: mct_stream_destroy: Stream [0x3000f] destroyed successfully
01-20 15:56:02.797   370  1822 I mm-camera: mct_pipeline_stop_session_thread: Stop module name: sensor - E
01-20 15:56:02.797   370  1822 I mm-camera-sensor: module_sensor_stop_session:1173 session 3
01-20 15:56:02.797   370  1823 I mm-camera: mct_pipeline_stop_session_thread: Stop module name: iface - E
01-20 15:56:02.798   370  1823 I mm-camera: mct_pipeline_stop_session_thread: Stop module name: iface - X
01-20 15:56:02.798   370  1824 I mm-camera: mct_pipeline_stop_session_thread: Stop module name: isp - E
01-20 15:56:02.798   370  1825 I mm-camera: mct_pipeline_stop_session_thread: Stop module name: stats - E
01-20 15:56:02.798   370  1825 I mm-camera: stats_module_stop_session: list =0xb67839c0, remove port =0xb6785a00 name=stats_sink from module=0xb674b160, name=stats
01-20 15:56:02.798   370  1825 I mm-camera: stats_module_stop_session: 1 port =0xb6785a00 name=stats_sink 
01-20 15:56:02.798   370  1825 I mm-camera: stats_module_stop_session: 2 port =0xb6785a00 name=stats_sink 
01-20 15:56:02.798   370  1826 I mm-camera: mct_pipeline_stop_session_thread: Stop module name: pproc - E
01-20 15:56:02.798   370  1824 E mm-camera-isp2: isp_module_stop_session:327 session id 3
01-20 15:56:02.799   370  1827 I mm-camera: mct_pipeline_stop_session_thread: Stop module name: imglib - E
01-20 15:56:02.799   370   370 E mm-camera: mct_pipeline_stop_session: left modules: 5
01-20 15:56:02.800   370  1827 I mm-camera: mct_pipeline_stop_session_thread: Stop module name: imglib - X
01-20 15:56:02.800   370   370 E mm-camera: mct_pipeline_stop_session: left modules: 4
01-20 15:56:02.800   370  1825 E mm-camera: gyro_module_stop_session: Enter
01-20 15:56:02.800   370  1825 E mm-camera: gyro_port_deinit: Deinit DSPS
01-20 15:56:02.801   370  1824 E mm-camera-isp2: tintless40_algo_stop_session:755 failed: tintless40_algo_params 0x0
01-20 15:56:02.801   370  1824 E mm-camera-isp2: isp_algo_stop_session:134 failed: stop_session_func tintless
01-20 15:56:02.802   370  1824 I mm-camera: mct_pipeline_stop_session_thread: Stop module name: isp - X
01-20 15:56:02.802   370   370 E mm-camera: mct_pipeline_stop_session: left modules: 3
01-20 15:56:02.802   370  1826 E mm-camera: c2d_module_stop_session:353, info: stopping session 3 ...
01-20 15:56:02.802   370  1825 E mm-camera: gyro_port_deinit: DSPS deinited
01-20 15:56:02.802   370  1825 E mm-camera: gyro_module_stop_session: Exit successful
01-20 15:56:02.802   370  1809 E mm-camera: c2d_thread_process_pipe_message:792, C2D_THREAD_MSG_ABORT: c2d_thread exiting..
01-20 15:56:02.802   370  1825 I mm-camera: stats_module_stop_session: 3 port =0xb6785a00 name=stats_sink 
01-20 15:56:02.802   370  1825 I mm-camera: mct_pipeline_stop_session_thread: Stop module name: stats - X
01-20 15:56:02.802   370   370 E mm-camera: mct_pipeline_stop_session: left modules: 2
01-20 15:56:02.803   370  1826 E mm-camera: c2d_module_stop_session:398, info: session 3 stopped.
01-20 15:56:02.803   370  1826 E cac2    :  [cac2latency] cac2_destroy_buffers: 0 ms 
01-20 15:56:02.804   370  1826 I mm-camera: mct_pipeline_stop_session_thread: Stop module name: pproc - X
01-20 15:56:02.804   370   370 E mm-camera: mct_pipeline_stop_session: left modules: 1
01-20 15:56:02.816  1253  1253 I CalendarProvider2: Sending notification intent: Intent { act=android.intent.action.PROVIDER_CHANGED dat=content://com.android.calendar }
01-20 15:56:02.816  1253  1253 W ContentResolver: Failed to get type for: content://com.android.calendar (Unknown URL content://com.android.calendar)
01-20 15:56:02.819  1140  1140 D AlertReceiver: onReceive: a=android.intent.action.PROVIDER_CHANGED Intent { act=android.intent.action.PROVIDER_CHANGED dat=content://com.android.calendar flg=0x10 cmp=com.android.calendar/.alerts.AlertReceiver }
01-20 15:56:02.819   807  1258 I am_destroy_service: [0,954590518,1253]
01-20 15:56:02.821   807  1391 I am_create_service: [0,756464280,.AlertService,10031,1140]
01-20 15:56:02.821   807  1139 V ActivityManager: <<< DONE EXECUTING ServiceRecord{38e5e536 u0 com.android.providers.calendar/.EmptyService}: nesting=1, inDestroying=true, app=ProcessRecord{aa95f09 1253:com.android.providers.calendar/u0a3}
01-20 15:56:02.824   807  1509 V ActivityManager: <<< DONE EXECUTING ServiceRecord{2d16ba98 u0 com.android.calendar/.alerts.AlertService}: nesting=2, inDestroying=false, app=ProcessRecord{297640a5 1140:com.android.calendar/u0a31}
01-20 15:56:02.824  1140  1828 D AlertService: 0 Action = android.intent.action.PROVIDER_CHANGED
01-20 15:56:02.829   807  1234 V ActivityManager: <<< DONE EXECUTING ServiceRecord{2d16ba98 u0 com.android.calendar/.alerts.AlertService}: nesting=1, inDestroying=false, app=ProcessRecord{297640a5 1140:com.android.calendar/u0a31}
01-20 15:56:02.855   370  1822 I mm-camera: mct_pipeline_stop_session_thread: Stop module name: sensor - X
01-20 15:56:02.855   370  1812 E mm-camera-sensor: Got some events
01-20 15:56:02.855   370  1812 I mm-camera-sensor: sensor_thread_func:154 sensor_thread_func:Sensor thread is exiting
01-20 15:56:02.855   370   370 E mm-camera: mct_pipeline_stop_session: left modules: 0
01-20 15:56:02.855   370   370 I mm-camera: mct_pipeline_stop_session - X
01-20 15:56:02.855   370   370 I mm-camera: mct_pipeline_destroy E: session:3 
01-20 15:56:02.855   370   370 I mm-camera: mct_pipeline_destroy X: Pipeline destroyed successfully
01-20 15:56:02.855   370   370 I mm-camera: mct_controller_destroy: X Successfully closed mct_controller
01-20 15:56:02.855   354   354 D QCamera3HWI: static int32_t qcamera::QCamera3HardwareInterface::lookupFwkName(const qcamera::QCamera3HardwareInterface::QCameraMap*, int, int): Cannot find matching framework type
01-20 15:56:02.855   354   354 D QCamera3HWI: static int32_t qcamera::QCamera3HardwareInterface::lookupFwkName(const qcamera::QCamera3HardwareInterface::QCameraMap*, int, int): Cannot find matching framework type
01-20 15:56:02.855   354   354 D QCamera3HWI: static int32_t qcamera::QCamera3HardwareInterface::lookupFwkName(const qcamera::QCamera3HardwareInterface::QCameraMap*, int, int): Cannot find matching framework type
01-20 15:56:02.855   354   354 D QCamera3HWI: static int32_t qcamera::QCamera3HardwareInterface::lookupFwkName(const qcamera::QCamera3HardwareInterface::QCameraMap*, int, int): Cannot find matching framework type
01-20 15:56:02.855   354   354 D QCamera3HWI: static int32_t qcamera::QCamera3HardwareInterface::lookupFwkName(const qcamera::QCamera3HardwareInterface::QCameraMap*, int, int): Cannot find matching framework type
01-20 15:56:02.855   354   354 D QCamera3HWI: static int32_t qcamera::QCamera3HardwareInterface::lookupFwkName(const qcamera::QCamera3HardwareInterface::QCameraMap*, int, int): Cannot find matching framework type
01-20 15:56:02.855   354   354 D QCamera3HWI: static int32_t qcamera::QCamera3HardwareInterface::lookupFwkName(const qcamera::QCamera3HardwareInterface::QCameraMap*, int, int): Cannot find matching framework type
01-20 15:56:02.855   354   354 D QCamera3HWI: static int32_t qcamera::QCamera3HardwareInterface::lookupFwkName(const qcamera::QCamera3HardwareInterface::QCameraMap*, int, int): Cannot find matching framework type
01-20 15:56:02.855   354   354 D QCamera3HWI: static int32_t qcamera::QCamera3HardwareInterface::lookupFwkName(const qcamera::QCamera3HardwareInterface::QCameraMap*, int, int): Cannot find matching framework type
01-20 15:56:02.855   354   354 D QCamera3HWI: static int32_t qcamera::QCamera3HardwareInterface::lookupFwkName(const qcamera::QCamera3HardwareInterface::QCameraMap*, int, int): Cannot find matching framework type
01-20 15:56:02.890  1057  1833 D BluetoothAdapter: 428281140: getState() :  mService = null. Returning STATE_OFF
01-20 15:56:02.890  1057  1833 D BluetoothAdapter: 428281140: getState() :  mService = null. Returning STATE_OFF
01-20 15:56:02.890  1057  1833 D BluetoothAdapter: 428281140: getState() :  mService = null. Returning STATE_OFF
01-20 15:56:02.890  1057  1833 D BluetoothAdapter: 428281140: getState() :  mService = null. Returning STATE_OFF
01-20 15:56:02.904  1057  1836 D OpenGLRenderer: Use EGL_SWAP_BEHAVIOR_PRESERVED: true
01-20 15:56:02.907  1057  1057 D Atlas   : Validating map...
01-20 15:56:02.911  1057  1057 D PhoneStatusBar: disable: < EXPAND* icons alerts system_info BACK* HOME* RECENT* clock SEARCH* >
01-20 15:56:02.938  1057  1057 D BluetoothAdapter: 428281140: getState() :  mService = null. Returning STATE_OFF
01-20 15:56:02.938  1057  1057 D BluetoothAdapter: 428281140: getState() :  mService = null. Returning STATE_OFF
01-20 15:56:02.946  1057  1057 D PhoneStatusBar: heads up is enabled
01-20 15:56:02.954   807   807 I notification_cancel: [10019,1057,com.android.systemui,100,low_battery,-1,0,64,8,NULL]
01-20 15:56:02.955  1057  1057 I Choreographer: Skipped 75 frames!  The application may be doing too much work on its main thread.
01-20 15:56:02.958  1057  1057 D ViewRootImpl: changeCanvasOpacity: opaque=true
01-20 15:56:02.964  1455  1660 W OpenGLRenderer: Incorrectly called buildLayer on View: ShortcutAndWidgetContainer, destroying layer...
01-20 15:56:02.964  1455  1660 W OpenGLRenderer: Incorrectly called buildLayer on View: ShortcutAndWidgetContainer, destroying layer...
01-20 15:56:02.964  1455  1660 W OpenGLRenderer: Incorrectly called buildLayer on View: ShortcutAndWidgetContainer, destroying layer...
01-20 15:56:03.004  1057  1836 I Adreno  : EGLInit: QTI Build: 12/19/14, 8f9593b, I4ce572c307
01-20 15:56:03.011  1057  1836 I OpenGLRenderer: Initialized EGL, version 1.4
01-20 15:56:03.018  1057  1836 D OpenGLRenderer: Enabling debug mode 0
01-20 15:56:03.206   358   358 E QC-QMI  : qmi_qmux_open_connection: connection is disabled for conn_id=21
01-20 15:56:03.206   358   358 E QC-QMI  : qmi_qmux_tx_msg: failed to open inactive connd_id=21
